01-29 06:14:42.641  1881  7342 W ActivityManager: Scheduling restart of crashed service com.google.android.gms/.measurement.service.MeasurementBrokerService in 1000ms for connection
01-29 06:14:42.642  1881  7342 W ActivityManager: Scheduling restart of crashed service com.google.android.gms/.chimera.GmsBoundBrokerService in 11000ms for connection
01-29 06:14:42.642  1881  7342 W ActivityManager: Scheduling restart of crashed service com.google.android.gms/.chimera.GmsApiService in 21000ms for connection
01-29 06:14:42.642  1881  7342 W ActivityManager: Scheduling restart of crashed service com.google.android.gms/.ads.identifier.service.AdvertisingIdService in 30999ms for connection
01-29 06:14:43.645  1881  2237 D CompatibilityChangeReporter: Compat change id reported: 135634846; UID 10192; state: DISABLED
01-29 06:14:43.646  1881  2237 D CompatibilityChangeReporter: Compat change id reported: 177438394; UID 10192; state: DISABLED
01-29 06:14:43.646  1881  2237 D CompatibilityChangeReporter: Compat change id reported: 135772972; UID 10192; state: DISABLED
01-29 06:14:43.646  1881  2237 D CompatibilityChangeReporter: Compat change id reported: 135754954; UID 10192; state: ENABLED
01-29 06:14:43.648  1881  2241 D CompatibilityChangeReporter: Compat change id reported: 143937733; UID 10192; state: ENABLED
01-29 06:14:43.662  1881  2241 I ActivityManager: Start proc 23944:com.google.android.gms/u0a192 for service {com.google.android.gms/com.google.android.gms.measurement.service.MeasurementBrokerService}
01-29 06:14:43.680  1881  2237 I ActivityManager: Killing 23799:com.android.vending/u0a185 (adj 905): cached idle & background restricted
01-29 06:14:43.707  1881  7337 D CompatibilityChangeReporter: Compat change id reported: 168419799; UID 10192; state: DISABLED
01-29 06:14:43.707  1881  7337 D CompatibilityChangeReporter: Compat change id reported: 273564678; UID 10192; state: DISABLED
01-29 06:14:43.715  1881  2943 D CompatibilityChangeReporter: Compat change id reported: 170503758; UID 10192; state: ENABLED
01-29 06:14:43.742  1881  2943 W ActivityManager: Scheduling restart of crashed service com.android.vending/com.google.android.finsky.installservice.DevTriggeredUpdateService in 1000ms for connection
01-29 06:14:43.742  1881  2943 W ActivityManager: Scheduling restart of crashed service com.android.vending/com.google.android.finsky.billing.iab.InAppBillingService in 10999ms for connection
01-29 06:14:43.743  1881  2943 W ActivityManager: Scheduling restart of crashed service com.android.vending/com.google.android.finsky.externalreferrer.GetInstallReferrerService in 20999ms for connection
01-29 06:14:43.744  1881  2214 D DisplayManagerService: Drop pending events for gone uid 10185
01-29 06:14:44.220  1881  6598 I ActivityManager: Flag disabled. Ignoring finishAttachApplication from uid: 10192. pid: 23944
01-29 06:14:44.746  1881  2237 D CompatibilityChangeReporter: Compat change id reported: 135634846; UID 10185; state: DISABLED
01-29 06:14:44.746  1881  2237 D CompatibilityChangeReporter: Compat change id reported: 177438394; UID 10185; state: DISABLED
01-29 06:14:44.746  1881  2237 D CompatibilityChangeReporter: Compat change id reported: 135772972; UID 10185; state: DISABLED
01-29 06:14:44.747  1881  2237 D CompatibilityChangeReporter: Compat change id reported: 135754954; UID 10185; state: ENABLED
01-29 06:14:44.748  1881  2241 D CompatibilityChangeReporter: Compat change id reported: 143937733; UID 10185; state: ENABLED
01-29 06:14:44.762  1881  2241 I ActivityManager: Start proc 23998:com.android.vending/u0a185 for service {com.android.vending/com.google.android.finsky.installservice.DevTriggeredUpdateService}
01-29 06:14:44.809  1881  6598 D CompatibilityChangeReporter: Compat change id reported: 168419799; UID 10185; state: DISABLED
01-29 06:14:44.809  1881  6598 D CompatibilityChangeReporter: Compat change id reported: 273564678; UID 10185; state: DISABLED
01-29 06:14:44.814  1881  2491 D CompatibilityChangeReporter: Compat change id reported: 265195908; UID 10185; state: ENABLED
01-29 06:14:44.820  1881  6598 D CompatibilityChangeReporter: Compat change id reported: 170503758; UID 10185; state: ENABLED
01-29 06:14:45.000  1881  2943 D CompatibilityChangeReporter: Compat change id reported: 161145287; UID 10185; state: ENABLED
01-29 06:14:45.075  1881  7340 I ActivityManager: Flag disabled. Ignoring finishAttachApplication from uid: 10185. pid: 23998
01-29 06:14:45.201  1881  6598 D CompatibilityChangeReporter: Compat change id reported: 319212206; UID 10185; state: ENABLED
01-29 06:14:45.240  1881  6646 W ProcessStats: Tracking association SourceState{6772a43 com.android.vending/10185 Receivr #162941} whose proc state 10 is better than process ProcessState{7429adc com.google.android.gms/10192 pkg=com.google.android.gms} proc state 14 (51 skipped)
01-29 06:14:49.228  1881  6598 D CompatibilityChangeReporter: Compat change id reported: 171306433; UID 10192; state: ENABLED
01-29 06:14:49.228  1881  6598 D CompatibilityChangeReporter: Compat change id reported: 218533173; UID 10192; state: ENABLED
01-29 06:14:49.247  1881  2237 D ActivityManager: sync unfroze 15442 com.linkedin.android for 3
01-29 06:14:55.254  1881  2505 D ActivityManager: freezing 23998 com.android.vending
01-29 06:15:00.881  1881  2491 D ActivityManager: sync unfroze 13842 com.hp.android.printservice for 6
01-29 06:15:00.896  1881  2491 D ActivityManager: sync unfroze 29274 io.homeassistant.companion.android for 6
01-29 06:15:00.901  1881  2491 D ActivityManager: sync unfroze 5919 com.theswitchbot.switchbot for 6
01-29 06:15:00.908  1881  2491 D ActivityManager: sync unfroze 13855 com.tripit for 6
01-29 06:15:00.942  1881  1881 D ActivityManager: sync unfroze 22956 org.thoughtcrime.securesms for 6
01-29 06:15:00.958  1881  6598 W JobScheduler: Job didn't exist in JobStore: 9ea4599 {androidx.work.systemjobscheduler} #u0a318/544005 @androidx.work.systemjobscheduler@io.homeassistant.companion.android/androidx.work.impl.background.systemjob.SystemJobService
01-29 06:15:00.965  1881  2944 D ActivityManager: sync unfroze 28159 com.google.android.inputmethod.latin:train for 6
01-29 06:15:00.979  1881  6646 W JobScheduler: Job didn't exist in JobStore: 49bdc68 #u0a213/-1622857413 com.google.android.inputmethod.latin/com.google.android.gms.learning.internal.training.InAppJobService
01-29 06:15:00.987  1881  6598 W JobScheduler: Job didn't exist in JobStore: 55bc3f1 #u0a213/352821669 com.google.android.inputmethod.latin/com.google.android.gms.learning.internal.training.InAppJobService
01-29 06:15:01.042  1881  2943 W JobScheduler: Job didn't exist in JobStore: 5268479 #u0a325/2659 com.tripit/androidx.work.impl.background.systemjob.SystemJobService
01-29 06:15:01.515  1881  7340 W ActivityManager: Background started FGS: Disallowed [callingPackage: io.homeassistant.companion.android; callingUid: 10318; uidState: CEM ; uidBFSL: n/a; intent: Intent { act=ACTION_START_FOREGROUND cmp=io.homeassistant.companion.android/androidx.work.impl.foreground.SystemForegroundService (has extras) }; code:DENIED; tempAllowListReason:<null>; targetSdkVersion:34; callerTargetSdkVersion:34; startForegroundCount:0; bindFromPackage:null: isBindService:false]
01-29 06:15:01.515  1881  7340 W ActivityManager: startForegroundService() not allowed due to mAllowStartForeground false: service io.homeassistant.companion.android/androidx.work.impl.foreground.SystemForegroundService
01-29 06:15:02.161  1881  2491 D ActivityManager: sync unfroze 30490 com.rachio.iro for 6
01-29 06:15:02.166  1881  2491 D ActivityManager: sync unfroze 23998 com.android.vending for 6
01-29 06:15:02.170  1881  2491 W ProcessStats: Tracking association SourceState{dab98bc com.android.vending/10185 ImpBg #163028} whose proc state 6 is better than process ProcessState{cfc8d47 com.google.process.gservices/10192 pkg=com.google.android.gsf} proc state 8 (0 skipped)
01-29 06:15:02.178  1881  2491 D ActivityManager: sync unfroze 8643 com.google.android.apps.safetyhub for 6
01-29 06:15:02.186  1881  6666 D CompatibilityChangeReporter: Compat change id reported: 261072174; UID 10182; state: ENABLED
01-29 06:15:02.204  1881  2943 D CompatibilityChangeReporter: Compat change id reported: 135634846; UID 10185; state: DISABLED
01-29 06:15:02.204  1881  2943 D CompatibilityChangeReporter: Compat change id reported: 177438394; UID 10185; state: DISABLED
01-29 06:15:02.204  1881  2943 D CompatibilityChangeReporter: Compat change id reported: 135772972; UID 10185; state: DISABLED
01-29 06:15:02.205  1881  2943 D CompatibilityChangeReporter: Compat change id reported: 135754954; UID 10185; state: ENABLED
01-29 06:15:02.205  1881  2241 D CompatibilityChangeReporter: Compat change id reported: 143937733; UID 10185; state: ENABLED
01-29 06:15:02.215  1881  2241 I ActivityManager: Start proc 24178:com.android.vending:background/u0a185 for service {com.android.vending/com.google.frameworks.client.data.android.server.play.BackgroundProcessEndpointService}
01-29 06:15:02.233  1881  7340 D CompatibilityChangeReporter: Compat change id reported: 168419799; UID 10185; state: DISABLED
01-29 06:15:02.233  1881  7340 D CompatibilityChangeReporter: Compat change id reported: 273564678; UID 10185; state: DISABLED
01-29 06:15:02.239  1881  7340 D CompatibilityChangeReporter: Compat change id reported: 170503758; UID 10185; state: ENABLED
01-29 06:15:02.444  1881  7340 D CompatibilityChangeReporter: Compat change id reported: 161145287; UID 10185; state: ENABLED
01-29 06:15:02.451  1881  7340 I ActivityManager: Flag disabled. Ignoring finishAttachApplication from uid: 10185. pid: 24178
01-29 06:15:05.314   650 24141 I keystore2: system/security/keystore2/src/watchdog.rs:319 - Watchdog thread idle -> terminating. Have a great day.
01-29 06:15:10.986  1881  2505 D ActivityManager: freezing 13842 com.hp.android.printservice
01-29 06:15:11.000  1881  2505 D ActivityManager: freezing 28159 com.google.android.inputmethod.latin:train
01-29 06:15:11.030  1881  2505 D ActivityManager: freezing 5919 com.theswitchbot.switchbot
01-29 06:15:11.043  1881  2505 D ActivityManager: freezing 13855 com.tripit
01-29 06:15:11.091  1881  2505 D ActivityManager: freezing 15442 com.linkedin.android
01-29 06:15:11.509  1881  2505 D ActivityManager: freezing 22956 org.thoughtcrime.securesms
01-29 06:15:12.147  1881  2505 D ActivityManager: freezing 29274 io.homeassistant.companion.android
01-29 06:15:12.332  1881  2505 D ActivityManager: freezing 8643 com.google.android.apps.safetyhub
01-29 06:15:12.541  1881  2505 D ActivityManager: freezing 22168 com.google.process.gapps
01-29 06:15:12.543  1881  2505 D ActivityManager: freezing 31631 com.google.android.gms.unstable
01-29 06:15:12.545  1881  2505 D ActivityManager: freezing 31192 com.google.android.gms.ui
01-29 06:15:12.547  1881  2505 D ActivityManager: freezing 3233 com.google.android.gms.learning
01-29 06:15:12.549  1881  2505 D ActivityManager: freezing 4679 com.google.android.gms:snet
01-29 06:15:12.574  1881  2505 D ActivityManager: freezing 30490 com.rachio.iro
01-29 06:15:12.579  1881  2505 D ActivityManager: freezing 23998 com.android.vending
01-29 06:15:12.582  1881  2505 D ActivityManager: freezing 24178 com.android.vending:background
01-29 06:15:12.583  1881  2505 D ActivityManager: freezing 23944 com.google.android.gms
01-29 06:15:12.584  1881  2505 D ActivityManager: freezing 22115 com.google.process.gservices
01-29 06:15:38.999  2658  3818 D PowerUI : can't show warning due to - plugged: true status unknown: false
01-29 06:16:02.590  1881  2237 I ActivityManager: Killing 24178:com.android.vending:background/u0a185 (adj 905): cached idle & background restricted
01-29 06:16:02.592  1881  2237 I ActivityManager: Killing 23998:com.android.vending/u0a185 (adj 905): cached idle & background restricted
01-29 06:16:02.644  1881  6666 W ActivityManager: Scheduling restart of crashed service com.android.vending/com.google.frameworks.client.data.android.server.play.BackgroundProcessEndpointService in 1000ms for connection
01-29 06:16:02.659  1881  6666 W ActivityManager: Scheduling restart of crashed service com.android.vending/com.google.android.finsky.installservice.DevTriggeredUpdateService in 1000ms for connection
01-29 06:16:02.659  1881  6666 W ActivityManager: Scheduling restart of crashed service com.android.vending/com.google.android.finsky.billing.iab.InAppBillingService in 11000ms for connection
01-29 06:16:02.659  1881  6666 W ActivityManager: Scheduling restart of crashed service com.android.vending/com.google.android.finsky.externalreferrer.GetInstallReferrerService in 21000ms for connection
01-29 06:16:02.660  1881  2214 D DisplayManagerService: Drop pending events for gone uid 10185
01-29 06:16:03.665  1881  2237 D CompatibilityChangeReporter: Compat change id reported: 135634846; UID 10185; state: DISABLED
01-29 06:16:03.665  1881  2237 D CompatibilityChangeReporter: Compat change id reported: 177438394; UID 10185; state: DISABLED
01-29 06:16:03.666  1881  2237 D CompatibilityChangeReporter: Compat change id reported: 135772972; UID 10185; state: DISABLED
01-29 06:16:03.666  1881  2237 D CompatibilityChangeReporter: Compat change id reported: 135754954; UID 10185; state: ENABLED
01-29 06:16:03.667  1881  2241 D CompatibilityChangeReporter: Compat change id reported: 143937733; UID 10185; state: ENABLED
01-29 06:16:03.681  1881  2241 I ActivityManager: Start proc 24236:com.android.vending/u0a185 for service {com.android.vending/com.google.android.finsky.installservice.DevTriggeredUpdateService}
01-29 06:16:03.728  1881  6666 D CompatibilityChangeReporter: Compat change id reported: 168419799; UID 10185; state: DISABLED
01-29 06:16:03.728  1881  6666 D CompatibilityChangeReporter: Compat change id reported: 273564678; UID 10185; state: DISABLED
01-29 06:16:03.732  1881  2491 D CompatibilityChangeReporter: Compat change id reported: 265195908; UID 10185; state: ENABLED
01-29 06:16:03.736  1881  6666 D CompatibilityChangeReporter: Compat change id reported: 170503758; UID 10185; state: ENABLED
01-29 06:16:03.917  1881  7341 D CompatibilityChangeReporter: Compat change id reported: 161145287; UID 10185; state: ENABLED
01-29 06:16:03.996  1881  6598 I ActivityManager: Flag disabled. Ignoring finishAttachApplication from uid: 10185. pid: 24236
01-29 06:16:04.017  1881  6598 D ActivityManager: sync unfroze 22115 com.google.process.gservices for 7
01-29 06:16:04.035  1881  6666 D ActivityManager: sync unfroze 22168 com.google.process.gapps for 7
01-29 06:16:04.103  1881  6666 D CompatibilityChangeReporter: Compat change id reported: 319212206; UID 10185; state: ENABLED
01-29 06:16:04.172  1881  6598 D ActivityManager: sync unfroze 23944 com.google.android.gms for 4
01-29 06:16:04.173  1881  6598 W ProcessStats: Tracking association SourceState{6772a43 com.android.vending/10185 Receivr #163083} whose proc state 10 is better than process ProcessState{7429adc com.google.android.gms/10192 pkg=com.google.android.gms} proc state 14 (25 skipped)
01-29 06:16:14.142  1881  2505 D ActivityManager: freezing 22115 com.google.process.gservices
01-29 06:16:14.143  1881  2505 D ActivityManager: freezing 22168 com.google.process.gapps
01-29 06:16:14.252  1881  2505 D ActivityManager: freezing 24236 com.android.vending
01-29 06:16:29.328  1881  2505 D ActivityManager: freezing 23944 com.google.android.gms
01-29 06:16:38.999  2658  3720 D PowerUI : can't show warning due to - plugged: true status unknown: false
01-29 06:16:44.608  1881  1881 I ContentCaptureManagerService: Content capture data sharing session terminated successfully for package 'com.google.android.googlequicksearchbox'
01-29 06:16:44.686  1881  1881 I ContentCaptureManagerService: Content capture data sharing session terminated successfully for package 'com.google.android.googlequicksearchbox'
01-29 06:17:04.253  1881  2237 I ActivityManager: Killing 24236:com.android.vending/u0a185 (adj 905): cached idle & background restricted
01-29 06:17:04.323  1881  7341 W ActivityManager: Scheduling restart of crashed service com.android.vending/com.google.android.finsky.installservice.DevTriggeredUpdateService in 1000ms for connection
01-29 06:17:04.323  1881  7341 W ActivityManager: Scheduling restart of crashed service com.android.vending/com.google.android.finsky.billing.iab.InAppBillingService in 10999ms for connection
01-29 06:17:04.323  1881  7341 W ActivityManager: Scheduling restart of crashed service com.android.vending/com.google.android.finsky.externalreferrer.GetInstallReferrerService in 20999ms for connection
01-29 06:17:04.324  1881  2214 D DisplayManagerService: Drop pending events for gone uid 10185
01-29 06:17:05.327  1881  2237 D CompatibilityChangeReporter: Compat change id reported: 135634846; UID 10185; state: DISABLED
01-29 06:17:05.328  1881  2237 D CompatibilityChangeReporter: Compat change id reported: 177438394; UID 10185; state: DISABLED
01-29 06:17:05.328  1881  2237 D CompatibilityChangeReporter: Compat change id reported: 135772972; UID 10185; state: DISABLED
01-29 06:17:05.328  1881  2237 D CompatibilityChangeReporter: Compat change id reported: 135754954; UID 10185; state: ENABLED
01-29 06:17:05.330  1881  2241 D CompatibilityChangeReporter: Compat change id reported: 143937733; UID 10185; state: ENABLED
01-29 06:17:05.344  1881  2241 I ActivityManager: Start proc 24392:com.android.vending/u0a185 for service {com.android.vending/com.google.android.finsky.installservice.DevTriggeredUpdateService}
01-29 06:17:05.388  1881  7341 D CompatibilityChangeReporter: Compat change id reported: 168419799; UID 10185; state: DISABLED
01-29 06:17:05.388  1881  7341 D CompatibilityChangeReporter: Compat change id reported: 273564678; UID 10185; state: DISABLED
01-29 06:17:05.397  1881  7341 D CompatibilityChangeReporter: Compat change id reported: 170503758; UID 10185; state: ENABLED
01-29 06:17:05.637  1881  7337 I ActivityManager: Flag disabled. Ignoring finishAttachApplication from uid: 10185. pid: 24392
01-29 06:17:05.669  1881  6680 D ActivityManager: sync unfroze 22115 com.google.process.gservices for 7
01-29 06:17:05.679  1881  7341 D ActivityManager: sync unfroze 22168 com.google.process.gapps for 7
01-29 06:17:05.745  1881  6680 D CompatibilityChangeReporter: Compat change id reported: 319212206; UID 10185; state: ENABLED
01-29 06:17:05.796  1881  7337 D CompatibilityChangeReporter: Compat change id reported: 261072174; UID 10185; state: ENABLED
01-29 06:17:05.809  1881  6680 D ActivityManager: sync unfroze 23944 com.google.android.gms for 4
01-29 06:17:05.810  1881  6680 W ProcessStats: Tracking association SourceState{6772a43 com.android.vending/10185 Receivr #163118} whose proc state 10 is better than process ProcessState{7429adc com.google.android.gms/10192 pkg=com.google.android.gms} proc state 14 (5 skipped)
01-29 06:17:15.863  1881  2505 D ActivityManager: freezing 24392 com.android.vending
01-29 06:17:15.865  1881  2505 D ActivityManager: freezing 22168 com.google.process.gapps
01-29 06:17:15.865  1881  2505 D ActivityManager: freezing 22115 com.google.process.gservices
01-29 06:17:37.610  1881  2505 D ActivityManager: freezing 23944 com.google.android.gms
01-29 06:18:05.823  1881  2237 I ActivityManager: Killing 24392:com.android.vending/u0a185 (adj 905): cached idle & background restricted
01-29 06:18:05.895  1881  7337 W ActivityManager: Scheduling restart of crashed service com.android.vending/com.google.android.finsky.installservice.DevTriggeredUpdateService in 1000ms for connection
01-29 06:18:05.895  1881  7337 W ActivityManager: Scheduling restart of crashed service com.android.vending/com.google.android.finsky.billing.iab.InAppBillingService in 11000ms for connection
01-29 06:18:05.896  1881  7337 W ActivityManager: Scheduling restart of crashed service com.android.vending/com.google.android.finsky.externalreferrer.GetInstallReferrerService in 21000ms for connection
01-29 06:18:05.896  1881  2214 D DisplayManagerService: Drop pending events for gone uid 10185
01-29 06:18:06.901  1881  2237 D CompatibilityChangeReporter: Compat change id reported: 135634846; UID 10185; state: DISABLED
01-29 06:18:06.902  1881  2237 D CompatibilityChangeReporter: Compat change id reported: 177438394; UID 10185; state: DISABLED
01-29 06:18:06.902  1881  2237 D CompatibilityChangeReporter: Compat change id reported: 135772972; UID 10185; state: DISABLED
01-29 06:18:06.903  1881  2237 D CompatibilityChangeReporter: Compat change id reported: 135754954; UID 10185; state: ENABLED
01-29 06:18:06.904  1881  2241 D CompatibilityChangeReporter: Compat change id reported: 143937733; UID 10185; state: ENABLED
01-29 06:18:06.918  1881  2241 I ActivityManager: Start proc 24525:com.android.vending/u0a185 for service {com.android.vending/com.google.android.finsky.installservice.DevTriggeredUpdateService}
01-29 06:18:06.963  1881  6646 D CompatibilityChangeReporter: Compat change id reported: 168419799; UID 10185; state: DISABLED
01-29 06:18:06.963  1881  6646 D CompatibilityChangeReporter: Compat change id reported: 273564678; UID 10185; state: DISABLED
01-29 06:18:06.972  1881  6646 D CompatibilityChangeReporter: Compat change id reported: 170503758; UID 10185; state: ENABLED
01-29 06:18:07.238  1881  6635 I ActivityManager: Flag disabled. Ignoring finishAttachApplication from uid: 10185. pid: 24525
01-29 06:18:07.274  1881  6635 D ActivityManager: sync unfroze 22115 com.google.process.gservices for 7
01-29 06:18:07.308  1881  6635 D ActivityManager: sync unfroze 22168 com.google.process.gapps for 7
01-29 06:18:07.343  1881  6635 D CompatibilityChangeReporter: Compat change id reported: 319212206; UID 10185; state: ENABLED
01-29 06:18:07.383  1881  6635 D CompatibilityChangeReporter: Compat change id reported: 261072174; UID 10185; state: ENABLED
01-29 06:18:07.400  1881  6646 D ActivityManager: sync unfroze 23944 com.google.android.gms for 4
01-29 06:18:07.401  1881  6646 W ProcessStats: Tracking association SourceState{6772a43 com.android.vending/10185 Receivr #163151} whose proc state 10 is better than process ProcessState{7429adc com.google.android.gms/10192 pkg=com.google.android.gms} proc state 14 (0 skipped)
01-29 06:18:17.454  1881  2505 D ActivityManager: freezing 22168 com.google.process.gapps
01-29 06:18:17.455  1881  2505 D ActivityManager: freezing 24525 com.android.vending
01-29 06:18:17.457  1881  2505 D ActivityManager: freezing 22115 com.google.process.gservices
01-29 06:18:39.235  1881  2505 D ActivityManager: freezing 23944 com.google.android.gms
01-29 06:19:02.935  1881  3204 D ActivityManager: sync unfroze 31090 com.google.android.apps.messaging for 7
01-29 06:19:03.072  1881  2491 D ActivityManager: sync unfroze 10242 com.google.android.apps.work.clouddpc for 6
01-29 06:19:03.080  1881  2491 D ActivityManager: sync unfroze 13783 com.garmin.connectiq for 6
01-29 06:19:03.093  1881  2491 D ActivityManager: sync unfroze 3808 com.google.android.as.oss for 6
01-29 06:19:03.100  1881  2491 D ActivityManager: sync unfroze 25225 com.google.android.apps.fitness for 6
01-29 06:19:03.110  1881  2491 D ActivityManager: sync unfroze 29166 com.chibatching.worldclockwidget for 6
01-29 06:19:03.113  1881  2491 D ActivityManager: sync unfroze 24525 com.android.vending for 6
01-29 06:19:03.114  1881  2491 D ActivityManager: sync unfroze 23944 com.google.android.gms for 6
01-29 06:19:03.115  1881  2491 D ActivityManager: sync unfroze 22115 com.google.process.gservices for 6
01-29 06:19:03.116  1881  2491 W ProcessStats: Tracking association SourceState{dab98bc com.android.vending/10185 ImpBg #163185} whose proc state 6 is better than process ProcessState{cfc8d47 com.google.process.gservices/10192 pkg=com.google.android.gsf} proc state 8 (2 skipped)
01-29 06:19:03.127  1881  2491 D CompatibilityChangeReporter: Compat change id reported: 265195908; UID 10185; state: ENABLED
01-29 06:19:03.142  1881  2652 D ActivityManager: sync unfroze 3134 com.google.android.gm for 6
01-29 06:19:03.150  1881  6598 D ActivityManager: sync unfroze 28159 com.google.android.inputmethod.latin:train for 6
01-29 06:19:03.161  1881  3204 W JobScheduler: Job didn't exist in JobStore: 3148b61 #u0a213/2022759826 com.google.android.inputmethod.latin/com.google.android.gms.learning.internal.training.InAppJobService
01-29 06:19:03.168  1881  6706 W JobScheduler: Job didn't exist in JobStore: 5d96802 #u0a213/-1018740802 com.google.android.inputmethod.latin/com.google.android.gms.learning.internal.training.InAppJobService
01-29 06:19:03.200  1881  6706 W JobScheduler: Job didn't exist in JobStore: 3f4b881 #u0a430/-1013919113 com.google.android.as.oss/com.google.android.gms.learning.internal.training.InAppJobService
01-29 06:19:03.205  1881  2935 W JobScheduler: Job didn't exist in JobStore: d57ae2d #u0a430/-286677079 com.google.android.as.oss/com.google.android.gms.learning.internal.training.InAppJobService
01-29 06:19:03.326  1881  6706 D CompatibilityChangeReporter: Compat change id reported: 135634846; UID 10185; state: DISABLED
01-29 06:19:03.326  1881  6706 D CompatibilityChangeReporter: Compat change id reported: 177438394; UID 10185; state: DISABLED
01-29 06:19:03.326  1881  6706 D CompatibilityChangeReporter: Compat change id reported: 135772972; UID 10185; state: DISABLED
01-29 06:19:03.326  1881  6706 D CompatibilityChangeReporter: Compat change id reported: 135754954; UID 10185; state: ENABLED
01-29 06:19:03.326  1881  2241 D CompatibilityChangeReporter: Compat change id reported: 143937733; UID 10185; state: ENABLED
01-29 06:19:03.340  1881  2241 I ActivityManager: Start proc 24770:com.android.vending:background/u0a185 for service {com.android.vending/com.google.frameworks.client.data.android.server.play.BackgroundProcessEndpointService}
01-29 06:19:03.359  1881  1927 D CompatibilityChangeReporter: Compat change id reported: 168419799; UID 10185; state: DISABLED
01-29 06:19:03.359  1881  1927 D CompatibilityChangeReporter: Compat change id reported: 273564678; UID 10185; state: DISABLED
01-29 06:19:03.366  1881  1927 D CompatibilityChangeReporter: Compat change id reported: 170503758; UID 10185; state: ENABLED
01-29 06:19:03.692  1881  2935 D CompatibilityChangeReporter: Compat change id reported: 161145287; UID 10192; state: ENABLED
01-29 06:19:03.833  1881  1927 D CompatibilityChangeReporter: Compat change id reported: 161145287; UID 10185; state: ENABLED
01-29 06:19:03.841  1881  1927 I ActivityManager: Flag disabled. Ignoring finishAttachApplication from uid: 10185. pid: 24770
01-29 06:19:03.997  1881  2491 D CompatibilityChangeReporter: Compat change id reported: 265195908; UID 10185; state: ENABLED
01-29 06:19:13.183  1881  2505 D ActivityManager: freezing 13783 com.garmin.connectiq
01-29 06:19:13.184  1881  2505 D ActivityManager: freezing 28159 com.google.android.inputmethod.latin:train
01-29 06:19:13.206  1881  2505 D ActivityManager: freezing 3808 com.google.android.as.oss
01-29 06:19:13.255  1881  2505 D ActivityManager: freezing 10242 com.google.android.apps.work.clouddpc
01-29 06:19:13.996  1881  2505 D ActivityManager: freezing 29166 com.chibatching.worldclockwidget
01-29 06:19:13.997  1881  2505 D ActivityManager: freezing 24525 com.android.vending
01-29 06:19:13.998  1881  2505 D ActivityManager: freezing 24770 com.android.vending:background
01-29 06:19:18.922  1881  2505 D ActivityManager: freezing 23944 com.google.android.gms
01-29 06:19:18.924  1881  2505 D ActivityManager: freezing 22115 com.google.process.gservices
01-29 06:19:22.416  1881  2505 D ActivityManager: freezing 25225 com.google.android.apps.fitness
01-29 06:19:37.156  1881  2491 D ActivityManager: sync unfroze 13707 com.instagram.android for 6
01-29 06:19:38.992  2658  3728 D PowerUI : can't show warning due to - plugged: true status unknown: false
01-29 06:19:40.176  1881  2505 D ActivityManager: freezing 31090 com.google.android.apps.messaging
01-29 06:19:47.435  1881  2505 D ActivityManager: freezing 13707 com.instagram.android
01-29 06:19:55.448  1881  2505 D ActivityManager: freezing 3134 com.google.android.gm
01-29 06:20:04.013  1881  2237 I ActivityManager: Killing 24770:com.android.vending:background/u0a185 (adj 905): cached idle & background restricted
01-29 06:20:04.014  1881  2237 I ActivityManager: Killing 24525:com.android.vending/u0a185 (adj 905): cached idle & background restricted
01-29 06:20:04.063  1881  2731 W ActivityManager: Scheduling restart of crashed service com.android.vending/com.google.frameworks.client.data.android.server.play.BackgroundProcessEndpointService in 1000ms for connection
01-29 06:20:04.081  1881  2731 W ActivityManager: Scheduling restart of crashed service com.android.vending/com.google.android.finsky.installservice.DevTriggeredUpdateService in 1000ms for connection
01-29 06:20:04.081  1881  2731 W ActivityManager: Scheduling restart of crashed service com.android.vending/com.google.android.finsky.billing.iab.InAppBillingService in 11000ms for connection
01-29 06:20:04.081  1881  2731 W ActivityManager: Scheduling restart of crashed service com.android.vending/com.google.android.finsky.externalreferrer.GetInstallReferrerService in 21000ms for connection
01-29 06:20:04.082  1881  2214 D DisplayManagerService: Drop pending events for gone uid 10185
01-29 06:20:05.087  1881  2237 D CompatibilityChangeReporter: Compat change id reported: 135634846; UID 10185; state: DISABLED
01-29 06:20:05.088  1881  2237 D CompatibilityChangeReporter: Compat change id reported: 177438394; UID 10185; state: DISABLED
01-29 06:20:05.088  1881  2237 D CompatibilityChangeReporter: Compat change id reported: 135772972; UID 10185; state: DISABLED
01-29 06:20:05.088  1881  2237 D CompatibilityChangeReporter: Compat change id reported: 135754954; UID 10185; state: ENABLED
01-29 06:20:05.090  1881  2241 D CompatibilityChangeReporter: Compat change id reported: 143937733; UID 10185; state: ENABLED
01-29 06:20:05.104  1881  2241 I ActivityManager: Start proc 24869:com.android.vending/u0a185 for service {com.android.vending/com.google.android.finsky.installservice.DevTriggeredUpdateService}
01-29 06:20:05.149  1881  7341 D CompatibilityChangeReporter: Compat change id reported: 168419799; UID 10185; state: DISABLED
01-29 06:20:05.149  1881  7341 D CompatibilityChangeReporter: Compat change id reported: 273564678; UID 10185; state: DISABLED
01-29 06:20:05.155  1881  2491 D CompatibilityChangeReporter: Compat change id reported: 265195908; UID 10185; state: ENABLED
01-29 06:20:05.158  1881  7341 D CompatibilityChangeReporter: Compat change id reported: 170503758; UID 10185; state: ENABLED
01-29 06:20:05.417  1881  7341 D CompatibilityChangeReporter: Compat change id reported: 161145287; UID 10185; state: ENABLED
01-29 06:20:05.486  1881  2731 I ActivityManager: Flag disabled. Ignoring finishAttachApplication from uid: 10185. pid: 24869
01-29 06:20:05.520  1881  2731 D ActivityManager: sync unfroze 22115 com.google.process.gservices for 7
01-29 06:20:05.542  1881  1927 D ActivityManager: sync unfroze 22168 com.google.process.gapps for 7
01-29 06:20:05.617  1881  2731 D CompatibilityChangeReporter: Compat change id reported: 319212206; UID 10185; state: ENABLED
01-29 06:20:09.818  1881  2237 D ActivityManager: pid 23944 com.google.android.gms received sync transactions while frozen, killing
01-29 06:20:09.818  1881  2237 I ActivityManager: Killing 23944:com.google.android.gms/u0a192 (adj 905): Sync transaction while in frozen state
01-29 06:20:09.819  1881  2237 D ActivityManager: sync unfroze 29166 com.chibatching.worldclockwidget for 3
01-29 06:20:09.825  1881  2237 W ProcessStats: Tracking association SourceState{6772a43 com.android.vending/10185 Receivr #163357} whose proc state 10 is better than process ProcessState{7429adc com.google.android.gms/10192 pkg=com.google.android.gms} proc state 14 (87 skipped)
01-29 06:20:09.845  1881  2731 D ActivityManager: sync unfroze 31631 com.google.android.gms.unstable for 6
01-29 06:20:09.883  1881  2758 W ActivityManager: Scheduling restart of crashed service com.google.android.gms/.measurement.service.MeasurementBrokerService in 1000ms for connection
01-29 06:20:09.883  1881  2758 W ActivityManager: Scheduling restart of crashed service com.google.android.gms/.chimera.GmsBoundBrokerService in 11000ms for connection
01-29 06:20:09.883  1881  2758 W ActivityManager: Scheduling restart of crashed service com.google.android.gms/.chimera.GmsApiService in 21000ms for connection
01-29 06:20:09.883  1881  2758 W ActivityManager: Scheduling restart of crashed service com.google.android.gms/.ads.identifier.service.AdvertisingIdService in 31000ms for connection
01-29 06:20:10.720  1881  2291 D CompatibilityChangeReporter: Compat change id reported: 135634846; UID 10192; state: DISABLED
01-29 06:20:10.721  1881  2291 D CompatibilityChangeReporter: Compat change id reported: 177438394; UID 10192; state: DISABLED
01-29 06:20:10.721  1881  2291 D CompatibilityChangeReporter: Compat change id reported: 135772972; UID 10192; state: DISABLED
01-29 06:20:10.721  1881  2291 D CompatibilityChangeReporter: Compat change id reported: 135754954; UID 10192; state: ENABLED
01-29 06:20:10.723  1881  2241 D CompatibilityChangeReporter: Compat change id reported: 143937733; UID 10192; state: ENABLED
01-29 06:20:10.736  1881  2241 I ActivityManager: Start proc 24999:com.google.android.gms/u0a192 for service {com.google.android.gms/com.google.android.gms.chimera.GmsBoundBrokerService}
01-29 06:20:10.761  1881  2291 D CompatibilityChangeReporter: Compat change id reported: 168419799; UID 10192; state: DISABLED
01-29 06:20:10.761  1881  2291 D CompatibilityChangeReporter: Compat change id reported: 273564678; UID 10192; state: DISABLED
01-29 06:20:11.140  1881  2291 I ActivityManager: Flag disabled. Ignoring finishAttachApplication from uid: 10192. pid: 24999
01-29 06:20:15.959  1881  2758 D CompatibilityChangeReporter: Compat change id reported: 135634846; UID 10185; state: DISABLED
01-29 06:20:15.959  1881  2758 D CompatibilityChangeReporter: Compat change id reported: 177438394; UID 10185; state: DISABLED
01-29 06:20:15.960  1881  2758 D CompatibilityChangeReporter: Compat change id reported: 135772972; UID 10185; state: DISABLED
01-29 06:20:15.960  1881  2758 D CompatibilityChangeReporter: Compat change id reported: 135754954; UID 10185; state: ENABLED
01-29 06:20:15.960  1881  2241 D CompatibilityChangeReporter: Compat change id reported: 143937733; UID 10185; state: ENABLED
01-29 06:20:15.969  1881  2241 I ActivityManager: Start proc 25054:com.android.vending:background/u0a185 for service {com.android.vending/com.google.frameworks.client.data.android.server.play.BackgroundProcessEndpointService}
01-29 06:20:15.990  1881  2758 D CompatibilityChangeReporter: Compat change id reported: 168419799; UID 10185; state: DISABLED
01-29 06:20:15.990  1881  2758 D CompatibilityChangeReporter: Compat change id reported: 273564678; UID 10185; state: DISABLED
01-29 06:20:15.997  1881  2758 D CompatibilityChangeReporter: Compat change id reported: 170503758; UID 10185; state: ENABLED
01-29 06:20:16.207  1881  7334 D CompatibilityChangeReporter: Compat change id reported: 161145287; UID 10185; state: ENABLED
01-29 06:20:16.214  1881  7334 I ActivityManager: Flag disabled. Ignoring finishAttachApplication from uid: 10185. pid: 25054
01-29 06:20:21.690  1881  2505 D ActivityManager: freezing 22168 com.google.process.gapps
01-29 06:20:25.423  1881  2505 D ActivityManager: freezing 31631 com.google.android.gms.unstable
01-29 06:20:26.215   650 25048 I keystore2: system/security/keystore2/src/watchdog.rs:319 - Watchdog thread idle -> terminating. Have a great day.
01-29 06:20:29.857  1881  2505 D ActivityManager: freezing 25054 com.android.vending:background
01-29 06:20:29.860  1881  2505 D ActivityManager: freezing 24999 com.google.android.gms
01-29 06:20:29.862  1881  2505 D ActivityManager: freezing 29166 com.chibatching.worldclockwidget
01-29 06:20:29.864  1881  2505 D ActivityManager: freezing 24869 com.android.vending
01-29 06:20:38.994  2658  3813 D PowerUI : can't show warning due to - plugged: true status unknown: false
01-29 06:20:50.769  1881  2758 D CompatibilityChangeReporter: Compat change id reported: 161252188; UID 10192; state: DISABLED
01-29 06:20:50.786  1881  2758 D ActivityManager: sync unfroze 24999 com.google.android.gms for 4
01-29 06:20:50.787  1881  2758 W ProcessStats: Tracking association SourceState{6ab442a com.google.android.gms.persistent/10192 BFgs #163422} whose proc state 4 is better than process ProcessState{7429adc com.google.android.gms/10192 pkg=com.google.android.gms} proc state 14 (23 skipped)
01-29 06:21:09.911  1881  2237 I ActivityManager: Killing 24869:com.android.vending/u0a185 (adj 905): cached idle & background restricted
01-29 06:21:09.988  1881  7334 D ActivityManager: sync unfroze 25054 com.android.vending:background for 5
01-29 06:21:09.991  1881  7334 W ActivityManager: Scheduling restart of crashed service com.android.vending/com.google.android.finsky.installservice.DevTriggeredUpdateService in 1000ms for connection
01-29 06:21:09.991  1881  7334 W ActivityManager: Scheduling restart of crashed service com.android.vending/com.google.android.finsky.billing.iab.InAppBillingService in 11000ms for connection
01-29 06:21:09.991  1881  7334 W ActivityManager: Scheduling restart of crashed service com.android.vending/com.google.android.finsky.externalreferrer.GetInstallReferrerService in 21000ms for connection
01-29 06:21:10.997  1881  2237 D CompatibilityChangeReporter: Compat change id reported: 135634846; UID 10185; state: DISABLED
01-29 06:21:10.998  1881  2237 D CompatibilityChangeReporter: Compat change id reported: 177438394; UID 10185; state: DISABLED
01-29 06:21:10.998  1881  2237 D CompatibilityChangeReporter: Compat change id reported: 135772972; UID 10185; state: DISABLED
01-29 06:21:10.998  1881  2237 D CompatibilityChangeReporter: Compat change id reported: 135754954; UID 10185; state: ENABLED
01-29 06:21:11.000  1881  2241 D CompatibilityChangeReporter: Compat change id reported: 143937733; UID 10185; state: ENABLED
01-29 06:21:11.014  1881  2241 I ActivityManager: Start proc 25105:com.android.vending/u0a185 for service {com.android.vending/com.google.android.finsky.installservice.DevTriggeredUpdateService}
01-29 06:21:11.059  1881  7334 D CompatibilityChangeReporter: Compat change id reported: 168419799; UID 10185; state: DISABLED
01-29 06:21:11.059  1881  7334 D CompatibilityChangeReporter: Compat change id reported: 273564678; UID 10185; state: DISABLED
01-29 06:21:11.068  1881  7334 D CompatibilityChangeReporter: Compat change id reported: 170503758; UID 10185; state: ENABLED
01-29 06:21:11.246  1881  7334 D CompatibilityChangeReporter: Compat change id reported: 161145287; UID 10185; state: ENABLED
01-29 06:21:11.318  1881  7334 I ActivityManager: Flag disabled. Ignoring finishAttachApplication from uid: 10185. pid: 25105
01-29 06:21:11.348  1881  7334 D ActivityManager: sync unfroze 22168 com.google.process.gapps for 7
01-29 06:21:11.433  1881  7334 D CompatibilityChangeReporter: Compat change id reported: 319212206; UID 10185; state: ENABLED
01-29 06:21:15.889  1881  2505 D ActivityManager: freezing 24999 com.google.android.gms
01-29 06:21:20.007  1881  2505 D ActivityManager: freezing 25054 com.android.vending:background
01-29 06:21:21.446  1881  2505 D ActivityManager: freezing 25105 com.android.vending
01-29 06:21:21.448  1881  2505 D ActivityManager: freezing 22168 com.google.process.gapps
01-29 06:21:21.449  1881  2505 D ActivityManager: freezing 22115 com.google.process.gservices
01-29 06:21:38.994  2658  3804 D PowerUI : can't show warning due to - plugged: true status unknown: false
01-29 06:22:10.019  1881  2237 I ActivityManager: Killing 25054:com.android.vending:background/u0a185 (adj 905): cached idle & background restricted
01-29 06:22:11.450  1881  2237 I ActivityManager: Killing 25105:com.android.vending/u0a185 (adj 905): cached idle & background restricted
01-29 06:22:11.520  1881  7334 W ActivityManager: Scheduling restart of crashed service com.android.vending/com.google.android.finsky.installservice.DevTriggeredUpdateService in 1000ms for connection
01-29 06:22:11.520  1881  7334 W ActivityManager: Scheduling restart of crashed service com.android.vending/com.google.android.finsky.billing.iab.InAppBillingService in 11000ms for connection
01-29 06:22:11.521  1881  7334 W ActivityManager: Scheduling restart of crashed service com.android.vending/com.google.android.finsky.externalreferrer.GetInstallReferrerService in 21000ms for connection
01-29 06:22:11.521  1881  2214 D DisplayManagerService: Drop pending events for gone uid 10185
01-29 06:22:12.527  1881  2237 D CompatibilityChangeReporter: Compat change id reported: 135634846; UID 10185; state: DISABLED
01-29 06:22:12.527  1881  2237 D CompatibilityChangeReporter: Compat change id reported: 177438394; UID 10185; state: DISABLED
01-29 06:22:12.528  1881  2237 D CompatibilityChangeReporter: Compat change id reported: 135772972; UID 10185; state: DISABLED
01-29 06:22:12.528  1881  2237 D CompatibilityChangeReporter: Compat change id reported: 135754954; UID 10185; state: ENABLED
01-29 06:22:12.530  1881  2241 D CompatibilityChangeReporter: Compat change id reported: 143937733; UID 10185; state: ENABLED
01-29 06:22:12.546  1881  2241 I ActivityManager: Start proc 25244:com.android.vending/u0a185 for service {com.android.vending/com.google.android.finsky.installservice.DevTriggeredUpdateService}
01-29 06:22:12.592  1881  6677 D CompatibilityChangeReporter: Compat change id reported: 168419799; UID 10185; state: DISABLED
01-29 06:22:12.592  1881  6677 D CompatibilityChangeReporter: Compat change id reported: 273564678; UID 10185; state: DISABLED
01-29 06:22:12.597  1881  2491 D CompatibilityChangeReporter: Compat change id reported: 265195908; UID 10185; state: ENABLED
01-29 06:22:12.601  1881  7334 D CompatibilityChangeReporter: Compat change id reported: 170503758; UID 10185; state: ENABLED
01-29 06:22:12.775  1881  3188 D CompatibilityChangeReporter: Compat change id reported: 161145287; UID 10185; state: ENABLED
01-29 06:22:12.845  1881  3188 I ActivityManager: Flag disabled. Ignoring finishAttachApplication from uid: 10185. pid: 25244
01-29 06:22:12.849  1881  3188 D ActivityManager: sync unfroze 22115 com.google.process.gservices for 7
01-29 06:22:12.879  1881  3188 D ActivityManager: sync unfroze 22168 com.google.process.gapps for 7
01-29 06:22:12.907  1881  3188 D CompatibilityChangeReporter: Compat change id reported: 319212206; UID 10185; state: ENABLED
01-29 06:22:12.992  1881  3188 D CompatibilityChangeReporter: Compat change id reported: 261072174; UID 10185; state: ENABLED
01-29 06:22:13.013  1881  7334 D ActivityManager: pid 24999 com.google.android.gms received sync transactions while frozen, killing
01-29 06:22:13.013  1881  7334 I ActivityManager: Killing 24999:com.google.android.gms/u0a192 (adj 100): Sync transaction while in frozen state
01-29 06:22:13.014  1881  7334 W ProcessStats: Tracking association SourceState{6772a43 com.android.vending/10185 Receivr #163482} whose proc state 10 is better than process ProcessState{7429adc com.google.android.gms/10192 pkg=com.google.android.gms} proc state 14 (4 skipped)
01-29 06:22:13.051  1881  6680 W ActivityManager: Scheduling restart of crashed service com.google.android.gms/.measurement.service.MeasurementBrokerService in 1000ms for connection
01-29 06:22:13.051  1881  6680 W ActivityManager: Scheduling restart of crashed service com.google.android.gms/.chimera.GmsBoundBrokerService in 11000ms for connection
01-29 06:22:13.052  1881  6680 W ActivityManager: Scheduling restart of crashed service com.google.android.gms/.chimera.GmsApiService in 21000ms for connection
01-29 06:22:13.052  1881  6680 W ActivityManager: Scheduling restart of crashed service com.google.android.gms/.ads.identifier.service.AdvertisingIdService in 31000ms for connection
01-29 06:22:14.056  1881  2237 D CompatibilityChangeReporter: Compat change id reported: 135634846; UID 10192; state: DISABLED
01-29 06:22:14.057  1881  2237 D CompatibilityChangeReporter: Compat change id reported: 177438394; UID 10192; state: DISABLED
01-29 06:22:14.057  1881  2237 D CompatibilityChangeReporter: Compat change id reported: 135772972; UID 10192; state: DISABLED
01-29 06:22:14.058  1881  2237 D CompatibilityChangeReporter: Compat change id reported: 135754954; UID 10192; state: ENABLED
01-29 06:22:14.060  1881  2241 D CompatibilityChangeReporter: Compat change id reported: 143937733; UID 10192; state: ENABLED
01-29 06:22:14.073  1881  2241 I ActivityManager: Start proc 25356:com.google.android.gms/u0a192 for service {com.google.android.gms/com.google.android.gms.measurement.service.MeasurementBrokerService}
01-29 06:22:14.098  1881  7364 D CompatibilityChangeReporter: Compat change id reported: 168419799; UID 10192; state: DISABLED
01-29 06:22:14.099  1881  7364 D CompatibilityChangeReporter: Compat change id reported: 273564678; UID 10192; state: DISABLED
01-29 06:22:14.106  1881  7364 D CompatibilityChangeReporter: Compat change id reported: 170503758; UID 10192; state: ENABLED
01-29 06:22:14.232  1881  7364 D CompatibilityChangeReporter: Compat change id reported: 161145287; UID 10192; state: ENABLED
01-29 06:22:14.306  1881  7364 I ActivityManager: Flag disabled. Ignoring finishAttachApplication from uid: 10192. pid: 25356
01-29 06:22:22.980  1881  2505 D ActivityManager: freezing 22168 com.google.process.gapps
01-29 06:22:23.048  1881  2505 D ActivityManager: freezing 25244 com.android.vending
01-29 06:22:24.382  1881  2505 D ActivityManager: freezing 22115 com.google.process.gservices
01-29 06:22:33.572   650 25402 I keystore2: system/security/keystore2/src/watchdog.rs:319 - Watchdog thread idle -> terminating. Have a great day.
01-29 06:22:38.992  2658  3817 D PowerUI : can't show warning due to - plugged: true status unknown: false
01-29 06:22:44.849  1881  2505 D ActivityManager: freezing 25356 com.google.android.gms
01-29 06:23:13.049  1881  2237 I ActivityManager: Killing 25244:com.android.vending/u0a185 (adj 905): cached idle & background restricted
01-29 06:23:13.116  1881  7364 W ActivityManager: Scheduling restart of crashed service com.android.vending/com.google.android.finsky.installservice.DevTriggeredUpdateService in 1000ms for connection
01-29 06:23:13.116  1881  7364 W ActivityManager: Scheduling restart of crashed service com.android.vending/com.google.android.finsky.billing.iab.InAppBillingService in 11000ms for connection
01-29 06:23:13.116  1881  7364 W ActivityManager: Scheduling restart of crashed service com.android.vending/com.google.android.finsky.externalreferrer.GetInstallReferrerService in 21000ms for connection
01-29 06:23:13.117  1881  2214 D DisplayManagerService: Drop pending events for gone uid 10185
01-29 06:23:14.122  1881  2237 D CompatibilityChangeReporter: Compat change id reported: 135634846; UID 10185; state: DISABLED
01-29 06:23:14.123  1881  2237 D CompatibilityChangeReporter: Compat change id reported: 177438394; UID 10185; state: DISABLED
01-29 06:23:14.123  1881  2237 D CompatibilityChangeReporter: Compat change id reported: 135772972; UID 10185; state: DISABLED
01-29 06:23:14.123  1881  2237 D CompatibilityChangeReporter: Compat change id reported: 135754954; UID 10185; state: ENABLED
01-29 06:23:14.124  1881  2241 D CompatibilityChangeReporter: Compat change id reported: 143937733; UID 10185; state: ENABLED
01-29 06:23:14.137  1881  2241 I ActivityManager: Start proc 25407:com.android.vending/u0a185 for service {com.android.vending/com.google.android.finsky.installservice.DevTriggeredUpdateService}
01-29 06:23:14.183  1881  7364 D CompatibilityChangeReporter: Compat change id reported: 168419799; UID 10185; state: DISABLED
01-29 06:23:14.183  1881  7364 D CompatibilityChangeReporter: Compat change id reported: 273564678; UID 10185; state: DISABLED
01-29 06:23:14.187  1881  2491 D CompatibilityChangeReporter: Compat change id reported: 265195908; UID 10185; state: ENABLED
01-29 06:23:14.192  1881  7364 D CompatibilityChangeReporter: Compat change id reported: 170503758; UID 10185; state: ENABLED
01-29 06:23:14.378  1881  6678 D CompatibilityChangeReporter: Compat change id reported: 161145287; UID 10185; state: ENABLED
01-29 06:23:14.461  1881  6678 I ActivityManager: Flag disabled. Ignoring finishAttachApplication from uid: 10185. pid: 25407
01-29 06:23:14.469  1881  6678 D ActivityManager: sync unfroze 22115 com.google.process.gservices for 7
01-29 06:23:14.477  1881  7364 D ActivityManager: sync unfroze 22168 com.google.process.gapps for 7
01-29 06:23:14.571  1881  7364 D CompatibilityChangeReporter: Compat change id reported: 319212206; UID 10185; state: ENABLED
01-29 06:23:14.595  1881  7364 D ActivityManager: sync unfroze 25356 com.google.android.gms for 4
01-29 06:23:14.596  1881  7364 W ProcessStats: Tracking association SourceState{6772a43 com.android.vending/10185 Receivr #163534} whose proc state 10 is better than process ProcessState{7429adc com.google.android.gms/10192 pkg=com.google.android.gms} proc state 14 (2 skipped)
01-29 06:23:24.649  1881  2505 D ActivityManager: freezing 25407 com.android.vending
01-29 06:23:24.651  1881  2505 D ActivityManager: freezing 22168 com.google.process.gapps
01-29 06:23:24.652  1881  2505 D ActivityManager: freezing 22115 com.google.process.gservices
01-29 06:23:38.998  2658  3221 D PowerUI : can't show warning due to - plugged: true status unknown: false
01-29 06:23:39.713  1881  2505 D ActivityManager: freezing 25356 com.google.android.gms
01-29 06:23:43.386  1881  7353 W AppOps  : Noting op not finished: uid 10318 pkg io.homeassistant.companion.android code 1 startTime of in progress event=1738160103146
01-29 06:23:43.402  1881  7353 D CompatibilityChangeReporter: Compat change id reported: 171306433; UID 10192; state: ENABLED
