01-29 06:09:34.253  1881  2942 D CompatibilityChangeReporter: Compat change id reported: 168936375; UID 10192; state: ENABLED
01-29 06:09:34.255  1881  2942 D CompatibilityChangeReporter: Compat change id reported: 73144566; UID 10192; state: ENABLED
01-29 06:09:38.988  2658  3804 D PowerUI : can't show warning due to - plugged: true status unknown: false
01-29 06:09:44.278  1881  2942 D CompatibilityChangeReporter: Compat change id reported: 171306433; UID 10192; state: ENABLED
01-29 06:09:48.123  1881  2505 D ActivityManager: freezing 22231 com.google.android.gms
01-29 06:10:23.050  1881  2237 I ActivityManager: Killing 22431:com.android.vending/u0a185 (adj 905): cached idle & background restricted
01-29 06:10:23.121  1881  7337 W ActivityManager: Scheduling restart of crashed service com.android.vending/com.google.android.finsky.installservice.DevTriggeredUpdateService in 1000ms for connection
01-29 06:10:23.121  1881  7337 W ActivityManager: Scheduling restart of crashed service com.android.vending/com.google.android.finsky.billing.iab.InAppBillingService in 11000ms for connection
01-29 06:10:23.121  1881  7337 W ActivityManager: Scheduling restart of crashed service com.android.vending/com.google.android.finsky.externalreferrer.GetInstallReferrerService in 21000ms for connection
01-29 06:10:23.122  1881  2214 D DisplayManagerService: Drop pending events for gone uid 10185
01-29 06:10:24.127  1881  2237 D CompatibilityChangeReporter: Compat change id reported: 135634846; UID 10185; state: DISABLED
01-29 06:10:24.127  1881  2237 D CompatibilityChangeReporter: Compat change id reported: 177438394; UID 10185; state: DISABLED
01-29 06:10:24.127  1881  2237 D CompatibilityChangeReporter: Compat change id reported: 135772972; UID 10185; state: DISABLED
01-29 06:10:24.127  1881  2237 D CompatibilityChangeReporter: Compat change id reported: 135754954; UID 10185; state: ENABLED
01-29 06:10:24.129  1881  2241 D CompatibilityChangeReporter: Compat change id reported: 143937733; UID 10185; state: ENABLED
01-29 06:10:24.141  1881  2241 I ActivityManager: Start proc 22568:com.android.vending/u0a185 for service {com.android.vending/com.google.android.finsky.installservice.DevTriggeredUpdateService}
01-29 06:10:24.185  1881  7340 D CompatibilityChangeReporter: Compat change id reported: 168419799; UID 10185; state: DISABLED
01-29 06:10:24.185  1881  7340 D CompatibilityChangeReporter: Compat change id reported: 273564678; UID 10185; state: DISABLED
01-29 06:10:24.191  1881  2491 D CompatibilityChangeReporter: Compat change id reported: 265195908; UID 10185; state: ENABLED
01-29 06:10:24.194  1881  7340 D CompatibilityChangeReporter: Compat change id reported: 170503758; UID 10185; state: ENABLED
01-29 06:10:24.372  1881  7337 D CompatibilityChangeReporter: Compat change id reported: 161145287; UID 10185; state: ENABLED
01-29 06:10:24.444  1881  1927 I ActivityManager: Flag disabled. Ignoring finishAttachApplication from uid: 10185. pid: 22568
01-29 06:10:24.470  1881  7337 D ActivityManager: sync unfroze 22115 com.google.process.gservices for 7
01-29 06:10:24.486  1881  2291 D ActivityManager: sync unfroze 22168 com.google.process.gapps for 7
01-29 06:10:24.576  1881  1927 D CompatibilityChangeReporter: Compat change id reported: 319212206; UID 10185; state: ENABLED
01-29 06:10:24.610  1881  7340 D CompatibilityChangeReporter: Compat change id reported: 261072174; UID 10185; state: ENABLED
01-29 06:10:34.627  1881  2505 D ActivityManager: freezing 22568 com.android.vending
01-29 06:10:34.629  1881  2505 D ActivityManager: freezing 22168 com.google.process.gapps
01-29 06:10:34.629  1881  2505 D ActivityManager: freezing 22115 com.google.process.gservices
01-29 06:10:50.587  1881  7334 D CompatibilityChangeReporter: Compat change id reported: 161252188; UID 10192; state: DISABLED
01-29 06:10:50.614  1881  2291 D ActivityManager: pid 22231 com.google.android.gms received sync transactions while frozen, killing
01-29 06:10:50.614  1881  2291 I ActivityManager: Killing 22231:com.google.android.gms/u0a192 (adj 100): Sync transaction while in frozen state
01-29 06:10:50.616  1881  2291 W ProcessStats: Tracking association SourceState{6ab442a com.google.android.gms.persistent/10192 BFgs #162373} whose proc state 4 is better than process ProcessState{7429adc com.google.android.gms/10192 pkg=com.google.android.gms} proc state 14 (0 skipped)
01-29 06:10:50.657  1881  7334 W ActivityManager: Scheduling restart of crashed service com.google.android.gms/.measurement.service.MeasurementBrokerService in 1000ms for connection
01-29 06:10:50.657  1881  7334 W ActivityManager: Scheduling restart of crashed service com.google.android.gms/.chimera.GmsBoundBrokerService in 11000ms for connection
01-29 06:10:50.657  1881  7334 W ActivityManager: Scheduling restart of crashed service com.google.android.gms/.chimera.GmsApiService in 21000ms for connection
01-29 06:10:50.657  1881  7334 W ActivityManager: Scheduling restart of crashed service com.google.android.gms/.ads.identifier.service.AdvertisingIdService in 31000ms for connection
01-29 06:10:51.663  1881  2237 D CompatibilityChangeReporter: Compat change id reported: 135634846; UID 10192; state: DISABLED
01-29 06:10:51.663  1881  2237 D CompatibilityChangeReporter: Compat change id reported: 177438394; UID 10192; state: DISABLED
01-29 06:10:51.663  1881  2237 D CompatibilityChangeReporter: Compat change id reported: 135772972; UID 10192; state: DISABLED
01-29 06:10:51.664  1881  2237 D CompatibilityChangeReporter: Compat change id reported: 135754954; UID 10192; state: ENABLED
01-29 06:10:51.665  1881  2241 D CompatibilityChangeReporter: Compat change id reported: 143937733; UID 10192; state: ENABLED
01-29 06:10:51.678  1881  2241 I ActivityManager: Start proc 22736:com.google.android.gms/u0a192 for service {com.google.android.gms/com.google.android.gms.measurement.service.MeasurementBrokerService}
01-29 06:10:51.723  1881  7334 D CompatibilityChangeReporter: Compat change id reported: 168419799; UID 10192; state: DISABLED
01-29 06:10:51.723  1881  7334 D CompatibilityChangeReporter: Compat change id reported: 273564678; UID 10192; state: DISABLED
01-29 06:10:51.732  1881  7334 D CompatibilityChangeReporter: Compat change id reported: 170503758; UID 10192; state: ENABLED
01-29 06:10:51.866  1881  7334 D ActivityManager: sync unfroze 22115 com.google.process.gservices for 7
01-29 06:10:51.887  1881  7334 D CompatibilityChangeReporter: Compat change id reported: 161145287; UID 10192; state: ENABLED
01-29 06:10:51.966  1881  7353 I ActivityManager: Flag disabled. Ignoring finishAttachApplication from uid: 10192. pid: 22736
01-29 06:11:17.171  1881  2505 D ActivityManager: freezing 22736 com.google.android.gms
01-29 06:11:24.635  1881  2237 I ActivityManager: Killing 22568:com.android.vending/u0a185 (adj 905): cached idle & background restricted
01-29 06:11:24.712  1881  2291 W ActivityManager: Scheduling restart of crashed service com.android.vending/com.google.android.finsky.installservice.DevTriggeredUpdateService in 1000ms for connection
01-29 06:11:24.712  1881  2291 W ActivityManager: Scheduling restart of crashed service com.android.vending/com.google.android.finsky.billing.iab.InAppBillingService in 10999ms for connection
01-29 06:11:24.712  1881  2291 W ActivityManager: Scheduling restart of crashed service com.android.vending/com.google.android.finsky.externalreferrer.GetInstallReferrerService in 20999ms for connection
01-29 06:11:24.714  1881  2214 D DisplayManagerService: Drop pending events for gone uid 10185
01-29 06:11:25.718  1881  2237 D CompatibilityChangeReporter: Compat change id reported: 135634846; UID 10185; state: DISABLED
01-29 06:11:25.718  1881  2237 D CompatibilityChangeReporter: Compat change id reported: 177438394; UID 10185; state: DISABLED
01-29 06:11:25.718  1881  2237 D CompatibilityChangeReporter: Compat change id reported: 135772972; UID 10185; state: DISABLED
01-29 06:11:25.719  1881  2237 D CompatibilityChangeReporter: Compat change id reported: 135754954; UID 10185; state: ENABLED
01-29 06:11:25.720  1881  2241 D CompatibilityChangeReporter: Compat change id reported: 143937733; UID 10185; state: ENABLED
01-29 06:11:25.733  1881  2241 I ActivityManager: Start proc 22779:com.android.vending/u0a185 for service {com.android.vending/com.google.android.finsky.installservice.DevTriggeredUpdateService}
01-29 06:11:25.779  1881  2943 D CompatibilityChangeReporter: Compat change id reported: 168419799; UID 10185; state: DISABLED
01-29 06:11:25.780  1881  2943 D CompatibilityChangeReporter: Compat change id reported: 273564678; UID 10185; state: DISABLED
01-29 06:11:25.784  1881  2491 D CompatibilityChangeReporter: Compat change id reported: 265195908; UID 10185; state: ENABLED
01-29 06:11:25.789  1881  2943 D CompatibilityChangeReporter: Compat change id reported: 170503758; UID 10185; state: ENABLED
01-29 06:11:25.968  1881  2943 D CompatibilityChangeReporter: Compat change id reported: 161145287; UID 10185; state: ENABLED
01-29 06:11:26.042  1881  6680 I ActivityManager: Flag disabled. Ignoring finishAttachApplication from uid: 10185. pid: 22779
01-29 06:11:26.077  1881  2291 D ActivityManager: sync unfroze 22168 com.google.process.gapps for 7
01-29 06:11:26.154  1881  2291 D CompatibilityChangeReporter: Compat change id reported: 319212206; UID 10185; state: ENABLED
01-29 06:11:26.181  1881  2943 D CompatibilityChangeReporter: Compat change id reported: 261072174; UID 10185; state: ENABLED
01-29 06:11:26.192  1881  2291 D ActivityManager: sync unfroze 22736 com.google.android.gms for 4
01-29 06:11:26.193  1881  2291 W ProcessStats: Tracking association SourceState{6772a43 com.android.vending/10185 Receivr #162408} whose proc state 10 is better than process ProcessState{7429adc com.google.android.gms/10192 pkg=com.google.android.gms} proc state 14 (0 skipped)
01-29 06:11:36.269  1881  2505 D ActivityManager: freezing 22168 com.google.process.gapps
01-29 06:11:36.270  1881  2505 D ActivityManager: freezing 22115 com.google.process.gservices
01-29 06:11:36.270  1881  2505 D ActivityManager: freezing 22779 com.android.vending
01-29 06:11:40.220  1881  2237 D ActivityManager: sync unfroze 22115 com.google.process.gservices for 3
01-29 06:11:40.222  1881  2237 D ActivityManager: sync unfroze 22779 com.android.vending for 3
01-29 06:11:40.224  1881  2237 D ActivityManager: sync unfroze 29166 com.chibatching.worldclockwidget for 3
01-29 06:11:40.233  1881  2237 D CompatibilityChangeReporter: Compat change id reported: 135634846; UID 10276; state: DISABLED
01-29 06:11:40.233  1881  2237 D CompatibilityChangeReporter: Compat change id reported: 177438394; UID 10276; state: DISABLED
01-29 06:11:40.233  1881  2237 D CompatibilityChangeReporter: Compat change id reported: 135772972; UID 10276; state: DISABLED
01-29 06:11:40.233  1881  2237 D CompatibilityChangeReporter: Compat change id reported: 135754954; UID 10276; state: ENABLED
01-29 06:11:40.233  1881  2241 D CompatibilityChangeReporter: Compat change id reported: 143937733; UID 10276; state: ENABLED
01-29 06:11:40.236  1881  2237 D ActivityManager: sync unfroze 17241 com.google.android.googlequicksearchbox:search for 3
01-29 06:11:40.242  1881  2237 D ActivityManager: sync unfroze 5439 com.google.android.googlequicksearchbox for 10
01-29 06:11:40.246  1881  2237 W ProcessStats: Tracking association SourceState{65b6545 com.android.vending/10185 Receivr #162433} whose proc state 10 is better than process ProcessState{7429adc com.google.android.gms/10192 pkg=com.google.android.gms} proc state 14 (1 skipped)
01-29 06:11:40.248  1881  2241 I ActivityManager: Start proc 22956:org.thoughtcrime.securesms/u0a276 for broadcast {org.thoughtcrime.securesms/org.thoughtcrime.securesms.messageprocessingalarm.RoutineMessageFetchReceiver}
01-29 06:11:40.284  1881  2491 D ActivityManager: sync unfroze 14814 com.google.android.apps.turbo for 6
01-29 06:11:40.292  1881  6430 D CompatibilityChangeReporter: Compat change id reported: 168419799; UID 10276; state: DISABLED
01-29 06:11:40.293  1881  6430 D CompatibilityChangeReporter: Compat change id reported: 273564678; UID 10276; state: DISABLED
01-29 06:11:40.301  1881  2491 D ActivityManager: sync unfroze 13707 com.instagram.android for 6
01-29 06:11:40.302  1881  7340 D CompatibilityChangeReporter: Compat change id reported: 170503758; UID 10276; state: ENABLED
01-29 06:11:40.323  1881  2943 D CompatibilityChangeReporter: Compat change id reported: 135634846; UID 10185; state: DISABLED
01-29 06:11:40.323  1881  2943 D CompatibilityChangeReporter: Compat change id reported: 177438394; UID 10185; state: DISABLED
01-29 06:11:40.323  1881  2943 D CompatibilityChangeReporter: Compat change id reported: 135772972; UID 10185; state: DISABLED
01-29 06:11:40.324  1881  2943 D CompatibilityChangeReporter: Compat change id reported: 135754954; UID 10185; state: ENABLED
01-29 06:11:40.324  1881  2491 D CompatibilityChangeReporter: Compat change id reported: 265195908; UID 10276; state: ENABLED
01-29 06:11:40.324  1881  2241 D CompatibilityChangeReporter: Compat change id reported: 143937733; UID 10185; state: ENABLED
01-29 06:11:40.331  1881  2241 I ActivityManager: Start proc 22978:com.android.vending:background/u0a185 for service {com.android.vending/com.google.frameworks.client.data.android.server.play.BackgroundProcessEndpointService}
01-29 06:11:40.347  1881  2652 D ActivityManager: sync unfroze 3134 com.google.android.gm for 6
01-29 06:11:40.378  1881  6680 D CompatibilityChangeReporter: Compat change id reported: 168419799; UID 10185; state: DISABLED
01-29 06:11:40.379  1881  6680 D CompatibilityChangeReporter: Compat change id reported: 273564678; UID 10185; state: DISABLED
01-29 06:11:40.394  1881  6680 D CompatibilityChangeReporter: Compat change id reported: 170503758; UID 10185; state: ENABLED
01-29 06:11:40.488  1881  2291 D ActivityManager: sync unfroze 9183 com.binarysmith.webclipwidget.ad:reviver for 6
01-29 06:11:40.496  1881  6680 I ActivityManager: Background started FGS: Allowed [callingPackage: com.binarysmith.webclipwidget.ad; callingUid: 10236; uidState: BFGS; uidBFSL: [BFSL]; intent: Intent { act=Update cmp=com.binarysmith.webclipwidget.ad/com.binarysmith.webclipwidget.UpdateService }; code:PROC_STATE_BFGS; tempAllowListReason:<,reasonCode:SYSTEM_ALLOW_LISTED,duration:9223372036854775807,callingUid:-1>; targetSdkVersion:33; callerTargetSdkVersion:33; startForegroundCount:0; bindFromPackage:null: isBindService:false]
01-29 06:11:40.506  1881  2726 D CompatibilityChangeReporter: Compat change id reported: 170668199; UID 10236; state: ENABLED
01-29 06:11:40.507  1881  2726 W ActivityManager: Foreground service started from background can not have location/camera/microphone access: service com.binarysmith.webclipwidget.ad/com.binarysmith.webclipwidget.UpdateService
01-29 06:11:40.508  1881  2726 D CompatibilityChangeReporter: Compat change id reported: 254662522; UID 10236; state: DISABLED
01-29 06:11:40.508  1881  2726 W ActivityManager: Starting FGS with type location code=4 callerApp=ProcessRecord{b0bb71b 18737:com.binarysmith.webclipwidget.ad/u0a236} targetSDK=33 requiredPermissions=all of the permissions allOf=true [android.permission.FOREGROUND_SERVICE_LOCATION] any of the permissions allOf=false [android.permission.ACCESS_COARSE_LOCATION, android.permission.ACCESS_FINE_LOCATION]  and the app must be in the eligible state/exemptions to access the foreground only permission
01-29 06:11:40.554  1881  2726 D ActivityManager: sync unfroze 9192 com.binarysmith.webclipwidget.ad:mainService for 6
01-29 06:11:40.571  1881  2291 W JobScheduler: Job didn't exist in JobStore: 6ef231a #u0a236/489611 com.binarysmith.webclipwidget.ad/androidx.work.impl.background.systemjob.SystemJobService
01-29 06:11:40.574  1881  2291 D ActivityManager: sync unfroze 3808 com.google.android.as.oss for 6
01-29 06:11:40.640  1881  7340 D CompatibilityChangeReporter: Compat change id reported: 161145287; UID 10185; state: ENABLED
01-29 06:11:40.651  1881  7340 I ActivityManager: Flag disabled. Ignoring finishAttachApplication from uid: 10185. pid: 22978
01-29 06:11:40.693  1881  6680 D ActivityManager: sync unfroze 9439 com.google.android.as.oss:learning_bg for 6
01-29 06:11:40.711  1881  7340 W JobScheduler: Job didn't exist in JobStore: 11ebac6 #u0a430/-1269679295 com.google.android.as.oss/com.google.android.gms.learning.internal.training.InAppJobService
01-29 06:11:40.789  1881  6680 W JobScheduler: Job didn't exist in JobStore: edbb71c #u0a430/-205649338 com.google.android.as.oss/com.google.android.gms.learning.internal.training.InAppJobService
01-29 06:11:40.803  1881  7340 W JobScheduler: Job didn't exist in JobStore: a891f4c #u0a430/369941447 com.google.android.as.oss/com.google.android.gms.learning.internal.training.InAppJobService
01-29 06:11:40.830  1881  6680 D ActivityManager: sync unfroze 28159 com.google.android.inputmethod.latin:train for 6
01-29 06:11:40.844  1881  2474 W JobScheduler: Job didn't exist in JobStore: 3cee438 #u0a213/-1018740825 com.google.android.inputmethod.latin/com.google.android.gms.learning.internal.training.InAppJobService
01-29 06:11:40.855  1881  2474 W JobScheduler: Job didn't exist in JobStore: 5959ddd #u0a213/-1314051931 com.google.android.inputmethod.latin/com.google.android.gms.learning.internal.training.InAppJobService
01-29 06:11:40.867  1881  6430 W JobScheduler: Job didn't exist in JobStore: 7f294e #u0a213/-2072530107 com.google.android.inputmethod.latin/com.google.android.gms.learning.internal.training.InAppJobService
01-29 06:11:40.882  1881  2726 W JobScheduler: Job didn't exist in JobStore: ddfcb68 #u0a213/-987264619 com.google.android.inputmethod.latin/com.google.android.gms.learning.internal.training.InAppJobService
01-29 06:11:40.890  1881  2726 W JobScheduler: Job didn't exist in JobStore: 2b37b81 #u0a213/-1299275880 com.google.android.inputmethod.latin/com.google.android.gms.learning.internal.training.InAppJobService
01-29 06:11:40.897  1881  2726 W JobScheduler: Job didn't exist in JobStore: cd31426 #u0a213/-1622851685 com.google.android.inputmethod.latin/com.google.android.gms.learning.internal.training.InAppJobService
01-29 06:11:40.904  1881  3188 I DisplayDeviceRepository: Display device added: DisplayDeviceInfo{"com.binarysmith.webclipwidget.Back": uniqueId="virtual:com.binarysmith.webclipwidget.ad,10236,com.binarysmith.webclipwidget.Back,0", 1080 x 1678, modeId 20, renderFrameRate 60.0, defaultModeId 20, supportedModes [{id=20, width=1080, height=1678, fps=60.0, alternativeRefreshRates=[], supportedHdrTypes=[]}], colorMode 0, supportedColorModes [0], hdrCapabilities null, allmSupported false, gameContentTypeSupported false, density 440, 440.0 x 440.0 dpi, appVsyncOff 0, presDeadline 16666666, touch NONE, rotation 0, type VIRTUAL, deviceProductInfo null, state ON, committedState UNKNOWN, owner com.binarysmith.webclipwidget.ad (uid 10236), frameRateOverride , brightnessMinimum 0.0, brightnessMaximum 0.0, brightnessDefault 0.0, hdrSdrRatio NaN, FLAG_PRIVATE, FLAG_NEVER_BLANK, FLAG_OWN_CONTENT_ONLY, installOrientation 0, displayShape DisplayShape{ spec=1706166889 displayWidth=1080 displayHeight=1678 physicalPixelDisplaySizeRatio=1.0 rotation=0 offsetX=0 offsetY=0 scale=1.0}}
01-29 06:11:40.906  1881  3188 I LogicalDisplayMapper: Applying layout: [{dispId: 0(ON), displayGroupName: , addr: {port=129, model=0x40446d53ad64a0}, mThermalBrightnessThrottlingMapId: null, mRefreshRateZoneId: null, mLeadDisplayId: -1, mThermalRefreshRateThrottlingMapId: null}], Previous layout: [{dispId: 0(ON), displayGroupName: , addr: {port=129, model=0x40446d53ad64a0}, mThermalBrightnessThrottlingMapId: null, mRefreshRateZoneId: null, mLeadDisplayId: -1, mThermalRefreshRateThrottlingMapId: null}]
01-29 06:11:40.906  1881  3188 I LogicalDisplayMapper: Setting new display group 0 for display 19, from previous group: null
01-29 06:11:40.907  1881  3188 I LogicalDisplayMapper: Adding new display: 19: DisplayInfo{"com.binarysmith.webclipwidget.Back", displayId 19, displayGroupId 0, FLAG_PRIVATE, real 1080 x 1678, largest app 1080 x 1678, smallest app 1080 x 1678, appVsyncOff 0, presDeadline 16666666, mode 2060.0, defaultMode 20, modes [{id=20, width=1080, height=1678, fps=60.0, alternativeRefreshRates=[], supportedHdrTypes=[]}], hdrCapabilities null, userDisabledHdrTypes [], minimalPostProcessingSupported false, rotation 0, state ON, committedState UNKNOWN, type VIRTUAL, uniqueId "virtual:com.binarysmith.webclipwidget.ad,10236,com.binarysmith.webclipwidget.Back,0", app 1080 x 1678, density 440 (440.0 x 440.0) dpi, layerStack 19, colorMode 0, supportedColorModes [0], deviceProductInfo null, owner com.binarysmith.webclipwidget.ad (uid 10236), removeMode 1, refreshRateOverride 0.0, brightnessMinimum 0.0, brightnessMaximum 0.0, brightnessDefault 0.0, installOrientation ROTATION_0, layoutLimitedRefreshRate null, hdrSdrRatio not_available, thermalRefreshRateThrottling {}, thermalBrightnessThrottlingDataId default}
01-29 06:11:40.909  1881  3188 W BrightnessThrottler: DeviceConfig ThermalBrightnessThrottlingData is null
01-29 06:11:40.910  1881  3188 W DisplayPowerController2[19]: Screen brightness nits configuration is unavailable; falling back
01-29 06:11:40.976  1881  2214 I WindowManager: Override config changes=20005df8 {0.0 ?mcc0mnc ?localeList ?layoutDir sw393dp w393dp h610dp 440dpi nrml port ?uimode ?night -touch -keyb/v/h -nav/h winConfig={ mBounds=Rect(0, 0 - 1080, 1678) mAppBounds=Rect(0, 0 - 1080, 1678) mMaxBounds=Rect(0, 0 - 1080, 1678) mDisplayRotation=ROTATION_0 mWindowingMode=fullscreen mDisplayWindowingMode=fullscreen mActivityType=undefined mAlwaysOnTop=undefined mRotation=ROTATION_0} ?fontWeightAdjustment} for displayId=19
01-29 06:11:40.977  2658  2678 W DisplayController: Skipping Display Configuration change on non-added display.
01-29 06:11:40.977  1881  2214 I DisplayDevice: [19] Layerstack set to 19 for virtual:com.binarysmith.webclipwidget.ad,10236,com.binarysmith.webclipwidget.Back,0
01-29 06:11:40.984  1881  2216 D DisplayManagerService: Ignore redundant display event 19/2 to 10196/3633
01-29 06:11:40.984  1881  2216 D DisplayManagerService: Ignore redundant display event 19/2 to 10333/15299
01-29 06:11:40.984  1881  2216 D DisplayManagerService: Ignore redundant display event 19/2 to 10302/18549
01-29 06:11:40.984  1881  2216 D DisplayManagerService: Ignore redundant display event 19/2 to 10164/18914
01-29 06:11:40.984  1881  2216 D DisplayManagerService: Ignore redundant display event 19/2 to 10185/22779
01-29 06:11:40.985  1881  2216 D DisplayManagerService: Ignore redundant display event 19/2 to 10290/31407
01-29 06:11:40.990  1881  2214 V WindowManager: Content Recording: Display 19 state is now (2), so update recording?
01-29 06:11:41.077  1881  2216 W AccessibilityWindowsPopulator: The displayInfo of this displayId (0) called back from the surface fligner is null
01-29 06:11:41.123  1881  2474 D ActivityManager: sync unfroze 9247 com.google.android.webview:sandboxed_process0:org.chromium.content.app.SandboxedProcessService0:0 for 4
01-29 06:11:41.181  1881  6680 D ActivityManager: sync unfroze 17719 com.android.providers.calendar for 7
01-29 06:11:41.219   650 15828 W keystore2: system/security/keystore2/src/remote_provisioning.rs:102 - Error occurred: system/security/keystore2/src/rkpd_client.rs:226: Trying to get to IRegistration service.
01-29 06:11:41.219   650 15828 W keystore2: 
01-29 06:11:41.219   650 15828 W keystore2: Caused by:
01-29 06:11:41.219   650 15828 W keystore2:     0: system/security/keystore2/src/rkpd_client.rs:120: Trying to get IRPC name.
01-29 06:11:41.219   650 15828 W keystore2:     1: system/security/keystore2/src/globals.rs:440
01-29 06:11:41.219   650 15828 W keystore2:     2: Error::Km(r#HARDWARE_TYPE_UNAVAILABLE)
01-29 06:11:41.238  1881  7340 D CoreBackPreview: Window{dc54412 u0 com.binarysmith.webclipwidget.ad}: Setting back callback OnBackInvokedCallbackInfo{mCallback=android.window.IOnBackInvokedCallback$Stub$Proxy@41df43c, mPriority=0, mIsAnimationCallback=false}
01-29 06:11:41.297  1881  2216 W AccessibilityWindowsPopulator: The displayInfo of this displayId (0) called back from the surface fligner is null
01-29 06:11:41.461  1881  2726 I ActivityManager: Process com.microsoft.office.onenote:remote (pid 21179) has died: cch+65 CEM 
01-29 06:11:41.463  1881  2726 D CompatibilityChangeReporter: Compat change id reported: 261072174; UID 10281; state: ENABLED
01-29 06:11:41.463  1881  2726 W ActivityManager: Scheduling restart of crashed service com.microsoft.office.onenote/com.microsoft.office.BackgroundTaskHost.BackgroundTaskService in 1000ms for connection
01-29 06:11:42.465  1881  2237 D CompatibilityChangeReporter: Compat change id reported: 135634846; UID 10281; state: DISABLED
01-29 06:11:42.465  1881  2237 D CompatibilityChangeReporter: Compat change id reported: 177438394; UID 10281; state: DISABLED
01-29 06:11:42.465  1881  2237 D CompatibilityChangeReporter: Compat change id reported: 135772972; UID 10281; state: DISABLED
01-29 06:11:42.465  1881  2237 D CompatibilityChangeReporter: Compat change id reported: 135754954; UID 10281; state: ENABLED
01-29 06:11:42.466  1881  2241 D CompatibilityChangeReporter: Compat change id reported: 143937733; UID 10281; state: ENABLED
01-29 06:11:42.480  1881  2241 I ActivityManager: Start proc 23159:com.microsoft.office.onenote:remote/u0a281 for service {com.microsoft.office.onenote/com.microsoft.office.BackgroundTaskHost.BackgroundTaskService}
01-29 06:11:42.501  1881  6669 D CompatibilityChangeReporter: Compat change id reported: 168419799; UID 10281; state: DISABLED
01-29 06:11:42.501  1881  6669 D CompatibilityChangeReporter: Compat change id reported: 273564678; UID 10281; state: DISABLED
01-29 06:11:42.505  1881  6669 D CompatibilityChangeReporter: Compat change id reported: 261072174; UID 10281; state: ENABLED
01-29 06:11:42.505  1881  2491 D CompatibilityChangeReporter: Compat change id reported: 265195908; UID 10281; state: ENABLED
01-29 06:11:42.520  1881  6669 D CompatibilityChangeReporter: Compat change id reported: 170503758; UID 10281; state: ENABLED
01-29 06:11:42.520  1881  6680 I ActivityManager: Flag disabled. Ignoring finishAttachApplication from uid: 10276. pid: 22956
01-29 06:11:42.556  1881  6669 W JobScheduler: Job didn't exist in JobStore: e0a1f02 #u0a430/-1909303987 com.google.android.as.oss/com.google.android.gms.learning.internal.training.InAppJobService
01-29 06:11:42.633  1881  6680 I ActivityManager: Process com.microsoft.office.onenote (pid 1344) has died: cch+65 CEM 
01-29 06:11:42.643  1881  6680 D CompatibilityChangeReporter: Compat change id reported: 171306433; UID 10276; state: ENABLED
01-29 06:11:42.643  1881  6680 D CompatibilityChangeReporter: Compat change id reported: 226439802; UID 10276; state: ENABLED
01-29 06:11:42.644  1881  6680 D CompatibilityChangeReporter: Compat change id reported: 218533173; UID 10276; state: ENABLED
01-29 06:11:42.697  1881  3188 D CompatibilityChangeReporter: Compat change id reported: 161145287; UID 10276; state: ENABLED
01-29 06:11:42.727  1881  3188 D ActivityManager: sync unfroze 32187 android.process.acore for 7
01-29 06:11:42.735  1881  2474 I ActivityManager: Process com.google.android.apps.docs.editors.docs (pid 4485) has died: cch+25 CEM 
01-29 06:11:42.740  1881  2214 D DisplayManagerService: Drop pending events for gone uid 10293
01-29 06:11:42.760 22736 22947 E ActivityThread: Failed to find provider info for gmail-ofls
01-29 06:11:43.081 23159 23268 E ActivityThread: Failed to find provider info for com.microsoft.intune.mam.policy
01-29 06:11:43.110  1881  7340 D ActivityManager: sync unfroze 13538 com.google.android.webview:webview_service for 6
01-29 06:11:43.116  1881  7364 I ActivityManager: Process com.microsoft.office.powerpoint (pid 25457) has died: cch+65 CEM 
01-29 06:11:43.118  1881  7364 D ActivityManager: sync unfroze 25737 com.microsoft.office.powerpoint:remote for 5
01-29 06:11:43.150 23159 23300 E ActivityThread: Failed to find provider info for com.microsoft.intune.mam.policy
01-29 06:11:43.169 23159 23300 E ActivityThread: Failed to find provider info for com.microsoft.intune.mam.policy
01-29 06:11:43.171  1881  6677 I ActivityTaskManager: START u0 {flg=0x10000020 cmp=com.microsoft.windowsintune.companyportal/com.microsoft.intune.mam.agent.WakeupActivity} with LAUNCH_MULTIPLE from uid 10281 result code=-92
01-29 06:11:43.178 23159 23300 E ActivityThread: Failed to find provider info for com.microsoft.intune.mam.policy
01-29 06:11:43.188  1881  6677 D CompatibilityChangeReporter: Compat change id reported: 135634846; UID 99054; state: DISABLED
01-29 06:11:43.188  1881  6677 D CompatibilityChangeReporter: Compat change id reported: 177438394; UID 99054; state: DISABLED
01-29 06:11:43.188  1881  6677 D CompatibilityChangeReporter: Compat change id reported: 135772972; UID 99054; state: DISABLED
01-29 06:11:43.188  1881  6677 D CompatibilityChangeReporter: Compat change id reported: 135754954; UID 99054; state: ENABLED
01-29 06:11:43.188  1881  2241 D CompatibilityChangeReporter: Compat change id reported: 143937733; UID 10182; state: ENABLED
01-29 06:11:43.210  1881  2241 I ActivityManager: Start proc 23304:com.google.android.webview:sandboxed_process0:org.chromium.content.app.SandboxedProcessService0:0/u0i54 for  {com.google.android.googlequicksearchbox/org.chromium.content.app.SandboxedProcessService0:0}
01-29 06:11:43.235  1881  6677 D CompatibilityChangeReporter: Compat change id reported: 168419799; UID 10182; state: DISABLED
01-29 06:11:43.235  1881  6677 D CompatibilityChangeReporter: Compat change id reported: 273564678; UID 10182; state: DISABLED
01-29 06:11:43.281 23159 23300 E ActivityThread: Failed to find provider info for com.microsoft.intune.mam.policy
01-29 06:11:43.290  1881  2291 I ActivityManager: Flag disabled. Ignoring finishAttachApplication from uid: 99054. pid: 23304
01-29 06:11:43.308  1881  2291 D CompatibilityChangeReporter: Compat change id reported: 271850009; UID 10276; state: ENABLED
01-29 06:11:43.309  1881  2291 D CompatibilityChangeReporter: Compat change id reported: 253665015; UID 10276; state: ENABLED
01-29 06:11:43.309  1881  2291 D CompatibilityChangeReporter: Compat change id reported: 194532703; UID 10276; state: ENABLED
01-29 06:11:43.382 23159 23300 E ActivityThread: Failed to find provider info for com.microsoft.intune.mam.policy
01-29 06:11:43.470  1881  7340 D ActivityManager: sync unfroze 8124 com.google.android.adservices.api for 4
01-29 06:11:43.485 23159 23300 E ActivityThread: Failed to find provider info for com.microsoft.intune.mam.policy
01-29 06:11:43.588 23159 23300 E ActivityThread: Failed to find provider info for com.microsoft.intune.mam.policy
01-29 06:11:43.601  1881  6677 D CompatibilityChangeReporter: Compat change id reported: 211757425; UID 10182; state: ENABLED
01-29 06:11:43.693 23159 23300 E ActivityThread: Failed to find provider info for com.microsoft.intune.mam.policy
01-29 06:11:43.794 23159 23300 E ActivityThread: Failed to find provider info for com.microsoft.intune.mam.policy
01-29 06:11:43.895 23159 23300 E ActivityThread: Failed to find provider info for com.microsoft.intune.mam.policy
01-29 06:11:43.987 22736 22947 E ActivityThread: Failed to find provider info for gmail-ofls
01-29 06:11:43.996 23159 23300 E ActivityThread: Failed to find provider info for com.microsoft.intune.mam.policy
01-29 06:11:44.028  1881  2474 W Telecom : : registerPhoneAccount - attempt to set a group from a non-system caller.: TSI.rPA(ots)@EQ0
01-29 06:11:44.029  1881  2474 I Telecom : : registerPhoneAccount: account=[[ ] PhoneAccount: ComponentInfo{org.thoughtcrime.securesms/org.thoughtcrime.securesms.service.webrtc.AndroidCallConnectionService}, ***, UserHandle{0} Capabilities: SelfManaged Video  Audio Routes: BESW Schemes: tel  Extras: null GroupId: ***]: TSI.rPA(ots)@EQ0
01-29 06:11:44.029  1881  2474 I Telecom : PhoneAccountRegistrar: Modify account: [ComponentInfo{org.thoughtcrime.securesms/org.thoughtcrime.securesms.service.webrtc.AndroidCallConnectionService}, ***, UserHandle{0}]: TSI.rPA(ots)@EQ0
01-29 06:11:44.037  1881  2474 I Telecom : AppLabelProxy: package org.thoughtcrime.securesms: name is Signal: TSI.rPA(ots)@EQ0
01-29 06:11:44.043  1881  2474 I Telecom : CallsManager: handlePhoneAccountChanged: phoneAccount=[[X] PhoneAccount: ComponentInfo{org.thoughtcrime.securesms/org.thoughtcrime.securesms.service.webrtc.AndroidCallConnectionService}, ***, UserHandle{0} Capabilities: SelfManaged Video  Audio Routes: BESW Schemes: tel  Extras: null GroupId: ***]: TSI.rPA(ots)@EQ0
01-29 06:11:44.097 23159 23300 E ActivityThread: Failed to find provider info for com.microsoft.intune.mam.policy
01-29 06:11:44.199 23159 23300 E ActivityThread: Failed to find provider info for com.microsoft.intune.mam.policy
01-29 06:11:44.300 23159 23300 E ActivityThread: Failed to find provider info for com.microsoft.intune.mam.policy
01-29 06:11:44.401 23159 23300 E ActivityThread: Failed to find provider info for com.microsoft.intune.mam.policy
01-29 06:11:44.497  1881  6677 D CompatibilityChangeReporter: Compat change id reported: 171306433; UID 10182; state: ENABLED
01-29 06:11:44.497  1881  6677 D CompatibilityChangeReporter: Compat change id reported: 226439802; UID 10182; state: ENABLED
01-29 06:11:44.498  1881  2291 D CompatibilityChangeReporter: Compat change id reported: 218533173; UID 10182; state: ENABLED
01-29 06:11:44.503 23159 23300 E ActivityThread: Failed to find provider info for com.microsoft.intune.mam.policy
01-29 06:11:44.604 23159 23300 E ActivityThread: Failed to find provider info for com.microsoft.intune.mam.policy
01-29 06:11:44.606  1881  2474 I ContentCaptureManagerService: Data share request accepted by Content Capture service
01-29 06:11:44.683  1881  2474 I ContentCaptureManagerService: Data share request accepted by Content Capture service
01-29 06:11:44.706 23159 23300 E ActivityThread: Failed to find provider info for com.microsoft.intune.mam.policy
01-29 06:11:44.808 23159 23300 E ActivityThread: Failed to find provider info for com.microsoft.intune.mam.policy
01-29 06:11:44.909 23159 23300 E ActivityThread: Failed to find provider info for com.microsoft.intune.mam.policy
01-29 06:11:44.921  1881  2291 D CompatibilityChangeReporter: Compat change id reported: 161145287; UID 10281; state: ENABLED
01-29 06:11:45.026  1881  6677 I ActivityManager: Flag disabled. Ignoring finishAttachApplication from uid: 10281. pid: 23159
01-29 06:11:50.274  1881  2491 W ProcessStats: Tracking association SourceState{4189b1f com.google.android.gms.persistent/10192 BFgs #162671} whose proc state 4 is better than process ProcessState{7429adc com.google.android.gms/10192 pkg=com.google.android.gms} proc state 6 (216 skipped)
01-29 06:11:50.423  1881  2505 D ActivityManager: freezing 14814 com.google.android.apps.turbo
01-29 06:11:50.571  1881  2505 D ActivityManager: freezing 9183 com.binarysmith.webclipwidget.ad:reviver
01-29 06:11:50.862  1881  2505 D ActivityManager: freezing 28159 com.google.android.inputmethod.latin:train
01-29 06:11:51.432  1881  2474 D CoreBackPreview: Window{dc54412 u0 com.binarysmith.webclipwidget.ad}: Setting back callback null
01-29 06:11:51.451  1881  7340 I DisplayDeviceRepository: Display device removed: DisplayDeviceInfo{"com.binarysmith.webclipwidget.Back": uniqueId="virtual:com.binarysmith.webclipwidget.ad,10236,com.binarysmith.webclipwidget.Back,0", 1080 x 1678, modeId 20, renderFrameRate 60.0, defaultModeId 20, supportedModes [{id=20, width=1080, height=1678, fps=60.0, alternativeRefreshRates=[], supportedHdrTypes=[]}], colorMode 0, supportedColorModes [0], hdrCapabilities null, allmSupported false, gameContentTypeSupported false, density 440, 440.0 x 440.0 dpi, appVsyncOff 0, presDeadline 16666666, touch NONE, rotation 0, type VIRTUAL, deviceProductInfo null, state ON, committedState UNKNOWN, owner com.binarysmith.webclipwidget.ad (uid 10236), frameRateOverride , brightnessMinimum 0.0, brightnessMaximum 0.0, brightnessDefault 0.0, hdrSdrRatio NaN, FLAG_PRIVATE, FLAG_NEVER_BLANK, FLAG_OWN_CONTENT_ONLY, installOrientation 0, displayShape DisplayShape{ spec=1706166889 displayWidth=1080 displayHeight=1678 physicalPixelDisplaySizeRatio=1.0 rotation=0 offsetX=0 offsetY=0 scale=1.0}}
01-29 06:11:51.452  1881  7340 I LogicalDisplayMapper: Removing display: 19
01-29 06:11:51.512  1881  2216 W AccessibilityWindowsPopulator: The displayInfo of this displayId (0) called back from the surface fligner is null
01-29 06:11:51.526  1881  2505 D ActivityManager: freezing 13707 com.instagram.android
01-29 06:11:52.552  1881  2505 D ActivityManager: freezing 9439 com.google.android.as.oss:learning_bg
01-29 06:11:52.557  1881  2505 D ActivityManager: freezing 3808 com.google.android.as.oss
01-29 06:11:52.693   650 22951 I keystore2: system/security/keystore2/src/watchdog.rs:319 - Watchdog thread idle -> terminating. Have a great day.
01-29 06:11:53.129  1881  2505 D ActivityManager: freezing 25737 com.microsoft.office.powerpoint:remote
01-29 06:11:53.531  1881  2505 D ActivityManager: freezing 13538 com.google.android.webview:webview_service
01-29 06:11:55.068  1881  2505 D ActivityManager: freezing 23159 com.microsoft.office.onenote:remote
01-29 06:11:55.239  1881  2505 D ActivityManager: freezing 22115 com.google.process.gservices
01-29 06:11:58.506  1881  2505 D ActivityManager: freezing 17719 com.android.providers.calendar
01-29 06:12:00.265  1881  2505 D ActivityManager: freezing 8124 com.google.android.adservices.api
01-29 06:12:00.268  1881  2505 D ActivityManager: freezing 23304 com.google.android.webview:sandboxed_process0:org.chromium.content.app.SandboxedProcessService0:0
01-29 06:12:00.270  1881  2505 D ActivityManager: freezing 17241 com.google.android.googlequicksearchbox:search
01-29 06:12:00.274  1881  2505 D ActivityManager: freezing 5439 com.google.android.googlequicksearchbox
01-29 06:12:00.314  1881  2505 D ActivityManager: freezing 22978 com.android.vending:background
01-29 06:12:00.317  1881  2505 D ActivityManager: freezing 29166 com.chibatching.worldclockwidget
01-29 06:12:00.319  1881  2505 D ActivityManager: freezing 22779 com.android.vending
01-29 06:12:01.904  1881  2505 D ActivityManager: freezing 9192 com.binarysmith.webclipwidget.ad:mainService
01-29 06:12:09.066  1881  2505 D ActivityManager: freezing 22736 com.google.android.gms
01-29 06:12:32.586  1881  2505 D ActivityManager: freezing 3134 com.google.android.gm
01-29 06:12:39.027  2658  3817 D PowerUI : can't show warning due to - plugged: true status unknown: false
01-29 06:12:40.360  1881  2237 I ActivityManager: Killing 22779:com.android.vending/u0a185 (adj 905): cached idle & background restricted
01-29 06:12:40.426  1881  7364 D ActivityManager: sync unfroze 22978 com.android.vending:background for 5
01-29 06:12:40.427  1881  2214 W DisplayManagerService: Failed to notify process 22779 that displays changed, assuming it died.
01-29 06:12:40.427  1881  2214 W DisplayManagerService: android.os.DeadObjectException
01-29 06:12:40.427  1881  2214 W DisplayManagerService: 	at android.os.BinderProxy.transactNative(Native Method)
01-29 06:12:40.427  1881  2214 W DisplayManagerService: 	at android.os.BinderProxy.transact(BinderProxy.java:584)
01-29 06:12:40.427  1881  2214 W DisplayManagerService: 	at android.hardware.display.IDisplayManagerCallback$Stub$Proxy.onDisplayEvent(IDisplayManagerCallback.java:121)
01-29 06:12:40.427  1881  2214 W DisplayManagerService: 	at com.android.server.display.DisplayManagerService$CallbackRecord.notifyDisplayEventAsync(DisplayManagerService.java:3349)
01-29 06:12:40.427  1881  2214 W DisplayManagerService: 	at com.android.server.display.DisplayManagerService$PendingCallback.sendPendingDisplayEvent(DisplayManagerService.java:3411)
01-29 06:12:40.427  1881  2214 W DisplayManagerService: 	at com.android.server.display.DisplayManagerService$UidImportanceListener.onUidImportance(DisplayManagerService.java:927)
01-29 06:12:40.427  1881  2214 W DisplayManagerService: 	at android.app.ActivityManager$MyUidObserver.onUidStateChanged(ActivityManager.java:207)
01-29 06:12:40.427  1881  2214 W DisplayManagerService: 	at com.android.server.am.UidObserverController.dispatchUidsChangedForObserver(UidObserverController.java:414)
01-29 06:12:40.427  1881  2214 W DisplayManagerService: 	at com.android.server.am.UidObserverController.dispatchUidsChanged(UidObserverController.java:280)
01-29 06:12:40.427  1881  2214 W DisplayManagerService: 	at com.android.server.am.UidObserverController$$ExternalSyntheticLambda0.run(R8$$SyntheticClass:0)
01-29 06:12:40.427  1881  2214 W DisplayManagerService: 	at android.os.Handler.handleCallback(Handler.java:958)
01-29 06:12:40.427  1881  2214 W DisplayManagerService: 	at android.os.Handler.dispatchMessage(Handler.java:99)
01-29 06:12:40.427  1881  2214 W DisplayManagerService: 	at android.os.Looper.loopOnce(Looper.java:205)
01-29 06:12:40.427  1881  2214 W DisplayManagerService: 	at android.os.Looper.loop(Looper.java:294)
01-29 06:12:40.427  1881  2214 W DisplayManagerService: 	at android.os.HandlerThread.run(HandlerThread.java:67)
01-29 06:12:40.427  1881  2214 W DisplayManagerService: 	at com.android.server.ServiceThread.run(ServiceThread.java:46)
01-29 06:12:40.427  1881  2214 W DisplayManagerService: 	at com.android.server.UiThread.run(UiThread.java:45)
01-29 06:12:40.427  1881  2214 D DisplayManagerService: Drop pending events for dead process 22779
01-29 06:12:40.427  1881  2491 D CompatibilityChangeReporter: Compat change id reported: 265195908; UID 10185; state: ENABLED
01-29 06:12:40.428  1881  7364 W ActivityManager: Scheduling restart of crashed service com.android.vending/com.google.android.finsky.installservice.DevTriggeredUpdateService in 1000ms for connection
01-29 06:12:40.428  1881  7364 W ActivityManager: Scheduling restart of crashed service com.android.vending/com.google.android.finsky.billing.iab.InAppBillingService in 10999ms for connection
01-29 06:12:40.428  1881  7364 W ActivityManager: Scheduling restart of crashed service com.android.vending/com.google.android.finsky.externalreferrer.GetInstallReferrerService in 20999ms for connection
01-29 06:12:41.432  1881  2237 D CompatibilityChangeReporter: Compat change id reported: 135634846; UID 10185; state: DISABLED
01-29 06:12:41.433  1881  2237 D CompatibilityChangeReporter: Compat change id reported: 177438394; UID 10185; state: DISABLED
01-29 06:12:41.433  1881  2237 D CompatibilityChangeReporter: Compat change id reported: 135772972; UID 10185; state: DISABLED
01-29 06:12:41.433  1881  2237 D CompatibilityChangeReporter: Compat change id reported: 135754954; UID 10185; state: ENABLED
01-29 06:12:41.435  1881  2241 D CompatibilityChangeReporter: Compat change id reported: 143937733; UID 10185; state: ENABLED
01-29 06:12:41.447  1881  2241 I ActivityManager: Start proc 23684:com.android.vending/u0a185 for service {com.android.vending/com.google.android.finsky.installservice.DevTriggeredUpdateService}
01-29 06:12:41.487  1881  2758 D CompatibilityChangeReporter: Compat change id reported: 168419799; UID 10185; state: DISABLED
01-29 06:12:41.487  1881  2758 D CompatibilityChangeReporter: Compat change id reported: 273564678; UID 10185; state: DISABLED
01-29 06:12:41.494  1881  2758 D CompatibilityChangeReporter: Compat change id reported: 170503758; UID 10185; state: ENABLED
01-29 06:12:41.864  1881  7337 D CompatibilityChangeReporter: Compat change id reported: 161145287; UID 10185; state: ENABLED
01-29 06:12:41.952  1881  7337 I ActivityManager: Flag disabled. Ignoring finishAttachApplication from uid: 10185. pid: 23684
01-29 06:12:41.960  1881  7337 D ActivityManager: sync unfroze 22115 com.google.process.gservices for 7
01-29 06:12:41.997  1881  7364 D ActivityManager: sync unfroze 22168 com.google.process.gapps for 7
01-29 06:12:42.078  1881  3188 D CompatibilityChangeReporter: Compat change id reported: 261072174; UID 10185; state: ENABLED
01-29 06:12:42.100  1881  7364 D CompatibilityChangeReporter: Compat change id reported: 319212206; UID 10185; state: ENABLED
01-29 06:12:50.473  1881  2505 D ActivityManager: freezing 32187 android.process.acore
01-29 06:12:50.475  1881  2505 D ActivityManager: freezing 9247 com.google.android.webview:sandboxed_process0:org.chromium.content.app.SandboxedProcessService0:0
01-29 06:12:50.477  1881  2505 D ActivityManager: freezing 22978 com.android.vending:background
01-29 06:12:52.098  1881  2505 D ActivityManager: freezing 22168 com.google.process.gapps
01-29 06:12:52.098  1881  2505 D ActivityManager: freezing 23684 com.android.vending
01-29 06:12:52.100  1881  2505 D ActivityManager: freezing 22115 com.google.process.gservices
01-29 06:12:54.066  1881  2505 D ActivityManager: freezing 22956 org.thoughtcrime.securesms
01-29 06:13:38.995  2658  3221 D PowerUI : can't show warning due to - plugged: true status unknown: false
01-29 06:13:40.451  1881  2237 I ActivityManager: Killing 22978:com.android.vending:background/u0a185 (adj 905): cached idle & background restricted
01-29 06:13:42.098  1881  2237 I ActivityManager: Killing 23684:com.android.vending/u0a185 (adj 905): cached idle & background restricted
01-29 06:13:42.176  1881  1927 W ActivityManager: Scheduling restart of crashed service com.android.vending/com.google.android.finsky.installservice.DevTriggeredUpdateService in 1000ms for connection
01-29 06:13:42.177  1881  1927 W ActivityManager: Scheduling restart of crashed service com.android.vending/com.google.android.finsky.billing.iab.InAppBillingService in 11000ms for connection
01-29 06:13:42.177  1881  1927 W ActivityManager: Scheduling restart of crashed service com.android.vending/com.google.android.finsky.externalreferrer.GetInstallReferrerService in 21000ms for connection
01-29 06:13:42.177  1881  2214 D DisplayManagerService: Drop pending events for gone uid 10185
01-29 06:13:43.182  1881  2237 D CompatibilityChangeReporter: Compat change id reported: 135634846; UID 10185; state: DISABLED
01-29 06:13:43.183  1881  2237 D CompatibilityChangeReporter: Compat change id reported: 177438394; UID 10185; state: DISABLED
01-29 06:13:43.183  1881  2237 D CompatibilityChangeReporter: Compat change id reported: 135772972; UID 10185; state: DISABLED
01-29 06:13:43.184  1881  2237 D CompatibilityChangeReporter: Compat change id reported: 135754954; UID 10185; state: ENABLED
01-29 06:13:43.185  1881  2241 D CompatibilityChangeReporter: Compat change id reported: 143937733; UID 10185; state: ENABLED
01-29 06:13:43.199  1881  2241 I ActivityManager: Start proc 23799:com.android.vending/u0a185 for service {com.android.vending/com.google.android.finsky.installservice.DevTriggeredUpdateService}
01-29 06:13:43.245  1881  1927 D CompatibilityChangeReporter: Compat change id reported: 168419799; UID 10185; state: DISABLED
01-29 06:13:43.245  1881  1927 D CompatibilityChangeReporter: Compat change id reported: 273564678; UID 10185; state: DISABLED
01-29 06:13:43.252  1881  2491 D CompatibilityChangeReporter: Compat change id reported: 265195908; UID 10185; state: ENABLED
01-29 06:13:43.255  1881  1927 D CompatibilityChangeReporter: Compat change id reported: 170503758; UID 10185; state: ENABLED
01-29 06:13:43.394  1881  1927 W AppOps  : Noting op not finished: uid 10318 pkg io.homeassistant.companion.android code 1 startTime of in progress event=1738159424428
01-29 06:13:43.408  1881  7341 D CompatibilityChangeReporter: Compat change id reported: 171306433; UID 10192; state: ENABLED
01-29 06:13:43.431  1881  2237 D ActivityManager: sync unfroze 29274 io.homeassistant.companion.android for 3
01-29 06:13:43.442  1881  7364 D CompatibilityChangeReporter: Compat change id reported: 161145287; UID 10185; state: ENABLED
01-29 06:13:43.545  1881  2758 I ActivityManager: Flag disabled. Ignoring finishAttachApplication from uid: 10185. pid: 23799
01-29 06:13:43.566  1881  2758 D ActivityManager: sync unfroze 22115 com.google.process.gservices for 7
01-29 06:13:43.603  1881  1927 D ActivityManager: sync unfroze 22168 com.google.process.gapps for 7
01-29 06:13:43.667  1881  1927 D CompatibilityChangeReporter: Compat change id reported: 319212206; UID 10185; state: ENABLED
01-29 06:13:43.712  1881  2758 D CompatibilityChangeReporter: Compat change id reported: 261072174; UID 10185; state: ENABLED
01-29 06:13:53.679  1881  2505 D ActivityManager: freezing 23799 com.android.vending
01-29 06:13:53.680  1881  2505 D ActivityManager: freezing 22168 com.google.process.gapps
01-29 06:13:53.681  1881  2505 D ActivityManager: freezing 22115 com.google.process.gservices
01-29 06:14:13.512  1881  2505 D ActivityManager: freezing 29274 io.homeassistant.companion.android
01-29 06:14:38.994  2658  3711 D PowerUI : can't show warning due to - plugged: true status unknown: false
01-29 06:14:42.495  1881  3204 D CompatibilityChangeReporter: Compat change id reported: 218533173; UID 10192; state: ENABLED
01-29 06:14:42.526  1881  2237 D ActivityManager: pid 22736 com.google.android.gms received sync transactions while frozen, killing
01-29 06:14:42.526  1881  2237 I ActivityManager: Killing 22736:com.google.android.gms/u0a192 (adj 905): Sync transaction while in frozen state
01-29 06:14:42.527  1881  2237 D ActivityManager: sync unfroze 22168 com.google.process.gapps for 10
01-29 06:14:42.527  1881  2237 D ActivityManager: sync unfroze 22115 com.google.process.gservices for 10
01-29 06:14:42.528  1881  2237 D ActivityManager: sync unfroze 31631 com.google.android.gms.unstable for 10
01-29 06:14:42.529  1881  2237 D ActivityManager: sync unfroze 31192 com.google.android.gms.ui for 10
01-29 06:14:42.530  1881  2237 D ActivityManager: sync unfroze 3233 com.google.android.gms.learning for 10
01-29 06:14:42.532  1881  2237 D ActivityManager: sync unfroze 4679 com.google.android.gms:snet for 10
