01-29 06:00:00.067  1881  2758 W ActivityManager: Scheduling restart of crashed service com.google.android.gms/.chimera.GmsApiService in 21000ms for connection
01-29 06:00:00.068  1881  2758 W ActivityManager: Scheduling restart of crashed service com.google.android.gms/.ads.identifier.service.AdvertisingIdService in 31000ms for connection
01-29 06:00:00.094  1881  2491 D ActivityManager: sync unfroze 13842 com.hp.android.printservice for 6
01-29 06:00:00.098  1881  7364 D CompatibilityChangeReporter: Compat change id reported: 135634846; UID 10192; state: DISABLED
01-29 06:00:00.098  1881  7364 D CompatibilityChangeReporter: Compat change id reported: 177438394; UID 10192; state: DISABLED
01-29 06:00:00.098  1881  7364 D CompatibilityChangeReporter: Compat change id reported: 135772972; UID 10192; state: DISABLED
01-29 06:00:00.098  1881  7364 D CompatibilityChangeReporter: Compat change id reported: 135754954; UID 10192; state: ENABLED
01-29 06:00:00.098  1881  2241 D CompatibilityChangeReporter: Compat change id reported: 143937733; UID 10192; state: ENABLED
01-29 06:00:00.099  1881  2758 D CompatibilityChangeReporter: Compat change id reported: 135634846; UID 10185; state: DISABLED
01-29 06:00:00.099  1881  2758 D CompatibilityChangeReporter: Compat change id reported: 177438394; UID 10185; state: DISABLED
01-29 06:00:00.099  1881  2758 D CompatibilityChangeReporter: Compat change id reported: 135772972; UID 10185; state: DISABLED
01-29 06:00:00.099  1881  2758 D CompatibilityChangeReporter: Compat change id reported: 135754954; UID 10185; state: ENABLED
01-29 06:00:00.103  1881  2491 D ActivityManager: sync unfroze 29274 io.homeassistant.companion.android for 6
01-29 06:00:00.109  1881  2241 I ActivityManager: Start proc 21131:com.google.android.gms/u0a192 for service {com.google.android.gms/com.google.android.gms.chimera.GmsBoundBrokerService}
01-29 06:00:00.110  1881  2241 D CompatibilityChangeReporter: Compat change id reported: 143937733; UID 10185; state: ENABLED
01-29 06:00:00.128  1881  2241 I ActivityManager: Start proc 21134:com.android.vending:background/u0a185 for service {com.android.vending/com.google.frameworks.client.data.android.server.play.BackgroundProcessEndpointService}
01-29 06:00:00.142  1881  6706 D ActivityManager: sync unfroze 28159 com.google.android.inputmethod.latin:train for 6
01-29 06:00:00.153  1881  6666 D CompatibilityChangeReporter: Compat change id reported: 168419799; UID 10192; state: DISABLED
01-29 06:00:00.153  1881  6666 D CompatibilityChangeReporter: Compat change id reported: 273564678; UID 10192; state: DISABLED
01-29 06:00:00.160  1881  2758 D ActivityManager: sync unfroze 5919 com.theswitchbot.switchbot for 6
01-29 06:00:00.165  1881  2758 W JobScheduler: Job didn't exist in JobStore: e332e5 #u0a213/-1018740802 com.google.android.inputmethod.latin/com.google.android.gms.learning.internal.training.InAppJobService
01-29 06:00:00.169  1881  2758 D ActivityManager: sync unfroze 13855 com.tripit for 6
01-29 06:00:00.179  1881  7334 D ActivityManager: sync unfroze 15442 com.linkedin.android for 6
01-29 06:00:00.183  1881  2731 W ActivityManager: Background started FGS: Disallowed [callingPackage: io.homeassistant.companion.android; callingUid: 10318; uidState: TRNB; uidBFSL: n/a; intent: Intent { act=ACTION_START_FOREGROUND cmp=io.homeassistant.companion.android/androidx.work.impl.foreground.SystemForegroundService (has extras) }; code:DENIED; tempAllowListReason:<null>; targetSdkVersion:34; callerTargetSdkVersion:34; startForegroundCount:0; bindFromPackage:null: isBindService:false]
01-29 06:00:00.183  1881  2731 W ActivityManager: startForegroundService() not allowed due to mAllowStartForeground false: service io.homeassistant.companion.android/androidx.work.impl.foreground.SystemForegroundService
01-29 06:00:00.185  1881  2758 W JobScheduler: Job didn't exist in JobStore: 95f9f55 #u0a430/-1013919113 com.google.android.as.oss/com.google.android.gms.learning.internal.training.InAppJobService
01-29 06:00:00.186  1881  6666 D CompatibilityChangeReporter: Compat change id reported: 168419799; UID 10185; state: DISABLED
01-29 06:00:00.186  1881  6666 D CompatibilityChangeReporter: Compat change id reported: 273564678; UID 10185; state: DISABLED
01-29 06:00:00.192  1881  7334 W JobScheduler: Job didn't exist in JobStore: ad84fc8 #u0a213/-1622857413 com.google.android.inputmethod.latin/com.google.android.gms.learning.internal.training.InAppJobService
01-29 06:00:00.194  1881  7334 D ActivityManager: sync unfroze 8643 com.google.android.apps.safetyhub for 6
01-29 06:00:00.199  1881  2291 D CompatibilityChangeReporter: Compat change id reported: 170503758; UID 10192; state: ENABLED
01-29 06:00:00.209  1881  6666 W JobScheduler: Job didn't exist in JobStore: 981ae12 #u0a213/352821669 com.google.android.inputmethod.latin/com.google.android.gms.learning.internal.training.InAppJobService
01-29 06:00:00.215  1881  6666 D ActivityManager: sync unfroze 30490 com.rachio.iro for 6
01-29 06:00:00.237  1881  6666 W JobScheduler: Job didn't exist in JobStore: b8aa8ae #u0a430/-286677079 com.google.android.as.oss/com.google.android.gms.learning.internal.training.InAppJobService
01-29 06:00:00.240  1881  2291 D ActivityManager: sync unfroze 31631 com.google.android.gms.unstable for 6
01-29 06:00:00.246  1881  6666 D ActivityManager: sync unfroze 22717 nl.appyhapps.healthsync for 6
01-29 06:00:00.256  1881  1926 W JobScheduler: Job didn't exist in JobStore: 543875f #u0a213/2022759826 com.google.android.inputmethod.latin/com.google.android.gms.learning.internal.training.InAppJobService
01-29 06:00:00.260  1881  1926 D ActivityManager: sync unfroze 25225 com.google.android.apps.fitness for 6
01-29 06:00:00.300  1881  6706 D CompatibilityChangeReporter: Compat change id reported: 170503758; UID 10185; state: ENABLED
01-29 06:00:00.417  1881  7334 D CompatibilityChangeReporter: Compat change id reported: 161145287; UID 10192; state: ENABLED
01-29 06:00:00.451  1881  7334 W JobScheduler: Job didn't exist in JobStore: 1180994 #u0a325/2658 com.tripit/androidx.work.impl.background.systemjob.SystemJobService
01-29 06:00:00.636  1881  6666 W JobScheduler: Job didn't exist in JobStore: 4cfc3e1 {androidx.work.systemjobscheduler} #u0a285/-2147483619 @androidx.work.systemjobscheduler@com.linkedin.android/androidx.work.impl.background.systemjob.SystemJobService
01-29 06:00:01.069  1881  7364 D CompatibilityChangeReporter: Compat change id reported: 161145287; UID 10185; state: ENABLED
01-29 06:00:01.084  1881  2935 I ActivityManager: Flag disabled. Ignoring finishAttachApplication from uid: 10192. pid: 21131
01-29 06:00:01.110  1881  2935 I ActivityManager: Flag disabled. Ignoring finishAttachApplication from uid: 10185. pid: 21134
01-29 06:00:01.477  1881  2935 W ActivityManager: Background start not allowed: service Intent { act=ACTION_STOP_FOREGROUND cmp=io.homeassistant.companion.android/androidx.work.impl.foreground.SystemForegroundService } to io.homeassistant.companion.android/androidx.work.impl.foreground.SystemForegroundService from pid=29274 uid=10318 pkg=io.homeassistant.companion.android startFg?=false
01-29 06:00:01.496  1881  7364 W JobScheduler: Job didn't exist in JobStore: 2539c81 {androidx.work.systemjobscheduler} #u0a318/544008 @androidx.work.systemjobscheduler@io.homeassistant.companion.android/androidx.work.impl.background.systemjob.SystemJobService
01-29 06:00:02.170  1881  6706 I ActivityManager: Process org.thoughtcrime.securesms (pid 18987) has died: cch+65 CEM 
01-29 06:00:02.172  1881  2214 D DisplayManagerService: Drop pending events for gone uid 10276
01-29 06:00:10.057  1881  2491 W ProcessStats: Tracking association SourceState{30b9e65 com.android.vending/10185 ImpBg #161832} whose proc state 6 is better than process ProcessState{c7282ae com.android.vending:background/10185 pkg=com.android.vending} proc state 8 (258 skipped)
01-29 06:00:10.175  1881  2505 D ActivityManager: freezing 13842 com.hp.android.printservice
01-29 06:00:10.232  1881  2505 D ActivityManager: freezing 28159 com.google.android.inputmethod.latin:train
01-29 06:00:10.250  1881  2505 D ActivityManager: freezing 3808 com.google.android.as.oss
01-29 06:00:10.387  1881  2505 D ActivityManager: freezing 5919 com.theswitchbot.switchbot
01-29 06:00:10.453  1881  2505 D ActivityManager: freezing 13855 com.tripit
01-29 06:00:10.819  1881  2505 D ActivityManager: freezing 15442 com.linkedin.android
01-29 06:00:11.142  1881  2505 D ActivityManager: freezing 30490 com.rachio.iro
01-29 06:00:11.288  1881  2505 D ActivityManager: freezing 8643 com.google.android.apps.safetyhub
01-29 06:00:11.499  1881  2505 D ActivityManager: freezing 29274 io.homeassistant.companion.android
01-29 06:00:13.077   650 21219 I keystore2: system/security/keystore2/src/watchdog.rs:319 - Watchdog thread idle -> terminating. Have a great day.
01-29 06:00:17.482  1881  2491 D CompatibilityChangeReporter: Compat change id reported: 265195908; UID 10185; state: ENABLED
01-29 06:00:18.232  1881  2505 D ActivityManager: freezing 31631 com.google.android.gms.unstable
01-29 06:00:20.056  1881  2505 D ActivityManager: freezing 22788 com.android.settings
01-29 06:00:20.058  1881  2505 D ActivityManager: freezing 18914 com.google.android.settings.intelligence
01-29 06:00:20.061  1881  2505 D ActivityManager: freezing 29166 com.chibatching.worldclockwidget
01-29 06:00:27.391  1881  2505 D ActivityManager: freezing 21131 com.google.android.gms
01-29 06:00:27.480  1881  2505 D ActivityManager: freezing 22717 nl.appyhapps.healthsync
01-29 06:00:27.483  1881  2505 D ActivityManager: freezing 20951 com.android.vending
01-29 06:00:27.485  1881  2505 D ActivityManager: freezing 21134 com.android.vending:background
01-29 06:00:27.823   650 21352 I keystore2: system/security/keystore2/src/watchdog.rs:319 - Watchdog thread idle -> terminating. Have a great day.
01-29 06:00:35.218  1881  2505 D ActivityManager: freezing 25225 com.google.android.apps.fitness
01-29 06:00:39.007  2658  3818 D PowerUI : can't show warning due to - plugged: true status unknown: false
01-29 06:00:50.404  1881  7337 D CompatibilityChangeReporter: Compat change id reported: 161252188; UID 10192; state: DISABLED
01-29 06:00:50.421  1881  7337 D ActivityManager: sync unfroze 21131 com.google.android.gms for 4
01-29 06:00:50.422  1881  7337 W ProcessStats: Tracking association SourceState{6ab442a com.google.android.gms.persistent/10192 BFgs #161871} whose proc state 4 is better than process ProcessState{7429adc com.google.android.gms/10192 pkg=com.google.android.gms} proc state 8 (59 skipped)
01-29 06:01:01.126  1881  7337 W ProcessStats: Tracking association SourceState{6ab442a com.google.android.gms.persistent/10192 BFgs #161875} whose proc state 4 is better than process ProcessState{7429adc com.google.android.gms/10192 pkg=com.google.android.gms} proc state 8 (3 skipped)
01-29 06:01:10.081  1881  2491 D ActivityManager: sync unfroze 29166 com.chibatching.worldclockwidget for 6
01-29 06:01:10.087  1881  2491 D ActivityManager: sync unfroze 20951 com.android.vending for 6
01-29 06:01:10.089  1881  2491 D ActivityManager: sync unfroze 21134 com.android.vending:background for 6
01-29 06:01:15.515  1881  2505 D ActivityManager: freezing 21131 com.google.android.gms
01-29 06:01:20.465  1881  2505 D ActivityManager: freezing 29166 com.chibatching.worldclockwidget
01-29 06:01:20.469  1881  2505 D ActivityManager: freezing 20951 com.android.vending
01-29 06:01:25.173  1881  2505 D ActivityManager: freezing 21134 com.android.vending:background
01-29 06:02:10.447  1881  2237 I ActivityManager: Killing 20951:com.android.vending/u0a185 (adj 905): cached idle & background restricted
01-29 06:02:10.512  1881  7337 W ActivityManager: Scheduling restart of crashed service com.android.vending/com.google.android.finsky.installservice.DevTriggeredUpdateService in 1000ms for connection
01-29 06:02:10.512  1881  7337 W ActivityManager: Scheduling restart of crashed service com.android.vending/com.google.android.finsky.billing.iab.InAppBillingService in 10999ms for connection
01-29 06:02:10.512  1881  7337 W ActivityManager: Scheduling restart of crashed service com.android.vending/com.google.android.finsky.externalreferrer.GetInstallReferrerService in 20999ms for connection
01-29 06:02:11.516  1881  2237 D CompatibilityChangeReporter: Compat change id reported: 135634846; UID 10185; state: DISABLED
01-29 06:02:11.517  1881  2237 D CompatibilityChangeReporter: Compat change id reported: 177438394; UID 10185; state: DISABLED
01-29 06:02:11.517  1881  2237 D CompatibilityChangeReporter: Compat change id reported: 135772972; UID 10185; state: DISABLED
01-29 06:02:11.517  1881  2237 D CompatibilityChangeReporter: Compat change id reported: 135754954; UID 10185; state: ENABLED
01-29 06:02:11.519  1881  2241 D CompatibilityChangeReporter: Compat change id reported: 143937733; UID 10185; state: ENABLED
01-29 06:02:11.533  1881  2241 I ActivityManager: Start proc 21377:com.android.vending/u0a185 for service {com.android.vending/com.google.android.finsky.installservice.DevTriggeredUpdateService}
01-29 06:02:11.583  1881  6430 D CompatibilityChangeReporter: Compat change id reported: 168419799; UID 10185; state: DISABLED
01-29 06:02:11.583  1881  6430 D CompatibilityChangeReporter: Compat change id reported: 273564678; UID 10185; state: DISABLED
01-29 06:02:11.592  1881  7337 D CompatibilityChangeReporter: Compat change id reported: 170503758; UID 10185; state: ENABLED
01-29 06:02:11.889  1881  6677 D CompatibilityChangeReporter: Compat change id reported: 161145287; UID 10185; state: ENABLED
01-29 06:02:11.968  1881  6677 I ActivityManager: Flag disabled. Ignoring finishAttachApplication from uid: 10185. pid: 21377
01-29 06:02:12.015  1881  7337 D ActivityManager: sync unfroze 20647 com.google.process.gapps for 7
01-29 06:02:12.059  1881  6430 D CompatibilityChangeReporter: Compat change id reported: 319212206; UID 10185; state: ENABLED
01-29 06:02:12.129  1881  6430 D CompatibilityChangeReporter: Compat change id reported: 261072174; UID 10185; state: ENABLED
01-29 06:02:15.159  1881  2237 I ActivityManager: Killing 21134:com.android.vending:background/u0a185 (adj 905): cached idle & background restricted
01-29 06:02:22.111  1881  2505 D ActivityManager: freezing 21377 com.android.vending
01-29 06:02:22.112  1881  2505 D ActivityManager: freezing 20647 com.google.process.gapps
01-29 06:02:22.113  1881  2505 D ActivityManager: freezing 19651 com.google.process.gservices
01-29 06:02:38.992  2658  3720 D PowerUI : can't show warning due to - plugged: true status unknown: false
01-29 06:03:12.129  1881  2237 I ActivityManager: Killing 21377:com.android.vending/u0a185 (adj 905): cached idle & background restricted
01-29 06:03:12.203  1881  1926 W ActivityManager: Scheduling restart of crashed service com.android.vending/com.google.android.finsky.installservice.DevTriggeredUpdateService in 1000ms for connection
01-29 06:03:12.203  1881  1926 W ActivityManager: Scheduling restart of crashed service com.android.vending/com.google.android.finsky.billing.iab.InAppBillingService in 11000ms for connection
01-29 06:03:12.203  1881  1926 W ActivityManager: Scheduling restart of crashed service com.android.vending/com.google.android.finsky.externalreferrer.GetInstallReferrerService in 21000ms for connection
01-29 06:03:12.204  1881  2214 D DisplayManagerService: Drop pending events for gone uid 10185
01-29 06:03:13.209  1881  2237 D CompatibilityChangeReporter: Compat change id reported: 135634846; UID 10185; state: DISABLED
01-29 06:03:13.209  1881  2237 D CompatibilityChangeReporter: Compat change id reported: 177438394; UID 10185; state: DISABLED
01-29 06:03:13.209  1881  2237 D CompatibilityChangeReporter: Compat change id reported: 135772972; UID 10185; state: DISABLED
01-29 06:03:13.210  1881  2237 D CompatibilityChangeReporter: Compat change id reported: 135754954; UID 10185; state: ENABLED
01-29 06:03:13.212  1881  2241 D CompatibilityChangeReporter: Compat change id reported: 143937733; UID 10185; state: ENABLED
01-29 06:03:13.224  1881  2241 I ActivityManager: Start proc 21499:com.android.vending/u0a185 for service {com.android.vending/com.google.android.finsky.installservice.DevTriggeredUpdateService}
01-29 06:03:13.268  1881  7342 D CompatibilityChangeReporter: Compat change id reported: 168419799; UID 10185; state: DISABLED
01-29 06:03:13.268  1881  7342 D CompatibilityChangeReporter: Compat change id reported: 273564678; UID 10185; state: DISABLED
01-29 06:03:13.278  1881  7342 D CompatibilityChangeReporter: Compat change id reported: 170503758; UID 10185; state: ENABLED
01-29 06:03:13.457  1881  7342 D CompatibilityChangeReporter: Compat change id reported: 161145287; UID 10185; state: ENABLED
01-29 06:03:13.551  1881  7353 I ActivityManager: Flag disabled. Ignoring finishAttachApplication from uid: 10185. pid: 21499
01-29 06:03:13.556  1881  7353 D ActivityManager: sync unfroze 19651 com.google.process.gservices for 7
01-29 06:03:13.563  1881  1926 D ActivityManager: sync unfroze 20647 com.google.process.gapps for 7
01-29 06:03:13.620  1881  7342 D CompatibilityChangeReporter: Compat change id reported: 319212206; UID 10185; state: ENABLED
01-29 06:03:13.682  1881  1926 D CompatibilityChangeReporter: Compat change id reported: 261072174; UID 10185; state: ENABLED
01-29 06:03:23.666  1881  2505 D ActivityManager: freezing 21499 com.android.vending
01-29 06:03:23.667  1881  2505 D ActivityManager: freezing 20647 com.google.process.gapps
01-29 06:03:23.668  1881  2505 D ActivityManager: freezing 19651 com.google.process.gservices
01-29 06:03:38.996  2658  3728 D PowerUI : can't show warning due to - plugged: true status unknown: false
01-29 06:03:43.386  1881  1926 W AppOps  : Noting op not finished: uid 10318 pkg io.homeassistant.companion.android code 1 startTime of in progress event=1738159202497
01-29 06:03:43.397  1881  7342 D CompatibilityChangeReporter: Compat change id reported: 171306433; UID 10192; state: ENABLED
01-29 06:03:43.411  1881  2237 D ActivityManager: sync unfroze 29274 io.homeassistant.companion.android for 3
01-29 06:04:10.395  1881  6430 D ActivityManager: sync unfroze 31090 com.google.android.apps.messaging for 7
01-29 06:04:13.468  1881  2505 D ActivityManager: freezing 29274 io.homeassistant.companion.android
01-29 06:04:13.663  1881  2237 I ActivityManager: Killing 21499:com.android.vending/u0a185 (adj 905): cached idle & background restricted
01-29 06:04:13.730  1881  7353 W ActivityManager: Scheduling restart of crashed service com.android.vending/com.google.android.finsky.installservice.DevTriggeredUpdateService in 1000ms for connection
01-29 06:04:13.730  1881  7353 W ActivityManager: Scheduling restart of crashed service com.android.vending/com.google.android.finsky.billing.iab.InAppBillingService in 11000ms for connection
01-29 06:04:13.730  1881  7353 W ActivityManager: Scheduling restart of crashed service com.android.vending/com.google.android.finsky.externalreferrer.GetInstallReferrerService in 21000ms for connection
01-29 06:04:13.731  1881  2214 D DisplayManagerService: Drop pending events for gone uid 10185
01-29 06:04:14.736  1881  2237 D CompatibilityChangeReporter: Compat change id reported: 135634846; UID 10185; state: DISABLED
01-29 06:04:14.736  1881  2237 D CompatibilityChangeReporter: Compat change id reported: 177438394; UID 10185; state: DISABLED
01-29 06:04:14.737  1881  2237 D CompatibilityChangeReporter: Compat change id reported: 135772972; UID 10185; state: DISABLED
01-29 06:04:14.737  1881  2237 D CompatibilityChangeReporter: Compat change id reported: 135754954; UID 10185; state: ENABLED
01-29 06:04:14.739  1881  2241 D CompatibilityChangeReporter: Compat change id reported: 143937733; UID 10185; state: ENABLED
01-29 06:04:14.751  1881  2241 I ActivityManager: Start proc 21641:com.android.vending/u0a185 for service {com.android.vending/com.google.android.finsky.installservice.DevTriggeredUpdateService}
01-29 06:04:14.793  1881  7353 D CompatibilityChangeReporter: Compat change id reported: 168419799; UID 10185; state: DISABLED
01-29 06:04:14.793  1881  7353 D CompatibilityChangeReporter: Compat change id reported: 273564678; UID 10185; state: DISABLED
01-29 06:04:14.799  1881  2491 D CompatibilityChangeReporter: Compat change id reported: 265195908; UID 10185; state: ENABLED
01-29 06:04:14.801  1881  7353 D CompatibilityChangeReporter: Compat change id reported: 170503758; UID 10185; state: ENABLED
01-29 06:04:14.971  1881  7342 D CompatibilityChangeReporter: Compat change id reported: 161145287; UID 10185; state: ENABLED
01-29 06:04:15.051  1881  6678 I ActivityManager: Flag disabled. Ignoring finishAttachApplication from uid: 10185. pid: 21641
01-29 06:04:15.077  1881  6678 D ActivityManager: sync unfroze 19651 com.google.process.gservices for 7
01-29 06:04:15.093  1881  6678 D ActivityManager: sync unfroze 20647 com.google.process.gapps for 7
01-29 06:04:15.164  1881  6678 D CompatibilityChangeReporter: Compat change id reported: 319212206; UID 10185; state: ENABLED
01-29 06:04:25.192  1881  2505 D ActivityManager: freezing 21641 com.android.vending
01-29 06:04:25.193  1881  2505 D ActivityManager: freezing 20647 com.google.process.gapps
01-29 06:04:25.194  1881  2505 D ActivityManager: freezing 19651 com.google.process.gservices
01-29 06:04:47.046  1881  2505 D ActivityManager: freezing 31090 com.google.android.apps.messaging
01-29 06:05:15.177  1881  2237 I ActivityManager: Killing 21641:com.android.vending/u0a185 (adj 905): cached idle & background restricted
01-29 06:05:15.242  1881  7353 W ActivityManager: Scheduling restart of crashed service com.android.vending/com.google.android.finsky.installservice.DevTriggeredUpdateService in 1000ms for connection
01-29 06:05:15.242  1881  7353 W ActivityManager: Scheduling restart of crashed service com.android.vending/com.google.android.finsky.billing.iab.InAppBillingService in 11000ms for connection
01-29 06:05:15.242  1881  7353 W ActivityManager: Scheduling restart of crashed service com.android.vending/com.google.android.finsky.externalreferrer.GetInstallReferrerService in 21000ms for connection
01-29 06:05:15.243  1881  2214 D DisplayManagerService: Drop pending events for gone uid 10185
01-29 06:05:16.248  1881  2237 D CompatibilityChangeReporter: Compat change id reported: 135634846; UID 10185; state: DISABLED
01-29 06:05:16.249  1881  2237 D CompatibilityChangeReporter: Compat change id reported: 177438394; UID 10185; state: DISABLED
01-29 06:05:16.249  1881  2237 D CompatibilityChangeReporter: Compat change id reported: 135772972; UID 10185; state: DISABLED
01-29 06:05:16.249  1881  2237 D CompatibilityChangeReporter: Compat change id reported: 135754954; UID 10185; state: ENABLED
01-29 06:05:16.251  1881  2241 D CompatibilityChangeReporter: Compat change id reported: 143937733; UID 10185; state: ENABLED
01-29 06:05:16.264  1881  2241 I ActivityManager: Start proc 21770:com.android.vending/u0a185 for service {com.android.vending/com.google.android.finsky.installservice.DevTriggeredUpdateService}
01-29 06:05:16.310  1881  7353 D CompatibilityChangeReporter: Compat change id reported: 168419799; UID 10185; state: DISABLED
01-29 06:05:16.310  1881  7353 D CompatibilityChangeReporter: Compat change id reported: 273564678; UID 10185; state: DISABLED
01-29 06:05:16.316  1881  2491 D CompatibilityChangeReporter: Compat change id reported: 265195908; UID 10185; state: ENABLED
01-29 06:05:16.320  1881  7353 D CompatibilityChangeReporter: Compat change id reported: 170503758; UID 10185; state: ENABLED
01-29 06:05:16.504  1881  7353 D CompatibilityChangeReporter: Compat change id reported: 161145287; UID 10185; state: ENABLED
01-29 06:05:16.587  1881  7353 I ActivityManager: Flag disabled. Ignoring finishAttachApplication from uid: 10185. pid: 21770
01-29 06:05:16.605  1881  6680 D ActivityManager: sync unfroze 19651 com.google.process.gservices for 7
01-29 06:05:16.616  1881  7353 D ActivityManager: sync unfroze 20647 com.google.process.gapps for 7
01-29 06:05:16.678  1881  2731 D CompatibilityChangeReporter: Compat change id reported: 319212206; UID 10185; state: ENABLED
01-29 06:05:16.703  1881  7353 D CompatibilityChangeReporter: Compat change id reported: 261072174; UID 10185; state: ENABLED
01-29 06:05:26.748  1881  2505 D ActivityManager: freezing 21770 com.android.vending
01-29 06:05:26.750  1881  2505 D ActivityManager: freezing 20647 com.google.process.gapps
01-29 06:05:26.750  1881  2505 D ActivityManager: freezing 19651 com.google.process.gservices
01-29 06:05:38.996  2658  3813 D PowerUI : can't show warning due to - plugged: true status unknown: false
01-29 06:05:45.010  1881  1927 D ActivityManager: sync unfroze 16552 com.google.android.permissioncontroller for 6
01-29 06:05:53.946  1881  2236 I UsageStatsService: User[0] Flushing usage stats to disk
01-29 06:06:16.712  1881  2237 I ActivityManager: Killing 21770:com.android.vending/u0a185 (adj 905): cached idle & background restricted
01-29 06:06:16.783  1881  2731 W ActivityManager: Scheduling restart of crashed service com.android.vending/com.google.android.finsky.installservice.DevTriggeredUpdateService in 1000ms for connection
01-29 06:06:16.783  1881  2731 W ActivityManager: Scheduling restart of crashed service com.android.vending/com.google.android.finsky.billing.iab.InAppBillingService in 10999ms for connection
01-29 06:06:16.783  1881  2731 W ActivityManager: Scheduling restart of crashed service com.android.vending/com.google.android.finsky.externalreferrer.GetInstallReferrerService in 20999ms for connection
01-29 06:06:16.784  1881  2214 D DisplayManagerService: Drop pending events for gone uid 10185
01-29 06:06:17.789  1881  2237 D CompatibilityChangeReporter: Compat change id reported: 135634846; UID 10185; state: DISABLED
01-29 06:06:17.789  1881  2237 D CompatibilityChangeReporter: Compat change id reported: 177438394; UID 10185; state: DISABLED
01-29 06:06:17.789  1881  2237 D CompatibilityChangeReporter: Compat change id reported: 135772972; UID 10185; state: DISABLED
01-29 06:06:17.790  1881  2237 D CompatibilityChangeReporter: Compat change id reported: 135754954; UID 10185; state: ENABLED
01-29 06:06:17.791  1881  2241 D CompatibilityChangeReporter: Compat change id reported: 143937733; UID 10185; state: ENABLED
01-29 06:06:17.803  1881  2241 I ActivityManager: Start proc 21903:com.android.vending/u0a185 for service {com.android.vending/com.google.android.finsky.installservice.DevTriggeredUpdateService}
01-29 06:06:17.848  1881  2731 D CompatibilityChangeReporter: Compat change id reported: 168419799; UID 10185; state: DISABLED
01-29 06:06:17.849  1881  2731 D CompatibilityChangeReporter: Compat change id reported: 273564678; UID 10185; state: DISABLED
01-29 06:06:17.854  1881  2491 D CompatibilityChangeReporter: Compat change id reported: 265195908; UID 10185; state: ENABLED
01-29 06:06:17.859  1881  7342 D CompatibilityChangeReporter: Compat change id reported: 170503758; UID 10185; state: ENABLED
01-29 06:06:18.044  1881  2731 D CompatibilityChangeReporter: Compat change id reported: 161145287; UID 10185; state: ENABLED
01-29 06:06:18.139  1881  7341 I ActivityManager: Flag disabled. Ignoring finishAttachApplication from uid: 10185. pid: 21903
01-29 06:06:18.147  1881  7342 D ActivityManager: sync unfroze 19651 com.google.process.gservices for 7
01-29 06:06:18.163  1881  7341 D ActivityManager: sync unfroze 20647 com.google.process.gapps for 7
01-29 06:06:18.242  1881  7342 D CompatibilityChangeReporter: Compat change id reported: 319212206; UID 10185; state: ENABLED
01-29 06:06:18.279  1881  7341 D CompatibilityChangeReporter: Compat change id reported: 261072174; UID 10185; state: ENABLED
01-29 06:06:25.067  1881  2505 D ActivityManager: freezing 16552 com.google.android.permissioncontroller
01-29 06:06:28.276  1881  2505 D ActivityManager: freezing 21903 com.android.vending
01-29 06:06:28.276  1881  2505 D ActivityManager: Reschedule freeze for process 21903 com.android.vending (outstanding txns), timeout=2693
01-29 06:06:28.276  1881  2505 D ActivityManager: freezing 20647 com.google.process.gapps
01-29 06:06:28.277  1881  2505 D ActivityManager: freezing 19651 com.google.process.gservices
01-29 06:06:28.633  1881  2731 D CompatibilityChangeReporter: Compat change id reported: 135634846; UID 10185; state: DISABLED
01-29 06:06:28.633  1881  2731 D CompatibilityChangeReporter: Compat change id reported: 177438394; UID 10185; state: DISABLED
01-29 06:06:28.634  1881  2731 D CompatibilityChangeReporter: Compat change id reported: 135772972; UID 10185; state: DISABLED
01-29 06:06:28.634  1881  2731 D CompatibilityChangeReporter: Compat change id reported: 135754954; UID 10185; state: ENABLED
01-29 06:06:28.634  1881  2241 D CompatibilityChangeReporter: Compat change id reported: 143937733; UID 10185; state: ENABLED
01-29 06:06:28.650  1881  2241 I ActivityManager: Start proc 22024:com.android.vending:background/u0a185 for service {com.android.vending/com.google.frameworks.client.data.android.server.play.BackgroundProcessEndpointService}
01-29 06:06:28.903  1881  7341 I ActivityManager: Flag disabled. Ignoring finishAttachApplication from uid: 10185. pid: 22024
01-29 06:06:30.980  1881  2505 D ActivityManager: freezing 21903 com.android.vending
01-29 06:06:35.939 22024 22045 I ActivityThread: Removing dead content provider:android.content.ContentProviderProxy@62da433
01-29 06:06:35.939  1881  7341 I ActivityManager: Process com.google.process.gservices (pid 19651) early provider death
01-29 06:06:35.940  1881  7341 I ActivityManager: Process com.google.process.gservices (pid 19651) has died: cch+5 CEM 
01-29 06:06:35.961  1881  7341 V ActivityManager: Got obituary of 19651:com.google.process.gservices
01-29 06:06:38.947  1881  2505 D ActivityManager: freezing 22024 com.android.vending:background
01-29 06:07:18.271  1881  2237 I ActivityManager: Killing 21903:com.android.vending/u0a185 (adj 905): cached idle & background restricted
01-29 06:07:18.341  1881  2731 D ActivityManager: sync unfroze 22024 com.android.vending:background for 5
01-29 06:07:18.346  1881  2731 W ActivityManager: Scheduling restart of crashed service com.android.vending/com.google.android.finsky.installservice.DevTriggeredUpdateService in 1000ms for connection
01-29 06:07:18.346  1881  2731 W ActivityManager: Scheduling restart of crashed service com.android.vending/com.google.android.finsky.billing.iab.InAppBillingService in 10999ms for connection
01-29 06:07:18.346  1881  2731 W ActivityManager: Scheduling restart of crashed service com.android.vending/com.google.android.finsky.externalreferrer.GetInstallReferrerService in 20999ms for connection
01-29 06:07:19.349  1881  2237 D CompatibilityChangeReporter: Compat change id reported: 135634846; UID 10185; state: DISABLED
01-29 06:07:19.350  1881  2237 D CompatibilityChangeReporter: Compat change id reported: 177438394; UID 10185; state: DISABLED
01-29 06:07:19.351  1881  2237 D CompatibilityChangeReporter: Compat change id reported: 135772972; UID 10185; state: DISABLED
01-29 06:07:19.351  1881  2237 D CompatibilityChangeReporter: Compat change id reported: 135754954; UID 10185; state: ENABLED
01-29 06:07:19.353  1881  2241 D CompatibilityChangeReporter: Compat change id reported: 143937733; UID 10185; state: ENABLED
01-29 06:07:19.366  1881  2241 I ActivityManager: Start proc 22076:com.android.vending/u0a185 for service {com.android.vending/com.google.android.finsky.installservice.DevTriggeredUpdateService}
01-29 06:07:19.408  1881  6666 D CompatibilityChangeReporter: Compat change id reported: 168419799; UID 10185; state: DISABLED
01-29 06:07:19.408  1881  6666 D CompatibilityChangeReporter: Compat change id reported: 273564678; UID 10185; state: DISABLED
01-29 06:07:19.415  1881  6666 D CompatibilityChangeReporter: Compat change id reported: 170503758; UID 10185; state: ENABLED
01-29 06:07:19.592  1881  2731 D CompatibilityChangeReporter: Compat change id reported: 161145287; UID 10185; state: ENABLED
01-29 06:07:19.677  1881  2726 I ActivityManager: Flag disabled. Ignoring finishAttachApplication from uid: 10185. pid: 22076
01-29 06:07:19.691  1881  2726 D CompatibilityChangeReporter: Compat change id reported: 135634846; UID 10192; state: DISABLED
01-29 06:07:19.692  1881  2726 D CompatibilityChangeReporter: Compat change id reported: 177438394; UID 10192; state: DISABLED
01-29 06:07:19.692  1881  2726 D CompatibilityChangeReporter: Compat change id reported: 135772972; UID 10192; state: DISABLED
01-29 06:07:19.692  1881  2726 D CompatibilityChangeReporter: Compat change id reported: 135754954; UID 10192; state: ENABLED
01-29 06:07:19.692  1881  2241 D CompatibilityChangeReporter: Compat change id reported: 143937733; UID 10192; state: ENABLED
01-29 06:07:19.702  1881  2241 I ActivityManager: Start proc 22115:com.google.process.gservices/u0a192 for content provider {com.google.android.gsf/com.google.android.gsf.gservices.GservicesProvider}
01-29 06:07:19.721  1881  2731 D CompatibilityChangeReporter: Compat change id reported: 168419799; UID 10192; state: DISABLED
01-29 06:07:19.721  1881  2731 D CompatibilityChangeReporter: Compat change id reported: 273564678; UID 10192; state: DISABLED
01-29 06:07:19.729  1881  2731 D CompatibilityChangeReporter: Compat change id reported: 170503758; UID 10192; state: ENABLED
01-29 06:07:19.762  1881  2731 D CompatibilityChangeReporter: Compat change id reported: 319212206; UID 10185; state: ENABLED
01-29 06:07:19.820  1881  2726 W ActivityManager: Unable to start service Intent { act=com.google.android.gms.gservices.START pkg=com.google.android.gms } U=0: not found
01-29 06:07:19.820  1881  2726 W ActivityManager: Unbind failed: could not find connection for android.os.BinderProxy@1d1a44
01-29 06:07:19.832 22076 22096 I ActivityThread: Removing dead content provider:android.content.ContentProviderProxy@9ceeffe
01-29 06:07:19.832  1881  2726 I ActivityManager: Process com.google.process.gapps (pid 20647) early provider death
01-29 06:07:19.833  1881  2726 I ActivityManager: Process com.google.process.gapps (pid 20647) has died: cch+5 CEM 
01-29 06:07:19.853  1881  2731 I ActivityManager: Flag disabled. Ignoring finishAttachApplication from uid: 10192. pid: 22115
01-29 06:07:19.858  1881  2726 V ActivityManager: Got obituary of 20647:com.google.process.gapps
01-29 06:07:19.877  1881  2731 D CompatibilityChangeReporter: Compat change id reported: 135634846; UID 10192; state: DISABLED
01-29 06:07:19.877  1881  2731 D CompatibilityChangeReporter: Compat change id reported: 177438394; UID 10192; state: DISABLED
01-29 06:07:19.877  1881  2731 D CompatibilityChangeReporter: Compat change id reported: 135772972; UID 10192; state: DISABLED
01-29 06:07:19.877  1881  2731 D CompatibilityChangeReporter: Compat change id reported: 135754954; UID 10192; state: ENABLED
01-29 06:07:19.877  1881  2241 D CompatibilityChangeReporter: Compat change id reported: 143937733; UID 10192; state: ENABLED
01-29 06:07:19.885  1881  2241 I ActivityManager: Start proc 22168:com.google.process.gapps/u0a192 for content provider {com.google.android.gsf/com.google.android.gsf.settings.GoogleSettingsProvider}
01-29 06:07:19.975  1881  6430 I ActivityManager: Flag disabled. Ignoring finishAttachApplication from uid: 10192. pid: 22168
01-29 06:07:28.370  1881  2505 D ActivityManager: freezing 22024 com.android.vending:background
01-29 06:07:29.815  1881  2505 D ActivityManager: freezing 22076 com.android.vending
01-29 06:07:29.836  1881  2505 D ActivityManager: freezing 22115 com.google.process.gservices
01-29 06:07:29.908  1881  2505 D ActivityManager: freezing 22168 com.google.process.gapps
01-29 06:07:54.929  1881  6430 D CompatibilityChangeReporter: Compat change id reported: 171306433; UID 10192; state: ENABLED
01-29 06:07:54.930  1881  6430 D CompatibilityChangeReporter: Compat change id reported: 218533173; UID 10192; state: ENABLED
01-29 06:07:54.958  1881  2237 D ActivityManager: sync unfroze 22168 com.google.process.gapps for 10
01-29 06:07:54.958  1881  2237 D ActivityManager: pid 21131 com.google.android.gms received sync transactions while frozen, killing
01-29 06:07:54.958  1881  2237 I ActivityManager: Killing 21131:com.google.android.gms/u0a192 (adj 905): Sync transaction while in frozen state
01-29 06:07:54.959  1881  2237 D ActivityManager: sync unfroze 22115 com.google.process.gservices for 10
01-29 06:07:54.960  1881  2237 D ActivityManager: sync unfroze 31631 com.google.android.gms.unstable for 10
01-29 06:07:54.961  1881  2237 D ActivityManager: sync unfroze 31192 com.google.android.gms.ui for 10
01-29 06:07:54.963  1881  2237 D ActivityManager: sync unfroze 3233 com.google.android.gms.learning for 10
01-29 06:07:54.965  1881  2237 D ActivityManager: sync unfroze 4679 com.google.android.gms:snet for 10
01-29 06:07:54.989  1881  6666 D CompatibilityChangeReporter: Compat change id reported: 161145287; UID 10192; state: ENABLED
01-29 06:07:55.004  1881  2758 W ProcessStats: Tracking association SourceState{acf55ef com.google.android.gms.persistent/10192 ImpBg #162145} whose proc state 6 is better than process ProcessState{7429adc com.google.android.gms/10192 pkg=com.google.android.gms} proc state 14 (4 skipped)
01-29 06:07:55.004  1881  2758 W ActivityManager: Application dead when creating service ServiceRecord{fddf2ce u0 com.google.android.gms/.constellation.checker.RefreshGcmTaskService}
01-29 06:07:55.006  1881  2758 W ActivityManager: Scheduling restart of crashed service com.google.android.gms/.constellation.checker.RefreshGcmTaskService in 1000ms for connection
01-29 06:07:55.006  1881  2758 W ActivityManager: Scheduling restart of crashed service com.google.android.gms/.measurement.service.MeasurementBrokerService in 11000ms for connection
01-29 06:07:55.006  1881  2758 W ActivityManager: Scheduling restart of crashed service com.google.android.gms/.chimera.GmsBoundBrokerService in 21000ms for connection
01-29 06:07:55.006  1881  2758 W ActivityManager: Scheduling restart of crashed service com.google.android.gms/.chimera.GmsApiService in 31000ms for connection
01-29 06:07:55.006  1881  2758 W ActivityManager: Scheduling restart of crashed service com.google.android.gms/.ads.identifier.service.AdvertisingIdService in 41000ms for connection
01-29 06:07:55.012  1881  2758 W ActivityManager: Scheduling restart of crashed service com.google.android.gms/.constellation.checker.RefreshGcmTaskService in 50994ms for always
01-29 06:07:55.013  1881  2758 W ActivityManager: Exception when starting service com.google.android.gms/.constellation.checker.RefreshGcmTaskService
01-29 06:07:55.013  1881  2758 W ActivityManager: android.os.DeadObjectException
01-29 06:07:55.013  1881  2758 W ActivityManager: 	at android.os.BinderProxy.transactNative(Native Method)
01-29 06:07:55.013  1881  2758 W ActivityManager: 	at android.os.BinderProxy.transact(BinderProxy.java:584)
01-29 06:07:55.013  1881  2758 W ActivityManager: 	at android.app.IApplicationThread$Stub$Proxy.scheduleCreateService(IApplicationThread.java:1282)
01-29 06:07:55.013  1881  2758 W ActivityManager: 	at com.android.server.am.ActiveServices.realStartServiceLocked(ActiveServices.java:5339)
01-29 06:07:55.013  1881  2758 W ActivityManager: 	at com.android.server.am.ActiveServices.bringUpServiceInnerLocked(ActiveServices.java:5151)
01-29 06:07:55.013  1881  2758 W ActivityManager: 	at com.android.server.am.ActiveServices.bringUpServiceLocked(ActiveServices.java:5060)
01-29 06:07:55.013  1881  2758 W ActivityManager: 	at com.android.server.am.ActiveServices.bindServiceLocked(ActiveServices.java:3738)
01-29 06:07:55.013  1881  2758 W ActivityManager: 	at com.android.server.am.ActivityManagerService.bindServiceInstance(ActivityManagerService.java:13404)
01-29 06:07:55.013  1881  2758 W ActivityManager: 	at com.android.server.am.ActivityManagerService.bindServiceInstance(ActivityManagerService.java:13368)
01-29 06:07:55.013  1881  2758 W ActivityManager: 	at android.app.IActivityManager$Stub.onTransact(IActivityManager.java:2884)
01-29 06:07:55.013  1881  2758 W ActivityManager: 	at com.android.server.am.ActivityManagerService.onTransact(ActivityManagerService.java:2720)
01-29 06:07:55.013  1881  2758 W ActivityManager: 	at android.os.Binder.execTransactInternal(Binder.java:1344)
01-29 06:07:55.013  1881  2758 W ActivityManager: 	at android.os.Binder.execTransact(Binder.java:1275)
01-29 06:07:55.040  1881  6598 V ActivityManager: Got obituary of 21131:com.google.android.gms
01-29 06:07:55.068  1881  2731 D CompatibilityChangeReporter: Compat change id reported: 135634846; UID 10192; state: DISABLED
01-29 06:07:55.068  1881  2731 D CompatibilityChangeReporter: Compat change id reported: 177438394; UID 10192; state: DISABLED
01-29 06:07:55.068  1881  2731 D CompatibilityChangeReporter: Compat change id reported: 135772972; UID 10192; state: DISABLED
01-29 06:07:55.068  1881  2731 D CompatibilityChangeReporter: Compat change id reported: 135754954; UID 10192; state: ENABLED
01-29 06:07:55.068  1881  2241 D CompatibilityChangeReporter: Compat change id reported: 143937733; UID 10192; state: ENABLED
01-29 06:07:55.079  1881  2241 I ActivityManager: Start proc 22231:com.google.android.gms/u0a192 for service {com.google.android.gms/com.google.android.gms.security.snet.SnetNormalTaskService}
01-29 06:07:55.100  1881  2731 D CompatibilityChangeReporter: Compat change id reported: 168419799; UID 10192; state: DISABLED
01-29 06:07:55.100  1881  2731 D CompatibilityChangeReporter: Compat change id reported: 273564678; UID 10192; state: DISABLED
01-29 06:07:55.124  1881  2237 W ActivityManager: Rescheduling restart of crashed service com.google.android.gms/.constellation.checker.RefreshGcmTaskService in 3890ms for other
01-29 06:07:55.422  1881  6430 I ActivityManager: Flag disabled. Ignoring finishAttachApplication from uid: 10192. pid: 22231
01-29 06:07:55.535  1881  6666 D CompatibilityChangeReporter: Compat change id reported: 319212206; UID 10192; state: DISABLED
01-29 06:08:05.609   650 22289 I keystore2: system/security/keystore2/src/watchdog.rs:319 - Watchdog thread idle -> terminating. Have a great day.
01-29 06:08:18.360  1881  2237 I ActivityManager: Killing 22024:com.android.vending:background/u0a185 (adj 905): cached idle & background restricted
01-29 06:08:19.818  1881  2237 I ActivityManager: Killing 22076:com.android.vending/u0a185 (adj 905): cached idle & background restricted
01-29 06:08:19.891  1881  6666 W ActivityManager: Scheduling restart of crashed service com.android.vending/com.google.android.finsky.installservice.DevTriggeredUpdateService in 1000ms for connection
01-29 06:08:19.892  1881  6666 W ActivityManager: Scheduling restart of crashed service com.android.vending/com.google.android.finsky.billing.iab.InAppBillingService in 11000ms for connection
01-29 06:08:19.892  1881  6666 W ActivityManager: Scheduling restart of crashed service com.android.vending/com.google.android.finsky.externalreferrer.GetInstallReferrerService in 21000ms for connection
01-29 06:08:19.893  1881  2214 D DisplayManagerService: Drop pending events for gone uid 10185
01-29 06:08:20.895  1881  2237 D CompatibilityChangeReporter: Compat change id reported: 135634846; UID 10185; state: DISABLED
01-29 06:08:20.896  1881  2237 D CompatibilityChangeReporter: Compat change id reported: 177438394; UID 10185; state: DISABLED
01-29 06:08:20.896  1881  2237 D CompatibilityChangeReporter: Compat change id reported: 135772972; UID 10185; state: DISABLED
01-29 06:08:20.896  1881  2237 D CompatibilityChangeReporter: Compat change id reported: 135754954; UID 10185; state: ENABLED
01-29 06:08:20.898  1881  2241 D CompatibilityChangeReporter: Compat change id reported: 143937733; UID 10185; state: ENABLED
01-29 06:08:20.910  1881  2241 I ActivityManager: Start proc 22304:com.android.vending/u0a185 for service {com.android.vending/com.google.android.finsky.installservice.DevTriggeredUpdateService}
01-29 06:08:20.953  1881  6666 D CompatibilityChangeReporter: Compat change id reported: 168419799; UID 10185; state: DISABLED
01-29 06:08:20.953  1881  6666 D CompatibilityChangeReporter: Compat change id reported: 273564678; UID 10185; state: DISABLED
01-29 06:08:20.958  1881  2491 D CompatibilityChangeReporter: Compat change id reported: 265195908; UID 10185; state: ENABLED
01-29 06:08:20.962  1881  6666 D CompatibilityChangeReporter: Compat change id reported: 170503758; UID 10185; state: ENABLED
01-29 06:08:21.169  1881  2942 D CompatibilityChangeReporter: Compat change id reported: 161145287; UID 10185; state: ENABLED
01-29 06:08:21.239  1881  2942 I ActivityManager: Flag disabled. Ignoring finishAttachApplication from uid: 10185. pid: 22304
01-29 06:08:21.314  1881  6666 D CompatibilityChangeReporter: Compat change id reported: 319212206; UID 10185; state: ENABLED
01-29 06:08:21.413  1881  1927 D CompatibilityChangeReporter: Compat change id reported: 261072174; UID 10185; state: ENABLED
01-29 06:08:21.422  1881  6666 W ProcessStats: Tracking association SourceState{6772a43 com.android.vending/10185 Receivr #162287} whose proc state 10 is better than process ProcessState{7429adc com.google.android.gms/10192 pkg=com.google.android.gms} proc state 14 (0 skipped)
01-29 06:08:25.012  1881  2505 D ActivityManager: freezing 31631 com.google.android.gms.unstable
01-29 06:08:25.015  1881  2505 D ActivityManager: freezing 31192 com.google.android.gms.ui
01-29 06:08:25.017  1881  2505 D ActivityManager: freezing 3233 com.google.android.gms.learning
01-29 06:08:25.018  1881  2505 D ActivityManager: freezing 4679 com.google.android.gms:snet
01-29 06:08:31.423  1881  2505 D ActivityManager: freezing 22168 com.google.process.gapps
01-29 06:08:31.475  1881  2505 D ActivityManager: freezing 22304 com.android.vending
01-29 06:08:37.437  1881  2505 D ActivityManager: freezing 22115 com.google.process.gservices
01-29 06:08:41.494   650 22427 I keystore2: system/security/keystore2/src/watchdog.rs:319 - Watchdog thread idle -> terminating. Have a great day.
01-29 06:08:53.254  1881  2505 D ActivityManager: freezing 22231 com.google.android.gms
01-29 06:09:21.475  1881  2237 I ActivityManager: Killing 22304:com.android.vending/u0a185 (adj 905): cached idle & background restricted
01-29 06:09:21.545  1881  2942 W ActivityManager: Scheduling restart of crashed service com.android.vending/com.google.android.finsky.installservice.DevTriggeredUpdateService in 1000ms for connection
01-29 06:09:21.545  1881  2942 W ActivityManager: Scheduling restart of crashed service com.android.vending/com.google.android.finsky.billing.iab.InAppBillingService in 11000ms for connection
01-29 06:09:21.545  1881  2942 W ActivityManager: Scheduling restart of crashed service com.android.vending/com.google.android.finsky.externalreferrer.GetInstallReferrerService in 21000ms for connection
01-29 06:09:21.546  1881  2214 D DisplayManagerService: Drop pending events for gone uid 10185
01-29 06:09:22.550  1881  2237 D CompatibilityChangeReporter: Compat change id reported: 135634846; UID 10185; state: DISABLED
01-29 06:09:22.550  1881  2237 D CompatibilityChangeReporter: Compat change id reported: 177438394; UID 10185; state: DISABLED
01-29 06:09:22.550  1881  2237 D CompatibilityChangeReporter: Compat change id reported: 135772972; UID 10185; state: DISABLED
01-29 06:09:22.550  1881  2237 D CompatibilityChangeReporter: Compat change id reported: 135754954; UID 10185; state: ENABLED
01-29 06:09:22.551  1881  2241 D CompatibilityChangeReporter: Compat change id reported: 143937733; UID 10185; state: ENABLED
01-29 06:09:22.563  1881  2241 I ActivityManager: Start proc 22431:com.android.vending/u0a185 for service {com.android.vending/com.google.android.finsky.installservice.DevTriggeredUpdateService}
01-29 06:09:22.608  1881  7340 D CompatibilityChangeReporter: Compat change id reported: 168419799; UID 10185; state: DISABLED
01-29 06:09:22.608  1881  7340 D CompatibilityChangeReporter: Compat change id reported: 273564678; UID 10185; state: DISABLED
01-29 06:09:22.613  1881  2491 D CompatibilityChangeReporter: Compat change id reported: 265195908; UID 10185; state: ENABLED
01-29 06:09:22.615  1881  7340 D CompatibilityChangeReporter: Compat change id reported: 170503758; UID 10185; state: ENABLED
01-29 06:09:22.808  1881  7364 D CompatibilityChangeReporter: Compat change id reported: 161145287; UID 10185; state: ENABLED
01-29 06:09:22.892  1881  7340 I ActivityManager: Flag disabled. Ignoring finishAttachApplication from uid: 10185. pid: 22431
01-29 06:09:22.909  1881  7364 D ActivityManager: sync unfroze 22115 com.google.process.gservices for 7
01-29 06:09:22.967  1881  7340 D ActivityManager: sync unfroze 22168 com.google.process.gapps for 7
01-29 06:09:23.009  1881  7340 D CompatibilityChangeReporter: Compat change id reported: 319212206; UID 10185; state: ENABLED
01-29 06:09:23.025  1881  7364 D CompatibilityChangeReporter: Compat change id reported: 261072174; UID 10185; state: ENABLED
01-29 06:09:23.034  1881  2942 D ActivityManager: sync unfroze 22231 com.google.android.gms for 4
01-29 06:09:23.036  1881  2942 W ProcessStats: Tracking association SourceState{6772a43 com.android.vending/10185 Receivr #162321} whose proc state 10 is better than process ProcessState{7429adc com.google.android.gms/10192 pkg=com.google.android.gms} proc state 14 (2 skipped)
01-29 06:09:33.079  1881  2505 D ActivityManager: freezing 22168 com.google.process.gapps
01-29 06:09:33.080  1881  2505 D ActivityManager: freezing 22431 com.android.vending
01-29 06:09:33.082  1881  2505 D ActivityManager: freezing 22115 com.google.process.gservices
01-29 06:09:34.218  1881  7337 D CompatibilityChangeReporter: Compat change id reported: 161145287; UID 10192; state: ENABLED
