01-29 06:33:54.787   650 26899 I keystore2: system/security/keystore2/src/watchdog.rs:319 - Watchdog thread idle -> terminating. Have a great day.
01-29 06:33:54.796  1881  2505 D ActivityManager: freezing 26878 com.android.vending:background
01-29 06:33:56.480  1881  2505 D ActivityManager: freezing 28159 com.google.android.inputmethod.latin:train
01-29 06:34:01.136  1881  2505 D ActivityManager: freezing 31631 com.google.android.gms.unstable
01-29 06:34:09.136  1881  2505 D ActivityManager: freezing 26825 com.google.android.gms
01-29 06:34:13.484  1881  2505 D ActivityManager: freezing 29274 io.homeassistant.companion.android
01-29 06:34:13.745  1881  2491 D ActivityManager: sync unfroze 3808 com.google.android.as.oss for 6
01-29 06:34:13.758  1881  2491 D ActivityManager: sync unfroze 29166 com.chibatching.worldclockwidget for 6
01-29 06:34:13.762  1881  2491 D ActivityManager: sync unfroze 26648 com.android.vending for 6
01-29 06:34:13.763  1881  2491 D ActivityManager: sync unfroze 26825 com.google.android.gms for 6
01-29 06:34:13.764  1881  2491 D ActivityManager: sync unfroze 26878 com.android.vending:background for 6
01-29 06:34:13.766  1881  2491 W ProcessStats: Tracking association SourceState{65b6545 com.android.vending/10185 ImpBg #164185} whose proc state 6 is better than process ProcessState{7429adc com.google.android.gms/10192 pkg=com.google.android.gms} proc state 14 (26 skipped)
01-29 06:34:13.773  1881  2491 D CompatibilityChangeReporter: Compat change id reported: 265195908; UID 10185; state: ENABLED
01-29 06:34:13.778  1881  1881 V BackupManagerConstants: getFullBackupIntervalMilliseconds(...) returns 86400000
01-29 06:34:13.778  1881  1881 V BackupManagerConstants: getKeyValueBackupIntervalMilliseconds(...) returns 43200000
01-29 06:34:13.778  1881  1881 I BackupManagerService: [UserID:0] Beginning scheduled full backup operation
01-29 06:34:13.778  1881  1881 I BackupManagerService: [UserID:0] Full backup time but com.google.android.grilservice is busy; deferring to 2025-01-29 09:01:21
01-29 06:34:13.779  1881  1881 I BackupManagerService: [UserID:0] Nothing pending full backup or failed to start the operation; rescheduling +470072
01-29 06:34:13.779  1881  1881 V BackupManagerConstants: getFullBackupRequiredNetworkType(...) returns 2
01-29 06:34:13.779  1881  1881 V BackupManagerConstants: getFullBackupRequireCharging(...) returns true
01-29 06:34:13.782  1881  1881 W JobScheduler: Job didn't exist in JobStore: dff5377 #1000/52418896 android/com.android.server.backup.FullBackupJob
01-29 06:34:13.790  1881  6678 D ActivityManager: sync unfroze 9439 com.google.android.as.oss:learning_bg for 6
01-29 06:34:14.032   650  9206 W keystore2: system/security/keystore2/src/remote_provisioning.rs:102 - Error occurred: system/security/keystore2/src/rkpd_client.rs:226: Trying to get to IRegistration service.
01-29 06:34:14.032   650  9206 W keystore2: 
01-29 06:34:14.032   650  9206 W keystore2: Caused by:
01-29 06:34:14.032   650  9206 W keystore2:     0: system/security/keystore2/src/rkpd_client.rs:120: Trying to get IRPC name.
01-29 06:34:14.032   650  9206 W keystore2:     1: system/security/keystore2/src/globals.rs:440
01-29 06:34:14.032   650  9206 W keystore2:     2: Error::Km(r#HARDWARE_TYPE_UNAVAILABLE)
01-29 06:34:15.824  1881  2944 W JobScheduler: Job didn't exist in JobStore: afdbbd3 #u0a430/-286677079 com.google.android.as.oss/com.google.android.gms.learning.internal.training.InAppJobService
01-29 06:34:23.745  1881  2505 D ActivityManager: freezing 3134 com.google.android.gm
01-29 06:34:24.354  1881  2505 D ActivityManager: freezing 29166 com.chibatching.worldclockwidget
01-29 06:34:24.358  1881  2505 D ActivityManager: freezing 26648 com.android.vending
01-29 06:34:24.359  1881  2505 D ActivityManager: freezing 26878 com.android.vending:background
01-29 06:34:24.361  1881  2505 D ActivityManager: freezing 26825 com.google.android.gms
01-29 06:34:25.823  1881  2505 D ActivityManager: freezing 9439 com.google.android.as.oss:learning_bg
01-29 06:34:25.825  1881  2505 D ActivityManager: freezing 3808 com.google.android.as.oss
01-29 06:34:26.057   650 27009 I keystore2: system/security/keystore2/src/watchdog.rs:319 - Watchdog thread idle -> terminating. Have a great day.
01-29 06:34:38.997  2658  3804 D PowerUI : can't show warning due to - plugged: true status unknown: false
01-29 06:34:43.705  1881  2491 D ActivityManager: sync unfroze 8124 com.google.android.adservices.api for 6
01-29 06:34:43.724  1881  2491 D ActivityManager: sync unfroze 25225 com.google.android.apps.fitness for 6
01-29 06:34:43.742  1881  2491 D ActivityManager: sync unfroze 13707 com.instagram.android for 6
01-29 06:34:43.761  1881  2944 D ActivityManager: sync unfroze 26825 com.google.android.gms for 4
01-29 06:34:43.762  1881  2944 W ProcessStats: Tracking association SourceState{abd129f com.google.android.apps.fitness/10398 ImpBg #164231} whose proc state 6 is better than process ProcessState{7429adc com.google.android.gms/10192 pkg=com.google.android.gms} proc state 14 (15 skipped)
01-29 06:34:53.719  1881  2505 D ActivityManager: freezing 23950 com.whatsapp
01-29 06:34:53.720  1881  2505 D ActivityManager: freezing 32187 android.process.acore
01-29 06:34:53.995  1881  2505 D ActivityManager: freezing 13707 com.instagram.android
01-29 06:34:54.227  1881  2505 D ActivityManager: freezing 8124 com.google.android.adservices.api
01-29 06:34:58.930  1881  2505 D ActivityManager: freezing 26825 com.google.android.gms
01-29 06:34:58.932  1881  2505 D ActivityManager: freezing 22115 com.google.process.gservices
01-29 06:35:08.146  1881  2505 D ActivityManager: freezing 25225 com.google.android.apps.fitness
01-29 06:35:14.360  1881  2237 I ActivityManager: Killing 26648:com.android.vending/u0a185 (adj 905): cached idle & background restricted
01-29 06:35:14.362  1881  2237 I ActivityManager: Killing 26878:com.android.vending:background/u0a185 (adj 905): cached idle & background restricted
01-29 06:35:14.407  1881  1927 D CompatibilityChangeReporter: Compat change id reported: 261072174; UID 10185; state: ENABLED
01-29 06:35:14.408  1881  1927 W ActivityManager: Scheduling restart of crashed service com.android.vending/com.google.frameworks.client.data.android.server.play.BackgroundProcessEndpointService in 1000ms for connection
01-29 06:35:14.421  1881  1927 W ActivityManager: Scheduling restart of crashed service com.android.vending/com.google.android.finsky.installservice.DevTriggeredUpdateService in 1000ms for connection
01-29 06:35:14.421  1881  1927 W ActivityManager: Scheduling restart of crashed service com.android.vending/com.google.android.finsky.billing.iab.InAppBillingService in 11000ms for connection
01-29 06:35:14.421  1881  1927 W ActivityManager: Scheduling restart of crashed service com.android.vending/com.google.android.finsky.externalreferrer.GetInstallReferrerService in 21000ms for connection
01-29 06:35:14.422  1881  2214 D DisplayManagerService: Drop pending events for gone uid 10185
01-29 06:35:15.425  1881  2237 D CompatibilityChangeReporter: Compat change id reported: 135634846; UID 10185; state: DISABLED
01-29 06:35:15.426  1881  2237 D CompatibilityChangeReporter: Compat change id reported: 177438394; UID 10185; state: DISABLED
01-29 06:35:15.426  1881  2237 D CompatibilityChangeReporter: Compat change id reported: 135772972; UID 10185; state: DISABLED
01-29 06:35:15.426  1881  2237 D CompatibilityChangeReporter: Compat change id reported: 135754954; UID 10185; state: ENABLED
01-29 06:35:15.427  1881  2241 D CompatibilityChangeReporter: Compat change id reported: 143937733; UID 10185; state: ENABLED
01-29 06:35:15.442  1881  2241 I ActivityManager: Start proc 27065:com.android.vending/u0a185 for service {com.android.vending/com.google.android.finsky.installservice.DevTriggeredUpdateService}
01-29 06:35:15.486  1881  1927 D CompatibilityChangeReporter: Compat change id reported: 168419799; UID 10185; state: DISABLED
01-29 06:35:15.486  1881  1927 D CompatibilityChangeReporter: Compat change id reported: 273564678; UID 10185; state: DISABLED
01-29 06:35:15.491  1881  2491 D CompatibilityChangeReporter: Compat change id reported: 265195908; UID 10185; state: ENABLED
01-29 06:35:15.494  1881  6430 D CompatibilityChangeReporter: Compat change id reported: 170503758; UID 10185; state: ENABLED
01-29 06:35:15.712  1881  2941 D CompatibilityChangeReporter: Compat change id reported: 161145287; UID 10185; state: ENABLED
01-29 06:35:15.797  1881  1927 I ActivityManager: Flag disabled. Ignoring finishAttachApplication from uid: 10185. pid: 27065
01-29 06:35:15.806  1881  2941 D ActivityManager: sync unfroze 22115 com.google.process.gservices for 7
01-29 06:35:15.815  1881  2941 D ActivityManager: sync unfroze 22168 com.google.process.gapps for 7
01-29 06:35:15.874  1881  2941 D CompatibilityChangeReporter: Compat change id reported: 319212206; UID 10185; state: ENABLED
01-29 06:35:15.926  1881  2941 D ActivityManager: sync unfroze 26825 com.google.android.gms for 4
01-29 06:35:15.928  1881  2941 W ProcessStats: Tracking association SourceState{6772a43 com.android.vending/10185 Receivr #164302} whose proc state 10 is better than process ProcessState{7429adc com.google.android.gms/10192 pkg=com.google.android.gms} proc state 14 (11 skipped)
01-29 06:35:25.916  1881  2505 D ActivityManager: freezing 22115 com.google.process.gservices
01-29 06:35:25.917  1881  2505 D ActivityManager: freezing 22168 com.google.process.gapps
01-29 06:35:25.986  1881  2505 D ActivityManager: freezing 27065 com.android.vending
01-29 06:35:38.998  2658  3817 D PowerUI : can't show warning due to - plugged: true status unknown: false
01-29 06:35:47.765  1881  2505 D ActivityManager: freezing 26825 com.google.android.gms
01-29 06:36:15.985  1881  2237 I ActivityManager: Killing 27065:com.android.vending/u0a185 (adj 905): cached idle & background restricted
01-29 06:36:16.055  1881  2944 W ActivityManager: Scheduling restart of crashed service com.android.vending/com.google.android.finsky.installservice.DevTriggeredUpdateService in 1000ms for connection
01-29 06:36:16.055  1881  2944 W ActivityManager: Scheduling restart of crashed service com.android.vending/com.google.android.finsky.billing.iab.InAppBillingService in 11000ms for connection
01-29 06:36:16.055  1881  2944 W ActivityManager: Scheduling restart of crashed service com.android.vending/com.google.android.finsky.externalreferrer.GetInstallReferrerService in 21000ms for connection
01-29 06:36:16.056  1881  2214 D DisplayManagerService: Drop pending events for gone uid 10185
01-29 06:36:17.061  1881  2237 D CompatibilityChangeReporter: Compat change id reported: 135634846; UID 10185; state: DISABLED
01-29 06:36:17.062  1881  2237 D CompatibilityChangeReporter: Compat change id reported: 177438394; UID 10185; state: DISABLED
01-29 06:36:17.062  1881  2237 D CompatibilityChangeReporter: Compat change id reported: 135772972; UID 10185; state: DISABLED
01-29 06:36:17.062  1881  2237 D CompatibilityChangeReporter: Compat change id reported: 135754954; UID 10185; state: ENABLED
01-29 06:36:17.064  1881  2241 D CompatibilityChangeReporter: Compat change id reported: 143937733; UID 10185; state: ENABLED
01-29 06:36:17.078  1881  2241 I ActivityManager: Start proc 27183:com.android.vending/u0a185 for service {com.android.vending/com.google.android.finsky.installservice.DevTriggeredUpdateService}
01-29 06:36:17.122  1881  6430 D CompatibilityChangeReporter: Compat change id reported: 168419799; UID 10185; state: DISABLED
01-29 06:36:17.123  1881  6430 D CompatibilityChangeReporter: Compat change id reported: 273564678; UID 10185; state: DISABLED
01-29 06:36:17.131  1881  6430 D CompatibilityChangeReporter: Compat change id reported: 170503758; UID 10185; state: ENABLED
01-29 06:36:17.384  1881  6430 I ActivityManager: Flag disabled. Ignoring finishAttachApplication from uid: 10185. pid: 27183
01-29 06:36:17.399  1881  6635 D ActivityManager: sync unfroze 22115 com.google.process.gservices for 7
01-29 06:36:17.411  1881  6635 D ActivityManager: sync unfroze 22168 com.google.process.gapps for 7
01-29 06:36:17.505  1881  2944 D CompatibilityChangeReporter: Compat change id reported: 319212206; UID 10185; state: ENABLED
01-29 06:36:17.569  1881  2758 D CompatibilityChangeReporter: Compat change id reported: 261072174; UID 10185; state: ENABLED
01-29 06:36:27.515  1881  2505 D ActivityManager: freezing 22115 com.google.process.gservices
01-29 06:36:27.516  1881  2505 D ActivityManager: freezing 22168 com.google.process.gapps
01-29 06:36:27.567  1881  2505 D ActivityManager: freezing 27183 com.android.vending
01-29 06:36:34.056  1881  2758 D CompatibilityChangeReporter: Compat change id reported: 218533173; UID 10192; state: ENABLED
01-29 06:36:34.091  1881  2237 D ActivityManager: sync unfroze 3134 com.google.android.gm for 3
01-29 06:36:34.127  1881  2291 D ActivityManager: pid 26825 com.google.android.gms received sync transactions while frozen, killing
01-29 06:36:34.127  1881  2291 I ActivityManager: Killing 26825:com.google.android.gms/u0a192 (adj 0): Sync transaction while in frozen state
01-29 06:36:34.156  1881  6635 W ActivityManager: Scheduling restart of crashed service com.google.android.gms/.measurement.service.MeasurementBrokerService in 1000ms for connection
01-29 06:36:34.157  1881  6635 W ActivityManager: Scheduling restart of crashed service com.google.android.gms/.icing.service.AppIndexingService in 11000ms for connection
01-29 06:36:34.157  1881  6635 W ActivityManager: Scheduling restart of crashed service com.google.android.gms/.chimera.GmsBoundBrokerService in 21000ms for connection
01-29 06:36:34.157  1881  6635 W ActivityManager: Scheduling restart of crashed service com.google.android.gms/.chimera.GmsApiService in 30999ms for connection
01-29 06:36:34.157  1881  6635 W ActivityManager: Scheduling restart of crashed service com.google.android.gms/.ads.identifier.service.AdvertisingIdService in 40999ms for connection
01-29 06:36:34.354  1881  2491 D ActivityManager: sync unfroze 14814 com.google.android.apps.turbo for 6
01-29 06:36:34.379  1881  6677 D ActivityManager: sync unfroze 28159 com.google.android.inputmethod.latin:train for 6
01-29 06:36:34.411  1881  3188 D ActivityManager: sync unfroze 31631 com.google.android.gms.unstable for 6
01-29 06:36:35.159  1881  2237 D CompatibilityChangeReporter: Compat change id reported: 135634846; UID 10192; state: DISABLED
01-29 06:36:35.160  1881  2237 D CompatibilityChangeReporter: Compat change id reported: 177438394; UID 10192; state: DISABLED
01-29 06:36:35.160  1881  2237 D CompatibilityChangeReporter: Compat change id reported: 135772972; UID 10192; state: DISABLED
01-29 06:36:35.160  1881  2237 D CompatibilityChangeReporter: Compat change id reported: 135754954; UID 10192; state: ENABLED
01-29 06:36:35.161  1881  2241 D CompatibilityChangeReporter: Compat change id reported: 143937733; UID 10192; state: ENABLED
01-29 06:36:35.173  1881  2241 I ActivityManager: Start proc 27347:com.google.android.gms/u0a192 for service {com.google.android.gms/com.google.android.gms.measurement.service.MeasurementBrokerService}
01-29 06:36:35.195  1881  6635 D CompatibilityChangeReporter: Compat change id reported: 168419799; UID 10192; state: DISABLED
01-29 06:36:35.195  1881  6635 D CompatibilityChangeReporter: Compat change id reported: 273564678; UID 10192; state: DISABLED
01-29 06:36:35.201  1881  6635 D CompatibilityChangeReporter: Compat change id reported: 170503758; UID 10192; state: ENABLED
01-29 06:36:35.407  1881  2291 D ActivityManager: sync unfroze 22115 com.google.process.gservices for 7
01-29 06:36:35.427  1881  3188 D CompatibilityChangeReporter: Compat change id reported: 161145287; UID 10192; state: ENABLED
01-29 06:36:35.541  1881  6635 I ActivityManager: Flag disabled. Ignoring finishAttachApplication from uid: 10192. pid: 27347
01-29 06:36:35.894  1881  2291 W ProcessStats: Tracking association SourceState{10358ad com.google.android.gms/10192 BFgs #164425} whose proc state 4 is better than process ProcessState{cfc8d47 com.google.process.gservices/10192 pkg=com.google.android.gsf} proc state 6 (4 skipped)
01-29 06:36:36.229  1881  2291 D ActivityManager: sync unfroze 32187 android.process.acore for 7
01-29 06:36:37.286 27347 27387 E ActivityThread: Failed to find provider info for gmail-ofls
01-29 06:36:37.293 27347 27387 E ActivityThread: Failed to find provider info for gmail-ofls
01-29 06:36:38.369 27347 27387 E ActivityThread: Failed to find provider info for gmail-ofls
01-29 06:36:38.374 27347 27387 E ActivityThread: Failed to find provider info for gmail-ofls
01-29 06:36:38.974  2658  3221 D PowerUI : can't show warning due to - plugged: true status unknown: false
01-29 06:36:44.394  1881  2505 D ActivityManager: freezing 14814 com.google.android.apps.turbo
01-29 06:36:49.148  1881  2291 W ProcessStats: Tracking association SourceState{4845c2d com.google.android.gms.persistent/10192 BFgs #164473} whose proc state 4 is better than process ProcessState{7429adc com.google.android.gms/10192 pkg=com.google.android.gms} proc state 8 (174 skipped)
01-29 06:36:50.852  1881  2505 D ActivityManager: freezing 31631 com.google.android.gms.unstable
01-29 06:36:54.095  1881  2505 D ActivityManager: freezing 3134 com.google.android.gm
01-29 06:37:03.442  1881  2505 D ActivityManager: freezing 27347 com.google.android.gms
01-29 06:37:17.567  1881  2237 I ActivityManager: Killing 27183:com.android.vending/u0a185 (adj 905): cached idle & background restricted
01-29 06:37:17.643  1881  6635 W ActivityManager: Scheduling restart of crashed service com.android.vending/com.google.android.finsky.installservice.DevTriggeredUpdateService in 1000ms for connection
01-29 06:37:17.644  1881  6635 W ActivityManager: Scheduling restart of crashed service com.android.vending/com.google.android.finsky.billing.iab.InAppBillingService in 11000ms for connection
01-29 06:37:17.644  1881  6635 W ActivityManager: Scheduling restart of crashed service com.android.vending/com.google.android.finsky.externalreferrer.GetInstallReferrerService in 20999ms for connection
01-29 06:37:17.644  1881  2214 D DisplayManagerService: Drop pending events for gone uid 10185
01-29 06:37:18.649  1881  2237 D CompatibilityChangeReporter: Compat change id reported: 135634846; UID 10185; state: DISABLED
01-29 06:37:18.649  1881  2237 D CompatibilityChangeReporter: Compat change id reported: 177438394; UID 10185; state: DISABLED
01-29 06:37:18.649  1881  2237 D CompatibilityChangeReporter: Compat change id reported: 135772972; UID 10185; state: DISABLED
01-29 06:37:18.650  1881  2237 D CompatibilityChangeReporter: Compat change id reported: 135754954; UID 10185; state: ENABLED
01-29 06:37:18.651  1881  2241 D CompatibilityChangeReporter: Compat change id reported: 143937733; UID 10185; state: ENABLED
01-29 06:37:18.664  1881  2241 I ActivityManager: Start proc 27419:com.android.vending/u0a185 for service {com.android.vending/com.google.android.finsky.installservice.DevTriggeredUpdateService}
01-29 06:37:18.709  1881  2731 D CompatibilityChangeReporter: Compat change id reported: 168419799; UID 10185; state: DISABLED
01-29 06:37:18.709  1881  2731 D CompatibilityChangeReporter: Compat change id reported: 273564678; UID 10185; state: DISABLED
01-29 06:37:18.715  1881  2491 D CompatibilityChangeReporter: Compat change id reported: 265195908; UID 10185; state: ENABLED
01-29 06:37:18.718  1881  6635 D CompatibilityChangeReporter: Compat change id reported: 170503758; UID 10185; state: ENABLED
01-29 06:37:18.889  1881  7341 D CompatibilityChangeReporter: Compat change id reported: 161145287; UID 10185; state: ENABLED
01-29 06:37:18.957  1881  7353 I ActivityManager: Flag disabled. Ignoring finishAttachApplication from uid: 10185. pid: 27419
01-29 06:37:18.997  1881  7353 D ActivityManager: sync unfroze 22168 com.google.process.gapps for 7
01-29 06:37:19.073  1881  7353 D CompatibilityChangeReporter: Compat change id reported: 319212206; UID 10185; state: ENABLED
01-29 06:37:27.692  1881  2505 D ActivityManager: freezing 32187 android.process.acore
01-29 06:37:29.133  1881  2505 D ActivityManager: freezing 27419 com.android.vending
01-29 06:37:29.134  1881  2505 D ActivityManager: freezing 22168 com.google.process.gapps
01-29 06:37:29.134  1881  2505 D ActivityManager: freezing 22115 com.google.process.gservices
01-29 06:37:38.995  2658  3711 D PowerUI : can't show warning due to - plugged: true status unknown: false
01-29 06:38:19.135  1881  2237 I ActivityManager: Killing 27419:com.android.vending/u0a185 (adj 905): cached idle & background restricted
01-29 06:38:19.207  1881  2291 W ActivityManager: Scheduling restart of crashed service com.android.vending/com.google.android.finsky.installservice.DevTriggeredUpdateService in 1000ms for connection
01-29 06:38:19.207  1881  2291 W ActivityManager: Scheduling restart of crashed service com.android.vending/com.google.android.finsky.billing.iab.InAppBillingService in 11000ms for connection
01-29 06:38:19.208  1881  2291 W ActivityManager: Scheduling restart of crashed service com.android.vending/com.google.android.finsky.externalreferrer.GetInstallReferrerService in 21000ms for connection
01-29 06:38:19.208  1881  2214 D DisplayManagerService: Drop pending events for gone uid 10185
01-29 06:38:20.213  1881  2237 D CompatibilityChangeReporter: Compat change id reported: 135634846; UID 10185; state: DISABLED
01-29 06:38:20.214  1881  2237 D CompatibilityChangeReporter: Compat change id reported: 177438394; UID 10185; state: DISABLED
01-29 06:38:20.214  1881  2237 D CompatibilityChangeReporter: Compat change id reported: 135772972; UID 10185; state: DISABLED
01-29 06:38:20.214  1881  2237 D CompatibilityChangeReporter: Compat change id reported: 135754954; UID 10185; state: ENABLED
01-29 06:38:20.215  1881  2241 D CompatibilityChangeReporter: Compat change id reported: 143937733; UID 10185; state: ENABLED
01-29 06:38:20.229  1881  2241 I ActivityManager: Start proc 27542:com.android.vending/u0a185 for service {com.android.vending/com.google.android.finsky.installservice.DevTriggeredUpdateService}
01-29 06:38:20.273  1881  7340 D CompatibilityChangeReporter: Compat change id reported: 168419799; UID 10185; state: DISABLED
01-29 06:38:20.274  1881  7340 D CompatibilityChangeReporter: Compat change id reported: 273564678; UID 10185; state: DISABLED
01-29 06:38:20.282  1881  7340 D CompatibilityChangeReporter: Compat change id reported: 170503758; UID 10185; state: ENABLED
01-29 06:38:20.463  1881  7340 D CompatibilityChangeReporter: Compat change id reported: 161145287; UID 10185; state: ENABLED
01-29 06:38:20.540  1881  7340 I ActivityManager: Flag disabled. Ignoring finishAttachApplication from uid: 10185. pid: 27542
01-29 06:38:20.576  1881  7340 D ActivityManager: sync unfroze 22115 com.google.process.gservices for 7
01-29 06:38:20.586  1881  7353 D ActivityManager: sync unfroze 22168 com.google.process.gapps for 7
01-29 06:38:20.657  1881  7340 D CompatibilityChangeReporter: Compat change id reported: 319212206; UID 10185; state: ENABLED
01-29 06:38:30.730  1881  2505 D ActivityManager: freezing 27542 com.android.vending
01-29 06:38:30.732  1881  2505 D ActivityManager: freezing 22168 com.google.process.gapps
01-29 06:38:30.733  1881  2505 D ActivityManager: freezing 22115 com.google.process.gservices
01-29 06:38:38.995  2658  3818 D PowerUI : can't show warning due to - plugged: true status unknown: false
01-29 06:39:20.682  1881  2237 I ActivityManager: Killing 27542:com.android.vending/u0a185 (adj 905): cached idle & background restricted
01-29 06:39:20.753  1881  7353 W ActivityManager: Scheduling restart of crashed service com.android.vending/com.google.android.finsky.installservice.DevTriggeredUpdateService in 1000ms for connection
01-29 06:39:20.753  1881  7353 W ActivityManager: Scheduling restart of crashed service com.android.vending/com.google.android.finsky.billing.iab.InAppBillingService in 11000ms for connection
01-29 06:39:20.753  1881  7353 W ActivityManager: Scheduling restart of crashed service com.android.vending/com.google.android.finsky.externalreferrer.GetInstallReferrerService in 21000ms for connection
01-29 06:39:20.754  1881  2214 D DisplayManagerService: Drop pending events for gone uid 10185
01-29 06:39:21.758  1881  2237 D CompatibilityChangeReporter: Compat change id reported: 135634846; UID 10185; state: DISABLED
01-29 06:39:21.758  1881  2237 D CompatibilityChangeReporter: Compat change id reported: 177438394; UID 10185; state: DISABLED
01-29 06:39:21.758  1881  2237 D CompatibilityChangeReporter: Compat change id reported: 135772972; UID 10185; state: DISABLED
01-29 06:39:21.758  1881  2237 D CompatibilityChangeReporter: Compat change id reported: 135754954; UID 10185; state: ENABLED
01-29 06:39:21.759  1881  2241 D CompatibilityChangeReporter: Compat change id reported: 143937733; UID 10185; state: ENABLED
01-29 06:39:21.772  1881  2241 I ActivityManager: Start proc 27654:com.android.vending/u0a185 for service {com.android.vending/com.google.android.finsky.installservice.DevTriggeredUpdateService}
01-29 06:39:21.795  1881  7353 D CompatibilityChangeReporter: Compat change id reported: 168419799; UID 10185; state: DISABLED
01-29 06:39:21.795  1881  7353 D CompatibilityChangeReporter: Compat change id reported: 273564678; UID 10185; state: DISABLED
01-29 06:39:21.802  1881  7353 D CompatibilityChangeReporter: Compat change id reported: 170503758; UID 10185; state: ENABLED
01-29 06:39:21.985  1881  7342 D CompatibilityChangeReporter: Compat change id reported: 161145287; UID 10185; state: ENABLED
01-29 06:39:22.057  1881  7353 I ActivityManager: Flag disabled. Ignoring finishAttachApplication from uid: 10185. pid: 27654
01-29 06:39:22.073  1881  6677 D ActivityManager: sync unfroze 22115 com.google.process.gservices for 7
01-29 06:39:22.083  1881  7353 D ActivityManager: sync unfroze 22168 com.google.process.gapps for 7
01-29 06:39:22.183  1881  6677 D CompatibilityChangeReporter: Compat change id reported: 319212206; UID 10185; state: ENABLED
01-29 06:39:22.189  1881  6677 D ActivityManager: pid 27347 com.google.android.gms received sync transactions while frozen, killing
01-29 06:39:22.189  1881  6677 I ActivityManager: Killing 27347:com.google.android.gms/u0a192 (adj 100): Sync transaction while in frozen state
01-29 06:39:22.191  1881  6677 W ProcessStats: Tracking association SourceState{6772a43 com.android.vending/10185 Receivr #164577} whose proc state 10 is better than process ProcessState{7429adc com.google.android.gms/10192 pkg=com.google.android.gms} proc state 14 (25 skipped)
01-29 06:39:22.233  1881  2943 W ActivityManager: Scheduling restart of crashed service com.google.android.gms/.measurement.service.MeasurementBrokerService in 1000ms for connection
01-29 06:39:22.233  1881  2943 W ActivityManager: Scheduling restart of crashed service com.google.android.gms/.chimera.GmsBoundBrokerService in 11000ms for connection
01-29 06:39:22.233  1881  2943 W ActivityManager: Scheduling restart of crashed service com.google.android.gms/.chimera.GmsApiService in 21000ms for connection
01-29 06:39:22.233  1881  2943 W ActivityManager: Scheduling restart of crashed service com.google.android.gms/.ads.identifier.service.AdvertisingIdService in 31000ms for connection
01-29 06:39:23.237  1881  2237 D CompatibilityChangeReporter: Compat change id reported: 135634846; UID 10192; state: DISABLED
01-29 06:39:23.238  1881  2237 D CompatibilityChangeReporter: Compat change id reported: 177438394; UID 10192; state: DISABLED
01-29 06:39:23.238  1881  2237 D CompatibilityChangeReporter: Compat change id reported: 135772972; UID 10192; state: DISABLED
01-29 06:39:23.238  1881  2237 D CompatibilityChangeReporter: Compat change id reported: 135754954; UID 10192; state: ENABLED
01-29 06:39:23.240  1881  2241 D CompatibilityChangeReporter: Compat change id reported: 143937733; UID 10192; state: ENABLED
01-29 06:39:23.253  1881  2241 I ActivityManager: Start proc 27761:com.google.android.gms/u0a192 for service {com.google.android.gms/com.google.android.gms.measurement.service.MeasurementBrokerService}
01-29 06:39:23.274  1881  6677 D CompatibilityChangeReporter: Compat change id reported: 168419799; UID 10192; state: DISABLED
01-29 06:39:23.274  1881  6677 D CompatibilityChangeReporter: Compat change id reported: 273564678; UID 10192; state: DISABLED
01-29 06:39:23.283  1881  6677 D CompatibilityChangeReporter: Compat change id reported: 170503758; UID 10192; state: ENABLED
01-29 06:39:23.418  1881  2943 D CompatibilityChangeReporter: Compat change id reported: 161145287; UID 10192; state: ENABLED
01-29 06:39:23.492  1881  2943 I ActivityManager: Flag disabled. Ignoring finishAttachApplication from uid: 10192. pid: 27761
01-29 06:39:28.567  1881  2943 D CompatibilityChangeReporter: Compat change id reported: 171306433; UID 10192; state: ENABLED
01-29 06:39:28.567  1881  2943 D CompatibilityChangeReporter: Compat change id reported: 218533173; UID 10192; state: ENABLED
01-29 06:39:28.588  1881  2237 D ActivityManager: pid 15426 com.amazon.mShop.android.shopping received sync transactions while frozen, killing
01-29 06:39:28.588  1881  2237 I ActivityManager: Killing 15426:com.amazon.mShop.android.shopping/u0a265 (adj 955): Sync transaction while in frozen state
01-29 06:39:28.590  1881  2237 W ActivityManager: ProcessRecord{39327ce 15426:com.amazon.mShop.android.shopping/u0a265} is attached to a previous process
01-29 06:39:28.591  1881  2237 W ActivityManager: Existing proc ProcessRecord{39327ce 15426:com.amazon.mShop.android.shopping/u0a265} was killed 2ms ago when adding ProcessRecord{19554f2 0:com.amazon.mShop.android.shopping/u0a265}
01-29 06:39:28.591  1881  2214 D DisplayManagerService: Drop pending events for gone uid 10265
01-29 06:39:28.592  1881  2237 D CompatibilityChangeReporter: Compat change id reported: 135634846; UID 10265; state: DISABLED
01-29 06:39:28.592  1881  2237 D CompatibilityChangeReporter: Compat change id reported: 177438394; UID 10265; state: DISABLED
01-29 06:39:28.592  1881  2237 D CompatibilityChangeReporter: Compat change id reported: 135772972; UID 10265; state: DISABLED
01-29 06:39:28.592  1881  2237 D CompatibilityChangeReporter: Compat change id reported: 135754954; UID 10265; state: ENABLED
01-29 06:39:28.636  1881  2241 D CompatibilityChangeReporter: Compat change id reported: 143937733; UID 10265; state: ENABLED
01-29 06:39:28.644  1881  2241 W ActivityManager: Slow operation: 53ms so far, now at startProcess: returned from zygote!
01-29 06:39:28.648  1881  2241 W ActivityManager: Slow operation: 57ms so far, now at startProcess: done updating battery stats
01-29 06:39:28.648  1881  2241 W ActivityManager: Slow operation: 57ms so far, now at startProcess: building log message
01-29 06:39:28.648  1881  2241 I ActivityManager: Start proc 27806:com.amazon.mShop.android.shopping/u0a265 for broadcast {com.amazon.mShop.android.shopping/com.google.firebase.iid.FirebaseInstanceIdReceiver}
01-29 06:39:28.648  1881  2241 W ActivityManager: Slow operation: 57ms so far, now at startProcess: starting to update pids map
01-29 06:39:28.648  1881  2241 W ActivityManager: Slow operation: 57ms so far, now at startProcess: done updating pids map
01-29 06:39:28.670  1881  2943 D CompatibilityChangeReporter: Compat change id reported: 168419799; UID 10265; state: DISABLED
01-29 06:39:28.670  1881  2943 D CompatibilityChangeReporter: Compat change id reported: 273564678; UID 10265; state: DISABLED
01-29 06:39:28.683  1881  7341 D CompatibilityChangeReporter: Compat change id reported: 170503758; UID 10265; state: ENABLED
01-29 06:39:28.740  1881  2237 D ActivityManager: sync unfroze 25225 com.google.android.apps.fitness for 3
01-29 06:39:29.220  1881  2943 D CompatibilityChangeReporter: Compat change id reported: 154726397; UID 10265; state: ENABLED
01-29 06:39:29.315  1881  7342 D ActivityManager: sync unfroze 13538 com.google.android.webview:webview_service for 6
01-29 06:39:29.330  1881  7337 I ActivityManager: Flag disabled. Ignoring finishAttachApplication from uid: 10265. pid: 27806
01-29 06:39:29.367  1881  2943 D CompatibilityChangeReporter: Compat change id reported: 161145287; UID 10265; state: ENABLED
01-29 06:39:29.383  1881  2943 D CompatibilityChangeReporter: Compat change id reported: 253665015; UID 10265; state: ENABLED
01-29 06:39:29.383  1881  2943 D CompatibilityChangeReporter: Compat change id reported: 194532703; UID 10265; state: ENABLED
01-29 06:39:29.548  1881  2491 D ActivityManager: sync unfroze 3808 com.google.android.as.oss for 6
01-29 06:39:29.576  1881  2943 W JobScheduler: Job didn't exist in JobStore: 61fa9f4 #u0a213/352821670 com.google.android.inputmethod.latin/com.google.android.gms.learning.internal.training.InAppJobService
01-29 06:39:29.582  1881  2943 W JobScheduler: Job didn't exist in JobStore: 6d0d176 #u0a213/-1314051931 com.google.android.inputmethod.latin/com.google.android.gms.learning.internal.training.InAppJobService
01-29 06:39:29.586  1881  2943 W JobScheduler: Job didn't exist in JobStore: 58bb013 #u0a213/-987264619 com.google.android.inputmethod.latin/com.google.android.gms.learning.internal.training.InAppJobService
01-29 06:39:29.600  1881  7342 W JobScheduler: Job didn't exist in JobStore: ffc0836 #u0a213/-1018740802 com.google.android.inputmethod.latin/com.google.android.gms.learning.internal.training.InAppJobService
01-29 06:39:29.602  1881  2943 D ActivityManager: sync unfroze 9439 com.google.android.as.oss:learning_bg for 6
01-29 06:39:29.611  1881  2491 D CompatibilityChangeReporter: Compat change id reported: 265195908; UID 10265; state: ENABLED
01-29 06:39:29.834   650  9206 W keystore2: system/security/keystore2/src/remote_provisioning.rs:102 - Error occurred: system/security/keystore2/src/rkpd_client.rs:226: Trying to get to IRegistration service.
01-29 06:39:29.834   650  9206 W keystore2: 
01-29 06:39:29.834   650  9206 W keystore2: Caused by:
01-29 06:39:29.834   650  9206 W keystore2:     0: system/security/keystore2/src/rkpd_client.rs:120: Trying to get IRPC name.
01-29 06:39:29.834   650  9206 W keystore2:     1: system/security/keystore2/src/globals.rs:440
01-29 06:39:29.834   650  9206 W keystore2:     2: Error::Km(r#HARDWARE_TYPE_UNAVAILABLE)
01-29 06:39:29.993  1881  2943 D CompatibilityChangeReporter: Compat change id reported: 261072174; UID 10265; state: ENABLED
01-29 06:39:30.533  1881  6677 D CompatibilityChangeReporter: Compat change id reported: 135634846; UID 10289; state: DISABLED
01-29 06:39:30.533  1881  6677 D CompatibilityChangeReporter: Compat change id reported: 177438394; UID 10289; state: DISABLED
01-29 06:39:30.533  1881  6677 D CompatibilityChangeReporter: Compat change id reported: 135772972; UID 10289; state: DISABLED
01-29 06:39:30.534  1881  2241 D CompatibilityChangeReporter: Compat change id reported: 143937733; UID 10289; state: ENABLED
01-29 06:39:30.541  1881  2241 I ActivityManager: Start proc 28095:com.amazon.kindle/u0a289 for content provider {com.amazon.kindle/com.amazon.kindle.map.StandaloneMAPInformationProvider}
01-29 06:39:30.564  1881  6677 D CompatibilityChangeReporter: Compat change id reported: 168419799; UID 10289; state: DISABLED
01-29 06:39:30.564  1881  6677 D CompatibilityChangeReporter: Compat change id reported: 273564678; UID 10289; state: DISABLED
01-29 06:39:30.567  1881  2491 D CompatibilityChangeReporter: Compat change id reported: 265195908; UID 10289; state: ENABLED
01-29 06:39:30.574  1881  6677 D CompatibilityChangeReporter: Compat change id reported: 170503758; UID 10289; state: ENABLED
01-29 06:39:30.733  1881  1926 W JobScheduler: Job didn't exist in JobStore: 45967ba #u0a430/-578294288 com.google.android.as.oss/com.google.android.gms.learning.internal.training.InAppJobService
01-29 06:39:31.402  1881  1926 D CompatibilityChangeReporter: Compat change id reported: 261072174; UID 10289; state: ENABLED
01-29 06:39:31.508  1881  6677 D CompatibilityChangeReporter: Compat change id reported: 154726397; UID 10289; state: ENABLED
01-29 06:39:31.784  1881  6677 D CompatibilityChangeReporter: Compat change id reported: 161145287; UID 10289; state: ENABLED
01-29 06:39:31.847  1881  7341 W BackupManagerService: [UserID:0] dataChanged but no participant pkg='com.amazon.kindle' uid=10289
01-29 06:39:31.848  1881  7341 W BackupManagerService: [UserID:0] dataChanged but no participant pkg='com.amazon.kindle' uid=10289
01-29 06:39:31.904  1881  7341 W BackupManagerService: [UserID:0] dataChanged but no participant pkg='com.amazon.kindle' uid=10289
01-29 06:39:31.904  1881  1926 W BackupManagerService: [UserID:0] dataChanged but no participant pkg='com.amazon.kindle' uid=10289
01-29 06:39:31.905  1881  1926 W BackupManagerService: [UserID:0] dataChanged but no participant pkg='com.amazon.kindle' uid=10289
01-29 06:39:31.905  1881  1926 W BackupManagerService: [UserID:0] dataChanged but no participant pkg='com.amazon.kindle' uid=10289
01-29 06:39:31.906  1881  1926 W BackupManagerService: [UserID:0] dataChanged but no participant pkg='com.amazon.kindle' uid=10289
01-29 06:39:31.906  1881  1926 W BackupManagerService: [UserID:0] dataChanged but no participant pkg='com.amazon.kindle' uid=10289
01-29 06:39:31.907  1881  1926 W BackupManagerService: [UserID:0] dataChanged but no participant pkg='com.amazon.kindle' uid=10289
01-29 06:39:31.907  1881  1926 W BackupManagerService: [UserID:0] dataChanged but no participant pkg='com.amazon.kindle' uid=10289
01-29 06:39:31.907  1881  1926 W BackupManagerService: [UserID:0] dataChanged but no participant pkg='com.amazon.kindle' uid=10289
01-29 06:39:31.908  1881  1926 W BackupManagerService: [UserID:0] dataChanged but no participant pkg='com.amazon.kindle' uid=10289
01-29 06:39:31.908  1881  1926 W BackupManagerService: [UserID:0] dataChanged but no participant pkg='com.amazon.kindle' uid=10289
01-29 06:39:31.908  1881  1926 W BackupManagerService: [UserID:0] dataChanged but no participant pkg='com.amazon.kindle' uid=10289
01-29 06:39:31.937  1881  6677 D CompatibilityChangeReporter: Compat change id reported: 319212206; UID 10289; state: ENABLED
01-29 06:39:32.201  1881  2505 D ActivityManager: freezing 27654 com.android.vending
01-29 06:39:32.201  1881  2505 D ActivityManager: Reschedule freeze for process 27654 com.android.vending (outstanding txns), timeout=2189
01-29 06:39:32.202  1881  2505 D ActivityManager: freezing 22168 com.google.process.gapps
01-29 06:39:32.723  1881  2935 D CompatibilityChangeReporter: Compat change id reported: 135634846; UID 10185; state: DISABLED
01-29 06:39:32.724  1881  2935 D CompatibilityChangeReporter: Compat change id reported: 177438394; UID 10185; state: DISABLED
01-29 06:39:32.724  1881  2935 D CompatibilityChangeReporter: Compat change id reported: 135772972; UID 10185; state: DISABLED
01-29 06:39:32.724  1881  2935 D CompatibilityChangeReporter: Compat change id reported: 135754954; UID 10185; state: ENABLED
01-29 06:39:32.724  1881  2241 D CompatibilityChangeReporter: Compat change id reported: 143937733; UID 10185; state: ENABLED
01-29 06:39:32.730  1881  2935 W ProcessStats: Tracking association SourceState{763b975 com.amazon.kindle/10289 Service #164735} whose proc state 8 is better than process ProcessState{7429adc com.google.android.gms/10192 pkg=com.google.android.gms} proc state 10 (53 skipped)
01-29 06:39:32.737  1881  2241 I ActivityManager: Start proc 28273:com.android.vending:background/u0a185 for service {com.android.vending/com.google.frameworks.client.data.android.server.play.BackgroundProcessEndpointService}
01-29 06:39:32.767  1881  2935 D CompatibilityChangeReporter: Compat change id reported: 168419799; UID 10185; state: DISABLED
01-29 06:39:32.767  1881  2935 D CompatibilityChangeReporter: Compat change id reported: 273564678; UID 10185; state: DISABLED
01-29 06:39:32.771  1881  2491 D CompatibilityChangeReporter: Compat change id reported: 265195908; UID 10185; state: ENABLED
01-29 06:39:32.775  1881  2943 D CompatibilityChangeReporter: Compat change id reported: 170503758; UID 10185; state: ENABLED
01-29 06:39:33.499  1881  2935 D CompatibilityChangeReporter: Compat change id reported: 161145287; UID 10185; state: ENABLED
01-29 06:39:33.506  1881  2935 I ActivityManager: Flag disabled. Ignoring finishAttachApplication from uid: 10185. pid: 28273
01-29 06:39:33.574  1881  2943 W BackupManagerService: [UserID:0] dataChanged but no participant pkg='com.amazon.kindle' uid=10289
01-29 06:39:33.590  1881  2943 W BackupManagerService: [UserID:0] dataChanged but no participant pkg='com.amazon.kindle' uid=10289
01-29 06:39:33.678  1881  2943 I ActivityManager: Flag disabled. Ignoring finishAttachApplication from uid: 10289. pid: 28095
01-29 06:39:34.088 28095 28228 W ActivityThread: ClassLoader.getResources: The class loader returned by Thread.getContextClassLoader() may fail for processes that host multiple applications. You should explicitly specify a context class loader. For example: Thread.setContextClassLoader(getClass().getClassLoader());
01-29 06:39:34.113  1881  2935 W BackupManagerService: [UserID:0] dataChanged but no participant pkg='com.amazon.kindle' uid=10289
01-29 06:39:34.316  1881  2758 D CompatibilityChangeReporter: Compat change id reported: 161252188; UID 10185; state: DISABLED
01-29 06:39:35.249  1881  2758 D CompatibilityChangeReporter: Compat change id reported: 271850009; UID 10289; state: ENABLED
01-29 06:39:35.249  1881  2758 D CompatibilityChangeReporter: Compat change id reported: 253665015; UID 10289; state: ENABLED
01-29 06:39:35.249  1881  2758 D CompatibilityChangeReporter: Compat change id reported: 194532703; UID 10289; state: ENABLED
01-29 06:39:35.579  1881  7353 W BackupManagerService: [UserID:0] dataChanged but no participant pkg='com.amazon.kindle' uid=10289
01-29 06:39:39.016  2658  3720 D PowerUI : can't show warning due to - plugged: true status unknown: false
01-29 06:39:39.348  1881  2505 D ActivityManager: freezing 25225 com.google.android.apps.fitness
01-29 06:39:39.367  1881  2237 D ActivityManager: sync unfroze 30490 com.rachio.iro for 3
01-29 06:39:39.594  1881  2505 D ActivityManager: freezing 28159 com.google.android.inputmethod.latin:train
01-29 06:39:40.728  1881  2505 D ActivityManager: freezing 9439 com.google.android.as.oss:learning_bg
01-29 06:39:40.734  1881  2505 D ActivityManager: freezing 3808 com.google.android.as.oss
01-29 06:39:44.980   650 27968 I keystore2: system/security/keystore2/src/watchdog.rs:319 - Watchdog thread idle -> terminating. Have a great day.
01-29 06:39:46.599  1881  2505 D ActivityManager: freezing 13538 com.google.android.webview:webview_service
01-29 06:39:47.897  1881  2505 D ActivityManager: freezing 28095 com.amazon.kindle
01-29 06:39:48.141  1881  2505 D ActivityManager: freezing 22115 com.google.process.gservices
01-29 06:39:50.287  1881  2237 D ActivityManager: sync unfroze 25225 com.google.android.apps.fitness for 3
01-29 06:39:57.806  1881  2505 D ActivityManager: freezing 27761 com.google.android.gms
01-29 06:39:58.700  1881  2505 D ActivityManager: freezing 27806 com.amazon.mShop.android.shopping
01-29 06:40:00.342  1881  2505 D ActivityManager: freezing 25225 com.google.android.apps.fitness
01-29 06:40:09.393  1881  2505 D ActivityManager: freezing 30490 com.rachio.iro
01-29 06:40:09.397  1881  2505 D ActivityManager: freezing 27654 com.android.vending
01-29 06:40:09.399  1881  2505 D ActivityManager: freezing 28273 com.android.vending:background
01-29 06:40:38.994  2658  3728 D PowerUI : can't show warning due to - plugged: true status unknown: false
01-29 06:40:47.779  1881  2237 I ActivityManager: Killing 27654:com.android.vending/u0a185 (adj 905): cached idle & background restricted
01-29 06:40:47.782  1881  2237 I ActivityManager: Killing 28273:com.android.vending:background/u0a185 (adj 905): cached idle & background restricted
01-29 06:40:47.826  1881  2758 W ActivityManager: Scheduling restart of crashed service com.android.vending/com.google.frameworks.client.data.android.server.play.BackgroundProcessEndpointService in 1000ms for connection
01-29 06:40:47.839  1881  2758 W ActivityManager: Scheduling restart of crashed service com.android.vending/com.google.android.finsky.installservice.DevTriggeredUpdateService in 1000ms for connection
01-29 06:40:47.839  1881  2758 W ActivityManager: Scheduling restart of crashed service com.android.vending/com.google.android.finsky.billing.iab.InAppBillingService in 11000ms for connection
01-29 06:40:47.839  1881  2758 W ActivityManager: Scheduling restart of crashed service com.android.vending/com.google.android.finsky.externalreferrer.GetInstallReferrerService in 21000ms for connection
01-29 06:40:47.839  1881  2758 W ActivityManager: Scheduling restart of crashed service com.android.vending/com.google.android.finsky.developergroupidinfo.DeveloperGroupIdInfoService in 31000ms for connection
01-29 06:40:47.860  1881  2214 D DisplayManagerService: Drop pending events for gone uid 10185
01-29 06:40:48.843  1881  2237 D CompatibilityChangeReporter: Compat change id reported: 135634846; UID 10185; state: DISABLED
01-29 06:40:48.843  1881  2237 D CompatibilityChangeReporter: Compat change id reported: 177438394; UID 10185; state: DISABLED
01-29 06:40:48.843  1881  2237 D CompatibilityChangeReporter: Compat change id reported: 135772972; UID 10185; state: DISABLED
01-29 06:40:48.844  1881  2237 D CompatibilityChangeReporter: Compat change id reported: 135754954; UID 10185; state: ENABLED
01-29 06:40:48.845  1881  2241 D CompatibilityChangeReporter: Compat change id reported: 143937733; UID 10185; state: ENABLED
01-29 06:40:48.857  1881  2241 I ActivityManager: Start proc 28640:com.android.vending/u0a185 for service {com.android.vending/com.google.android.finsky.installservice.DevTriggeredUpdateService}
01-29 06:40:48.922  1881  6677 D CompatibilityChangeReporter: Compat change id reported: 168419799; UID 10185; state: DISABLED
01-29 06:40:48.923  1881  6677 D CompatibilityChangeReporter: Compat change id reported: 273564678; UID 10185; state: DISABLED
01-29 06:40:48.929  1881  2491 D CompatibilityChangeReporter: Compat change id reported: 265195908; UID 10185; state: ENABLED
01-29 06:40:48.937  1881  6677 D CompatibilityChangeReporter: Compat change id reported: 170503758; UID 10185; state: ENABLED
01-29 06:40:49.337  1881  7341 D CompatibilityChangeReporter: Compat change id reported: 161145287; UID 10185; state: ENABLED
01-29 06:40:49.420  1881  7341 I ActivityManager: Flag disabled. Ignoring finishAttachApplication from uid: 10185. pid: 28640
01-29 06:40:49.433  1881  7341 D ActivityManager: sync unfroze 22115 com.google.process.gservices for 7
01-29 06:40:49.471  1881  6677 D ActivityManager: sync unfroze 22168 com.google.process.gapps for 7
01-29 06:40:49.529  1881  2758 D ActivityManager: sync unfroze 27761 com.google.android.gms for 4
01-29 06:40:49.530  1881  2758 W ProcessStats: Tracking association SourceState{6772a43 com.android.vending/10185 Receivr #164869} whose proc state 10 is better than process ProcessState{7429adc com.google.android.gms/10192 pkg=com.google.android.gms} proc state 14 (49 skipped)
01-29 06:40:49.544  1881  7341 D CompatibilityChangeReporter: Compat change id reported: 319212206; UID 10185; state: ENABLED
01-29 06:40:51.098  1881  7337 D CompatibilityChangeReporter: Compat change id reported: 161252188; UID 10192; state: DISABLED
01-29 06:41:00.137  1881  2758 D CompatibilityChangeReporter: Compat change id reported: 135634846; UID 10185; state: DISABLED
01-29 06:41:00.137  1881  2758 D CompatibilityChangeReporter: Compat change id reported: 177438394; UID 10185; state: DISABLED
01-29 06:41:00.137  1881  2758 D CompatibilityChangeReporter: Compat change id reported: 135772972; UID 10185; state: DISABLED
01-29 06:41:00.137  1881  2758 D CompatibilityChangeReporter: Compat change id reported: 135754954; UID 10185; state: ENABLED
01-29 06:41:00.138  1881  2241 D CompatibilityChangeReporter: Compat change id reported: 143937733; UID 10185; state: ENABLED
01-29 06:41:00.148  1881  2241 I ActivityManager: Start proc 28760:com.android.vending:background/u0a185 for service {com.android.vending/com.google.frameworks.client.data.android.server.play.BackgroundProcessEndpointService}
01-29 06:41:00.169  1881  2758 D CompatibilityChangeReporter: Compat change id reported: 168419799; UID 10185; state: DISABLED
01-29 06:41:00.169  1881  2758 D CompatibilityChangeReporter: Compat change id reported: 273564678; UID 10185; state: DISABLED
01-29 06:41:00.172  1881  2758 W ProcessStats: Tracking association SourceState{dab98bc com.android.vending/10185 BFgs #164890} whose proc state 4 is better than process ProcessState{cfc8d47 com.google.process.gservices/10192 pkg=com.google.android.gsf} proc state 13 (31 skipped)
01-29 06:41:00.389  1881  2758 I ActivityManager: Flag disabled. Ignoring finishAttachApplication from uid: 10185. pid: 28760
01-29 06:41:16.305  1881  2505 D ActivityManager: freezing 27761 com.google.android.gms
01-29 06:41:16.307  1881  2505 D ActivityManager: freezing 28760 com.android.vending:background
01-29 06:41:16.308  1881  2505 D ActivityManager: freezing 28640 com.android.vending
01-29 06:41:38.994  2658  3813 D PowerUI : can't show warning due to - plugged: true status unknown: false
01-29 06:41:40.218  1881  2237 D ActivityManager: sync unfroze 28760 com.android.vending:background for 3
01-29 06:41:40.220  1881  2237 D ActivityManager: sync unfroze 28640 com.android.vending for 3
01-29 06:41:40.222  1881  2237 D ActivityManager: sync unfroze 29166 com.chibatching.worldclockwidget for 3
01-29 06:41:40.230  1881  2237 D ActivityManager: sync unfroze 17154 com.google.android.calendar for 3
01-29 06:41:40.240  1881  2237 D ActivityManager: sync unfroze 23950 com.whatsapp for 3
